Component: ARM Compiler 5.06 update 6 (build 750) Tool: armlink [4d35ed]

==============================================================================

Section Cross References

    main.o(i.app_error_fault_handler) refers to segger_rtt_printf.o(i.SEGGER_RTT_printf) for SEGGER_RTT_printf
    main.o(i.app_error_fault_handler) refers to main.o(i.on_error) for on_error
    main.o(i.app_error_fault_handler) refers to main.o(.constdata) for .constdata
    main.o(i.app_error_fault_handler) refers to main.o(.conststring) for .conststring
    main.o(i.app_error_handler) refers to segger_rtt_printf.o(i.SEGGER_RTT_printf) for SEGGER_RTT_printf
    main.o(i.app_error_handler) refers to main.o(i.on_error) for on_error
    main.o(i.app_error_handler) refers to main.o(.constdata) for .constdata
    main.o(i.app_error_handler_bare) refers to segger_rtt_printf.o(i.SEGGER_RTT_printf) for SEGGER_RTT_printf
    main.o(i.app_error_handler_bare) refers to main.o(i.on_error) for on_error
    main.o(i.app_error_handler_bare) refers to main.o(.constdata) for .constdata
    main.o(i.app_error_handler_bare) refers to main.o(.conststring) for .conststring
    main.o(i.dfu_observer) refers to boards.o(i.bsp_board_init) for bsp_board_init
    main.o(i.main) refers to nrf_bootloader_app_start_final.o(i.nrf_bootloader_flash_protect) for nrf_bootloader_flash_protect
    main.o(i.main) refers to segger_rtt_printf.o(i.SEGGER_RTT_printf) for SEGGER_RTT_printf
    main.o(i.main) refers to nrf_bootloader.o(i.nrf_bootloader_init) for nrf_bootloader_init
    main.o(i.main) refers to main.o(i.app_error_handler_bare) for app_error_handler_bare
    main.o(i.main) refers to nrf_bootloader_app_start.o(i.nrf_bootloader_app_start) for nrf_bootloader_app_start
    main.o(i.main) refers to main.o(.constdata) for .constdata
    main.o(i.main) refers to main.o(i.dfu_observer) for dfu_observer
    m_drv_spi0.o(i.nrf_gpio_cfg_input) refers to m_drv_spi0.o(i.nrf_gpio_cfg) for nrf_gpio_cfg
    m_drv_spi0.o(i.nrf_gpio_cfg_output) refers to m_drv_spi0.o(i.nrf_gpio_cfg) for nrf_gpio_cfg
    m_drv_spi0.o(i.spi0_disable_all_pins) refers to m_drv_spi0.o(i.nrf_gpio_cfg_input) for nrf_gpio_cfg_input
    m_drv_spi0.o(i.spi0_init) refers to m_drv_spi0.o(i.nrf_gpio_cfg_input) for nrf_gpio_cfg_input
    m_drv_spi0.o(i.spi0_init) refers to m_drv_spi0.o(i.nrf_gpio_cfg_output) for nrf_gpio_cfg_output
    m_drv_w25x80.o(i.disable_cs) refers to m_drv_w25x80.o(i.nrfx_coredep_delay_us) for nrfx_coredep_delay_us
    m_drv_w25x80.o(i.enable_cs) refers to m_drv_w25x80.o(i.nrfx_coredep_delay_us) for nrfx_coredep_delay_us
    m_drv_w25x80.o(i.enable_write) refers to m_drv_w25x80.o(i.write_reg) for write_reg
    m_drv_w25x80.o(i.enable_write) refers to m_drv_w25x80.o(i.get_status1) for get_status1
    m_drv_w25x80.o(i.enable_write) refers to m_drv_w25x80.o(i.nrfx_coredep_delay_us) for nrfx_coredep_delay_us
    m_drv_w25x80.o(i.erase_sector) refers to m_drv_w25x80.o(i.enable_write) for enable_write
    m_drv_w25x80.o(i.erase_sector) refers to m_drv_w25x80.o(i.enable_cs) for enable_cs
    m_drv_w25x80.o(i.erase_sector) refers to m_drv_spi0.o(i.spi0_transfer) for spi0_transfer
    m_drv_w25x80.o(i.erase_sector) refers to m_drv_w25x80.o(i.disable_cs) for disable_cs
    m_drv_w25x80.o(i.erase_sector) refers to m_drv_w25x80.o(i.get_status1) for get_status1
    m_drv_w25x80.o(i.erase_sector) refers to m_drv_w25x80.o(i.nrf_delay_ms) for nrf_delay_ms
    m_drv_w25x80.o(i.get_status1) refers to m_drv_w25x80.o(i.enable_cs) for enable_cs
    m_drv_w25x80.o(i.get_status1) refers to m_drv_spi0.o(i.spi0_transfer) for spi0_transfer
    m_drv_w25x80.o(i.get_status1) refers to m_drv_w25x80.o(i.disable_cs) for disable_cs
    m_drv_w25x80.o(i.nrf_delay_ms) refers to m_drv_w25x80.o(i.nrfx_coredep_delay_us) for nrfx_coredep_delay_us
    m_drv_w25x80.o(i.nrfx_coredep_delay_us) refers to m_drv_w25x80.o(.constdata) for .constdata
    m_drv_w25x80.o(i.read_buf) refers to m_drv_w25x80.o(i.enable_write) for enable_write
    m_drv_w25x80.o(i.read_buf) refers to m_drv_w25x80.o(i.enable_cs) for enable_cs
    m_drv_w25x80.o(i.read_buf) refers to m_drv_spi0.o(i.spi0_transfer) for spi0_transfer
    m_drv_w25x80.o(i.read_buf) refers to m_drv_w25x80.o(i.disable_cs) for disable_cs
    m_drv_w25x80.o(i.w25x80_erase_sector) refers to m_drv_w25x80.o(i.write_reg) for write_reg
    m_drv_w25x80.o(i.w25x80_erase_sector) refers to m_drv_w25x80.o(i.erase_sector) for erase_sector
    m_drv_w25x80.o(i.w25x80_erase_sector) refers to m_drv_w25x80.o(.data) for .data
    m_drv_w25x80.o(i.w25x80_init) refers to m_drv_spi0.o(i.spi0_init) for spi0_init
    m_drv_w25x80.o(i.w25x80_init) refers to m_drv_w25x80.o(i.nrf_delay_ms) for nrf_delay_ms
    m_drv_w25x80.o(i.w25x80_init) refers to m_drv_w25x80.o(i.write_reg) for write_reg
    m_drv_w25x80.o(i.w25x80_init) refers to m_drv_w25x80.o(.data) for .data
    m_drv_w25x80.o(i.w25x80_read) refers to m_drv_w25x80.o(i.write_reg) for write_reg
[...]
    __asm___12_nrf_atomic_c_85ca2469__nrf_atomic_internal_sub_hs 0x000743a9   Thumb Code    30  nrf_atomic.o(.emb_text)
    SVC_Handler                              0x000743c9   Thumb Code    20  nrf_svc_handler.o(.emb_text)
    Reset_Handler                            0x000743dd   Thumb Code     8  arm_startup_nrf52.o(.text)
    NMI_Handler                              0x000743e5   Thumb Code     2  arm_startup_nrf52.o(.text)
    HardFault_Handler                        0x000743e7   Thumb Code     2  arm_startup_nrf52.o(.text)
    MemoryManagement_Handler                 0x000743e9   Thumb Code     2  arm_startup_nrf52.o(.text)
    BusFault_Handler                         0x000743eb   Thumb Code     2  arm_startup_nrf52.o(.text)
    UsageFault_Handler                       0x000743ed   Thumb Code     2  arm_startup_nrf52.o(.text)
    DebugMon_Handler                         0x000743f1   Thumb Code     2  arm_startup_nrf52.o(.text)
    PendSV_Handler                           0x000743f3   Thumb Code     2  arm_startup_nrf52.o(.text)
    SysTick_Handler                          0x000743f5   Thumb Code     2  arm_startup_nrf52.o(.text)
    CCM_AAR_IRQHandler                       0x000743f7   Thumb Code     0  arm_startup_nrf52.o(.text)
    COMP_LPCOMP_IRQHandler                   0x000743f7   Thumb Code     0  arm_startup_nrf52.o(.text)
    ECB_IRQHandler                           0x000743f7   Thumb Code     0  arm_startup_nrf52.o(.text)
    FPU_IRQHandler                           0x000743f7   Thumb Code     0  arm_startup_nrf52.o(.text)
    GPIOTE_IRQHandler                        0x000743f7   Thumb Code     0  arm_startup_nrf52.o(.text)
    I2S_IRQHandler                           0x000743f7   Thumb Code     0  arm_startup_nrf52.o(.text)
    MWU_IRQHandler                           0x000743f7   Thumb Code     0  arm_startup_nrf52.o(.text)
    NFCT_IRQHandler                          0x000743f7   Thumb Code     0  arm_startup_nrf52.o(.text)
    PDM_IRQHandler                           0x000743f7   Thumb Code     0  arm_startup_nrf52.o(.text)
    POWER_CLOCK_IRQHandler                   0x000743f7   Thumb Code     0  arm_startup_nrf52.o(.text)
    PWM0_IRQHandler                          0x000743f7   Thumb Code     0  arm_startup_nrf52.o(.text)
    PWM1_IRQHandler                          0x000743f7   Thumb Code     0  arm_startup_nrf52.o(.text)
    PWM2_IRQHandler                          0x000743f7   Thumb Code     0  arm_startup_nrf52.o(.text)
    QDEC_IRQHandler                          0x000743f7   Thumb Code     0  arm_startup_nrf52.o(.text)
    RADIO_IRQHandler                         0x000743f7   Thumb Code     0  arm_startup_nrf52.o(.text)
    RNG_IRQHandler                           0x000743f7   Thumb Code     0  arm_startup_nrf52.o(.text)
    RTC0_IRQHandler                          0x000743f7   Thumb Code     0  arm_startup_nrf52.o(.text)
    RTC2_IRQHandler                          0x000743f7   Thumb Code     0  arm_startup_nrf52.o(.text)
    SAADC_IRQHandler                         0x000743f7   Thumb Code     0  arm_startup_nrf52.o(.text)
    SPIM0_SPIS0_TWIM0_TWIS0_SPI0_TWI0_IRQHandler 0x000743f7   Thumb Code     0  arm_startup_nrf52.o(.text)
    SPIM1_SPIS1_TWIM1_TWIS1_SPI1_TWI1_IRQHandler 0x000743f7   Thumb Code     0  arm_startup_nrf52.o(.text)
    SPIM2_SPIS2_SPI2_IRQHandler              0x000743f7   Thumb Code     0  arm_startup_nrf52.o(.text)
    SWI0_EGU0_IRQHandler                     0x000743f7   Thumb Code     0  arm_startup_nrf52.o(.text)
    SWI1_EGU1_IRQHandler                     0x000743f7   Thumb Code     0  arm_startup_nrf52.o(.text)
    SWI3_EGU3_IRQHandler                     0x000743f7   Thumb Code     0  arm_startup_nrf52.o(.text)
    SWI4_EGU4_IRQHandler                     0x000743f7   Thumb Code     0  arm_startup_nrf52.o(.text)
    SWI5_EGU5_IRQHandler                     0x000743f7   Thumb Code     0  arm_startup_nrf52.o(.text)
    TEMP_IRQHandler                          0x000743f7   Thumb Code     0  arm_startup_nrf52.o(.text)
    TIMER0_IRQHandler                        0x000743f7   Thumb Code     0  arm_startup_nrf52.o(.text)
    TIMER1_IRQHandler                        0x000743f7   Thumb Code     0  arm_startup_nrf52.o(.text)
    TIMER2_IRQHandler                        0x000743f7   Thumb Code     0  arm_startup_nrf52.o(.text)
    TIMER3_IRQHandler                        0x000743f7   Thumb Code     0  arm_startup_nrf52.o(.text)
    TIMER4_IRQHandler                        0x000743f7   Thumb Code     0  arm_startup_nrf52.o(.text)
    UARTE0_UART0_IRQHandler                  0x000743f7   Thumb Code     0  arm_startup_nrf52.o(.text)
    __aeabi_uldivmod                         0x00074401   Thumb Code    98  uldiv.o(.text)
    __aeabi_llsl                             0x00074463   Thumb Code    30  llshl.o(.text)
    _ll_shift_l                              0x00074463   Thumb Code     0  llshl.o(.text)
    __aeabi_memcpy                           0x00074481   Thumb Code    36  memcpya.o(.text)
    __aeabi_memcpy4                          0x00074481   Thumb Code     0  memcpya.o(.text)
    __aeabi_memcpy8                          0x00074481   Thumb Code     0  memcpya.o(.text)
    __aeabi_memset                           0x000744a5   Thumb Code    14  memseta.o(.text)
    __aeabi_memset4                          0x000744a5   Thumb Code     0  memseta.o(.text)
    __aeabi_memset8                          0x000744a5   Thumb Code     0  memseta.o(.text)
    __aeabi_memclr                           0x000744b3   Thumb Code     4  memseta.o(.text)
    __aeabi_memclr4                          0x000744b3   Thumb Code     0  memseta.o(.text)
    __aeabi_memclr8                          0x000744b3   Thumb Code     0  memseta.o(.text)
    memset                                   0x000744b7   Thumb Code    18  memseta.o(.text)
    memcmp                                   0x000744c9   Thumb Code    26  memcmp.o(.text)
    strcpy                                   0x000744e3   Thumb Code    18  strcpy.o(.text)
    strrchr                                  0x000744f5   Thumb Code    32  strrchr.o(.text)
    __aeabi_llsr                             0x00074515   Thumb Code    32  llushr.o(.text)
    _ll_ushift_r                             0x00074515   Thumb Code     0  llushr.o(.text)
    __scatterload                            0x00074535   Thumb Code    28  init.o(.text)
    __scatterload_rt2                        0x00074535   Thumb Code     0  init.o(.text)
    uECC_secp256r1                           0x0007484d   Thumb Code     8  uECC.c.o(.text.uECC_secp256r1)
    uECC_verify                              0x00074855   Thumb Code   690  uECC.c.o(.text.uECC_verify)
    uECC_vli_add                             0x00074b11   Thumb Code    90  uECC.c.o(.text.uECC_vli_add)
    uECC_vli_clear                           0x00074b6d   Thumb Code    22  uECC.c.o(.text.uECC_vli_clear)
    uECC_vli_equal                           0x00074bad   Thumb Code    36  uECC.c.o(.text.uECC_vli_equal)
    uECC_vli_isZero                          0x00074bd1   Thumb Code    30  uECC.c.o(.text.uECC_vli_isZero)
    uECC_vli_mmod                            0x00074bef   Thumb Code   308  uECC.c.o(.text.uECC_vli_mmod)
    uECC_vli_modAdd                          0x00074d23   Thumb Code    50  uECC.c.o(.text.uECC_vli_modAdd)
    uECC_vli_modInv                          0x00074d55   Thumb Code   262  uECC.c.o(.text.uECC_vli_modInv)
    uECC_vli_modMult                         0x00074e5b   Thumb Code    34  uECC.c.o(.text.uECC_vli_modMult)
    uECC_vli_modMult_fast                    0x00074e7d   Thumb Code    32  uECC.c.o(.text.uECC_vli_modMult_fast)
    uECC_vli_modSquare_fast                  0x00074e9d   Thumb Code    32  uECC.c.o(.text.uECC_vli_modSquare_fast)
    uECC_vli_modSub                          0x00074ebd   Thumb Code    36  uECC.c.o(.text.uECC_vli_modSub)
    uECC_vli_mult                            0x00074ee1   Thumb Code   786  uECC.c.o(.text.uECC_vli_mult)
    uECC_vli_numBits                         0x000751f3   Thumb Code    62  uECC.c.o(.text.uECC_vli_numBits)
    uECC_vli_rshift1                         0x00075231   Thumb Code    26  uECC.c.o(.text.uECC_vli_rshift1)
    uECC_vli_set                             0x0007524b   Thumb Code    24  uECC.c.o(.text.uECC_vli_set)
    uECC_vli_square                          0x00075263   Thumb Code   652  uECC.c.o(.text.uECC_vli_square)
    uECC_vli_sub                             0x000754f1   Thumb Code    94  uECC.c.o(.text.uECC_vli_sub)
    uECC_vli_testBit                         0x00075551   Thumb Code    20  uECC.c.o(.text.uECC_vli_testBit)
    RTC1_IRQHandler                          0x000757ad   Thumb Code    12  drv_rtc.o(i.RTC1_IRQHandler)
    SEGGER_RTT_Write                         0x000757bd   Thumb Code    54  segger_rtt.o(i.SEGGER_RTT_Write)
    SEGGER_RTT_WriteNoLock                   0x000757f9   Thumb Code    86  segger_rtt.o(i.SEGGER_RTT_WriteNoLock)
    SEGGER_RTT_printf                        0x00075855   Thumb Code    22  segger_rtt_printf.o(i.SEGGER_RTT_printf)
    SEGGER_RTT_vprintf                       0x0007586b   Thumb Code   406  segger_rtt_printf.o(i.SEGGER_RTT_vprintf)
    SWI2_EGU2_IRQHandler                     0x00075a01   Thumb Code     4  nrf_sdh.o(i.SWI2_EGU2_IRQHandler)
    SystemInit                               0x00075a05   Thumb Code   726  system_nrf52.o(i.SystemInit)
    WDT_IRQHandler                           0x00075d21   Thumb Code    14  nrf_bootloader_wdt.o(i.WDT_IRQHandler)
    __scatterload_copy                       0x0007602b   Thumb Code    14  handlers.o(i.__scatterload_copy)
    __scatterload_null                       0x00076039   Thumb Code     2  handlers.o(i.__scatterload_null)
    __scatterload_zeroinit                   0x0007603b   Thumb Code    14  handlers.o(i.__scatterload_zeroinit)
    app_error_fault_handler                  0x000762d5   Thumb Code    22  main.o(i.app_error_fault_handler)
    app_error_handler_bare                   0x000762f5   Thumb Code    22  main.o(i.app_error_handler_bare)
    app_sched_event_put                      0x00076315   Thumb Code   154  app_scheduler.o(i.app_sched_event_put)
    app_sched_execute                        0x000763b5   Thumb Code    58  app_scheduler.o(i.app_sched_execute)
    app_sched_init                           0x000763f5   Thumb Code    40  app_scheduler.o(i.app_sched_init)
    app_timer_create                         0x00076421   Thumb Code    22  app_timer2.o(i.app_timer_create)
    app_timer_init                           0x00076439   Thumb Code    58  app_timer2.o(i.app_timer_init)
    app_timer_start                          0x00076485   Thumb Code    46  app_timer2.o(i.app_timer_start)
    app_timer_stop                           0x000764bd   Thumb Code    12  app_timer2.o(i.app_timer_stop)
    app_util_critical_region_enter           0x000764c9   Thumb Code    64  app_util_platform.o(i.app_util_critical_region_enter)
    app_util_critical_region_exit            0x00076511   Thumb Code    46  app_util_platform.o(i.app_util_critical_region_exit)
    ble_dfu_init                             0x000766c9   Thumb Code   182  nrf_dfu_ble.o(i.ble_dfu_init)
    ble_srv_is_notification_enabled          0x00076bd5   Thumb Code     8  ble_srv_common.o(i.ble_srv_is_notification_enabled)
    bsp_board_init                           0x00076c95   Thumb Code    80  boards.o(i.bsp_board_init)
    bsp_board_led_off                        0x00076ce9   Thumb Code    10  boards.o(i.bsp_board_led_off)
    bsp_board_leds_off                       0x00076cf9   Thumb Code    18  boards.o(i.bsp_board_leds_off)
    crc32_compute                            0x00076d49   Thumb Code    54  crc32.o(i.crc32_compute)
    dfu_fstorage_evt_handler                 0x00077015   Thumb Code    12  nrf_dfu_flash.o(i.dfu_fstorage_evt_handler)
    drv_rtc_compare_pending                  0x000770af   Thumb Code    14  drv_rtc.o(i.drv_rtc_compare_pending)
    drv_rtc_counter_get                      0x000770bd   Thumb Code     8  drv_rtc.o(i.drv_rtc_counter_get)
    drv_rtc_init                             0x000770c5   Thumb Code   150  drv_rtc.o(i.drv_rtc_init)
    drv_rtc_irq_trigger                      0x00077161   Thumb Code    30  drv_rtc.o(i.drv_rtc_irq_trigger)
    drv_rtc_overflow_enable                  0x0007717f   Thumb Code     8  drv_rtc.o(i.drv_rtc_overflow_enable)
    drv_rtc_overflow_pending                 0x00077187   Thumb Code     8  drv_rtc.o(i.drv_rtc_overflow_pending)
    drv_rtc_start                            0x0007718f   Thumb Code     8  drv_rtc.o(i.drv_rtc_start)
    drv_rtc_stop                             0x00077197   Thumb Code     8  drv_rtc.o(i.drv_rtc_stop)
    drv_rtc_windowed_compare_set             0x000771a1   Thumb Code   134  drv_rtc.o(i.drv_rtc_windowed_compare_set)
    ext_error_get                            0x000773c1   Thumb Code    10  nrf_dfu_handling_error.o(i.ext_error_get)
    ext_error_set                            0x000773d1   Thumb Code     8  nrf_dfu_handling_error.o(i.ext_error_set)
    main                                     0x000777cd   Thumb Code    90  main.o(i.main)
    nrf_atfifo_clear                         0x00077881   Thumb Code    16  nrf_atfifo.o(i.nrf_atfifo_clear)
    nrf_atfifo_init                          0x00077891   Thumb Code    38  nrf_atfifo.o(i.nrf_atfifo_init)
    nrf_atfifo_item_alloc                    0x000778b7   Thumb Code    22  nrf_atfifo.o(i.nrf_atfifo_item_alloc)
    nrf_atfifo_item_free                     0x000778cd   Thumb Code    22  nrf_atfifo.o(i.nrf_atfifo_item_free)
    nrf_atfifo_item_get                      0x000778e3   Thumb Code    22  nrf_atfifo.o(i.nrf_atfifo_item_get)
    nrf_atfifo_item_put                      0x000778f9   Thumb Code    22  nrf_atfifo.o(i.nrf_atfifo_item_put)
    nrf_atomic_flag_clear                    0x0007790f   Thumb Code     6  nrf_atomic.o(i.nrf_atomic_flag_clear)
    nrf_atomic_flag_set_fetch                0x00077915   Thumb Code     6  nrf_atomic.o(i.nrf_atomic_flag_set_fetch)
    nrf_atomic_u32_and                       0x0007791b   Thumb Code    12  nrf_atomic.o(i.nrf_atomic_u32_and)
    nrf_atomic_u32_fetch_or                  0x00077927   Thumb Code    10  nrf_atomic.o(i.nrf_atomic_u32_fetch_or)
    nrf_balloc_alloc                         0x00077931   Thumb Code    68  nrf_balloc.o(i.nrf_balloc_alloc)
    nrf_balloc_free                          0x00077975   Thumb Code    48  nrf_balloc.o(i.nrf_balloc_free)
    nrf_balloc_init                          0x000779a5   Thumb Code    48  nrf_balloc.o(i.nrf_balloc_init)
    nrf_bootloader_app_start                 0x000779d5   Thumb Code    44  nrf_bootloader_app_start.o(i.nrf_bootloader_app_start)
    nrf_bootloader_app_start_final           0x00077a01   Thumb Code   110  nrf_bootloader_app_start_final.o(i.nrf_bootloader_app_start_final)
    nrf_bootloader_dfu_inactivity_timer_restart 0x00077a79   Thumb Code    12  nrf_bootloader_dfu_timers.o(i.nrf_bootloader_dfu_inactivity_timer_restart)
    nrf_bootloader_flash_protect             0x00077a89   Thumb Code    96  nrf_bootloader_app_start_final.o(i.nrf_bootloader_flash_protect)
    nrf_bootloader_fw_activate               0x00077aed   Thumb Code   462  nrf_bootloader_fw_activation.o(i.nrf_bootloader_fw_activate)
    nrf_bootloader_init                      0x00077dd9   Thumb Code   278  nrf_bootloader.o(i.nrf_bootloader_init)
    nrf_bootloader_wdt_feed                  0x00077fdd   Thumb Code    20  nrf_bootloader_wdt.o(i.nrf_bootloader_wdt_feed)
    nrf_bootloader_wdt_feed_timer_start      0x00077ff1   Thumb Code    12  nrf_bootloader_dfu_timers.o(i.nrf_bootloader_wdt_feed_timer_start)
    nrf_bootloader_wdt_init                  0x00078001   Thumb Code    88  nrf_bootloader_wdt.o(i.nrf_bootloader_wdt_init)
    nrf_crypto_backend_micro_ecc_curve_get   0x00078065   Thumb Code     6  micro_ecc_backend_ecc.o(i.nrf_crypto_backend_micro_ecc_curve_get)
    nrf_crypto_backend_micro_ecc_public_key_from_raw 0x0007806b   Thumb Code    28  micro_ecc_backend_ecc.o(i.nrf_crypto_backend_micro_ecc_public_key_from_raw)
    nrf_crypto_backend_micro_ecc_verify      0x00078087   Thumb Code    44  micro_ecc_backend_ecdsa.o(i.nrf_crypto_backend_micro_ecc_verify)
    nrf_crypto_ecc_public_key_from_raw       0x000780b5   Thumb Code    48  nrf_crypto_ecc.o(i.nrf_crypto_ecc_public_key_from_raw)
    nrf_crypto_ecdsa_verify                  0x000780e9   Thumb Code    84  nrf_crypto_ecdsa.o(i.nrf_crypto_ecdsa_verify)
    nrf_crypto_hash_calculate                0x00078141   Thumb Code    54  nrf_crypto_hash.o(i.nrf_crypto_hash_calculate)
    nrf_crypto_hash_finalize                 0x00078177   Thumb Code    54  nrf_crypto_hash.o(i.nrf_crypto_hash_finalize)
    nrf_crypto_hash_init                     0x000781ad   Thumb Code    38  nrf_crypto_hash.o(i.nrf_crypto_hash_init)
    nrf_crypto_hash_update                   0x000781d9   Thumb Code    46  nrf_crypto_hash.o(i.nrf_crypto_hash_update)
    nrf_crypto_init                          0x00078209   Thumb Code    50  nrf_crypto_init.o(i.nrf_crypto_init)
    nrf_crypto_internal_ecc_key_input_check  0x00078249   Thumb Code    24  nrf_crypto_ecc.o(i.nrf_crypto_internal_ecc_key_input_check)
    nrf_crypto_internal_ecc_key_output_prepare 0x00078261   Thumb Code    26  nrf_crypto_ecc.o(i.nrf_crypto_internal_ecc_key_output_prepare)
    nrf_crypto_internal_ecc_raw_input_check  0x0007827b   Thumb Code    22  nrf_crypto_ecc.o(i.nrf_crypto_internal_ecc_raw_input_check)
    nrf_dfu_app_is_valid                     0x000782a9   Thumb Code    42  nrf_dfu_utils.o(i.nrf_dfu_app_is_valid)
    nrf_dfu_app_start_address                0x000782d9   Thumb Code     4  nrf_dfu_utils.o(i.nrf_dfu_app_start_address)
    nrf_dfu_bank0_start_addr                 0x000782dd   Thumb Code    34  nrf_dfu_utils.o(i.nrf_dfu_bank0_start_addr)
    nrf_dfu_bank1_start_addr                 0x00078305   Thumb Code    28  nrf_dfu_utils.o(i.nrf_dfu_bank1_start_addr)
    nrf_dfu_bank_invalidate                  0x00078325   Thumb Code    14  nrf_dfu_utils.o(i.nrf_dfu_bank_invalidate)
    nrf_dfu_cache_prepare                    0x00078339   Thumb Code   162  nrf_dfu_utils.o(i.nrf_dfu_cache_prepare)
    nrf_dfu_flash_erase                      0x0007851d   Thumb Code    12  nrf_dfu_flash.o(i.nrf_dfu_flash_erase)
    nrf_dfu_flash_init                       0x0007852d   Thumb Code    16  nrf_dfu_flash.o(i.nrf_dfu_flash_init)
    nrf_dfu_flash_store                      0x00078549   Thumb Code    18  nrf_dfu_flash.o(i.nrf_dfu_flash_store)
    nrf_dfu_init                             0x00078561   Thumb Code    34  nrf_dfu.o(i.nrf_dfu_init)
    nrf_dfu_init_user                        0x0007858d   Thumb Code    44  nrf_bootloader.o(i.nrf_dfu_init_user)
    nrf_dfu_mbr_copy_bl                      0x00078629   Thumb Code    22  nrf_dfu_mbr.o(i.nrf_dfu_mbr_copy_bl)
    nrf_dfu_mbr_init_sd                      0x00078641   Thumb Code    18  nrf_dfu_mbr.o(i.nrf_dfu_mbr_init_sd)
    nrf_dfu_mbr_irq_forward_address_set      0x00078659   Thumb Code    12  nrf_dfu_mbr.o(i.nrf_dfu_mbr_irq_forward_address_set)
    nrf_dfu_req_handler_init                 0x0007870d   Thumb Code    62  nrf_dfu_req_handler.o(i.nrf_dfu_req_handler_init)
    nrf_dfu_req_handler_on_req               0x00078751   Thumb Code    66  nrf_dfu_req_handler.o(i.nrf_dfu_req_handler_on_req)
    nrf_dfu_settings_additional_erase        0x00078b21   Thumb Code    46  nrf_dfu_settings_svci.o(i.nrf_dfu_settings_additional_erase)
    nrf_dfu_settings_adv_name_copy           0x00078b55   Thumb Code    20  nrf_dfu_settings_svci.o(i.nrf_dfu_settings_adv_name_copy)
    nrf_dfu_settings_adv_name_is_valid       0x00078b6d   Thumb Code    28  nrf_dfu_settings_svci.o(i.nrf_dfu_settings_adv_name_is_valid)
    nrf_dfu_settings_adv_name_write          0x00078b8d   Thumb Code    50  nrf_dfu_settings_svci.o(i.nrf_dfu_settings_adv_name_write)
    nrf_dfu_settings_init                    0x00078bd5   Thumb Code    70  nrf_dfu_settings.o(i.nrf_dfu_settings_init)
    nrf_dfu_settings_write                   0x00078c25   Thumb Code    82  nrf_dfu_settings.o(i.nrf_dfu_settings_write)
    nrf_dfu_softdevice_start_address         0x00078c85   Thumb Code     6  nrf_dfu_utils.o(i.nrf_dfu_softdevice_start_address)
    nrf_dfu_transports_close                 0x00078c8d   Thumb Code    44  nrf_dfu_transport.o(i.nrf_dfu_transports_close)
    nrf_dfu_transports_init                  0x00078cc1   Thumb Code    42  nrf_dfu_transport.o(i.nrf_dfu_transports_init)
    nrf_dfu_validation_init                  0x00078cf5   Thumb Code    48  nrf_dfu_validation.o(i.nrf_dfu_validation_init)
    nrf_dfu_validation_init_cmd_append       0x00078d39   Thumb Code    66  nrf_dfu_validation.o(i.nrf_dfu_validation_init_cmd_append)
    nrf_dfu_validation_init_cmd_create       0x00078d81   Thumb Code    50  nrf_dfu_validation.o(i.nrf_dfu_validation_init_cmd_create)
    nrf_dfu_validation_init_cmd_execute      0x00078dbd   Thumb Code   226  nrf_dfu_validation.o(i.nrf_dfu_validation_init_cmd_execute)
    nrf_dfu_validation_init_cmd_present      0x00078eb1   Thumb Code     6  nrf_dfu_validation.o(i.nrf_dfu_validation_init_cmd_present)
    nrf_dfu_validation_post_data_execute     0x00078ebd   Thumb Code   168  nrf_dfu_validation.o(i.nrf_dfu_validation_post_data_execute)
    nrf_dfu_ver_validation_check             0x00078f75   Thumb Code   120  nrf_dfu_ver_validation.o(i.nrf_dfu_ver_validation_check)
    nrf_fstorage_erase                       0x00078ff1   Thumb Code    44  nrf_fstorage.o(i.nrf_fstorage_erase)
    nrf_fstorage_init                        0x0007901d   Thumb Code     8  nrf_fstorage.o(i.nrf_fstorage_init)
    nrf_fstorage_is_busy                     0x00079025   Thumb Code    70  nrf_fstorage.o(i.nrf_fstorage_is_busy)
    nrf_fstorage_sdh_req_handler             0x00079075   Thumb Code    18  nrf_fstorage_sd.o(i.nrf_fstorage_sdh_req_handler)
    nrf_fstorage_sdh_state_handler           0x0007908d   Thumb Code    28  nrf_fstorage_sd.o(i.nrf_fstorage_sdh_state_handler)
    nrf_fstorage_sys_evt_handler             0x000790ad   Thumb Code   150  nrf_fstorage_sd.o(i.nrf_fstorage_sys_evt_handler)
    nrf_fstorage_write                       0x0007914d   Thumb Code    62  nrf_fstorage.o(i.nrf_fstorage_write)
    nrf_nvmc_page_erase                      0x00079211   Thumb Code    40  nrf_nvmc.o(i.nrf_nvmc_page_erase)
    nrf_nvmc_write_words                     0x00079241   Thumb Code    58  nrf_nvmc.o(i.nrf_nvmc_write_words)
    nrf_sdh_ble_app_ram_start_get            0x00079285   Thumb Code    16  nrf_sdh_ble.o(i.nrf_sdh_ble_app_ram_start_get)
    nrf_sdh_ble_default_cfg_set              0x00079299   Thumb Code   156  nrf_sdh_ble.o(i.nrf_sdh_ble_default_cfg_set)
    nrf_sdh_ble_enable                       0x00079335   Thumb Code   118  nrf_sdh_ble.o(i.nrf_sdh_ble_enable)
    nrf_sdh_disable_request                  0x00079579   Thumb Code    80  nrf_sdh.o(i.nrf_sdh_disable_request)
    nrf_sdh_enable_request                   0x000795cd   Thumb Code   106  nrf_sdh.o(i.nrf_sdh_enable_request)
    nrf_sdh_evts_poll                        0x00079645   Thumb Code    32  nrf_sdh.o(i.nrf_sdh_evts_poll)
    nrf_sdh_is_enabled                       0x00079669   Thumb Code     6  nrf_sdh.o(i.nrf_sdh_is_enabled)
    nrf_sdh_request_continue                 0x00079675   Thumb Code    22  nrf_sdh.o(i.nrf_sdh_request_continue)
    nrf_section_iter_init                    0x0007970d   Thumb Code    10  nrf_section_iter.o(i.nrf_section_iter_init)
    nrf_section_iter_next                    0x0007973b   Thumb Code    32  nrf_section_iter.o(i.nrf_section_iter_next)
    nrf_sortlist_add                         0x0007975b   Thumb Code    34  nrf_sortlist.o(i.nrf_sortlist_add)
    nrf_sortlist_next                        0x0007977d   Thumb Code     4  nrf_sortlist.o(i.nrf_sortlist_next)
    nrf_sortlist_peek                        0x00079781   Thumb Code     6  nrf_sortlist.o(i.nrf_sortlist_peek)
    nrf_sortlist_pop                         0x00079787   Thumb Code    14  nrf_sortlist.o(i.nrf_sortlist_pop)
    nrf_sortlist_remove                      0x00079795   Thumb Code    30  nrf_sortlist.o(i.nrf_sortlist_remove)
    nrf_strerror_find                        0x000797b5   Thumb Code    52  nrf_strerror.o(i.nrf_strerror_find)
    nrf_strerror_get                         0x000797ed   Thumb Code    14  nrf_strerror.o(i.nrf_strerror_get)
    nrf_svc_handler_c                        0x00079801   Thumb Code    84  nrf_svc_handler.o(i.nrf_svc_handler_c)
    pb_decode                                0x0007a829   Thumb Code    30  pb_decode.o(i.pb_decode)
    pb_decode_fixed32                        0x0007a847   Thumb Code    32  pb_decode.o(i.pb_decode_fixed32)
    pb_decode_fixed64                        0x0007a867   Thumb Code    92  pb_decode.o(i.pb_decode_fixed64)
    pb_decode_noinit                         0x0007a8c5   Thumb Code   390  pb_decode.o(i.pb_decode_noinit)
    pb_decode_svarint                        0x0007aa4b   Thumb Code    58  pb_decode.o(i.pb_decode_svarint)
    pb_decode_tag                            0x0007aa85   Thumb Code    66  pb_decode.o(i.pb_decode_tag)
    pb_decode_varint                         0x0007aac7   Thumb Code    74  pb_decode.o(i.pb_decode_varint)
    pb_field_iter_begin                      0x0007ab81   Thumb Code    34  pb_common.o(i.pb_field_iter_begin)
    pb_field_iter_find                       0x0007aba3   Thumb Code    46  pb_common.o(i.pb_field_iter_find)
    pb_field_iter_next                       0x0007abd1   Thumb Code   128  pb_common.o(i.pb_field_iter_next)
    pb_istream_from_buffer                   0x0007acf5   Thumb Code    14  pb_decode.o(i.pb_istream_from_buffer)
    pb_make_string_substream                 0x0007ad09   Thumb Code    54  pb_decode.o(i.pb_make_string_substream)
    pb_read                                  0x0007ad65   Thumb Code    84  pb_decode.o(i.pb_read)
    pb_skip_field                            0x0007addd   Thumb Code    90  pb_decode.o(i.pb_skip_field)
    sha256_final                             0x0007b635   Thumb Code   272  sha256.o(i.sha256_final)
    sha256_init                              0x0007b745   Thumb Code    50  sha256.o(i.sha256_init)
    sha256_transform                         0x0007b799   Thumb Code   294  sha256.o(i.sha256_transform)
    sha256_update                            0x0007b8c5   Thumb Code    84  sha256.o(i.sha256_update)
    spi0_init                                0x0007bab1   Thumb Code    66  m_drv_spi0.o(i.spi0_init)
    spi0_transfer                            0x0007baf9   Thumb Code    32  m_drv_spi0.o(i.spi0_transfer)
    w25x80_init                              0x0007be09   Thumb Code    46  m_drv_w25x80.o(i.w25x80_init)
    w25x80_read                              0x0007be41   Thumb Code    68  m_drv_w25x80.o(i.w25x80_read)
    pk                                       0x0007bf8c   Data          64  dfu_public_key.o(.constdata)
    g_nrf_crypto_hash_sha256_info            0x0007c11c   Data          24  nrf_sw_backend_hash.o(.constdata)
    g_nrf_crypto_ecc_secp256r1_curve_info    0x0007c134   Data          12  micro_ecc_backend_ecc.o(.constdata)
    dfu_init_command_is_debug_default        0x0007c140   Data           1  dfu-cc.pb.o(.constdata)
    dfu_hash_fields                          0x0007c144   Data          36  dfu-cc.pb.o(.constdata)
    dfu_init_command_fields                  0x0007c168   Data         120  dfu-cc.pb.o(.constdata)
    dfu_command_fields                       0x0007c1e0   Data          36  dfu-cc.pb.o(.constdata)
    dfu_signed_command_fields                0x0007c204   Data          48  dfu-cc.pb.o(.constdata)
    dfu_packet_fields                        0x0007c234   Data          36  dfu-cc.pb.o(.constdata)
    nrf_fstorage_nvmc                        0x0007c604   Data          32  nrf_fstorage_nvmc.o(.constdata)
    nrf_fstorage_sd                          0x0007c634   Data          32  nrf_fstorage_sd.o(.constdata)
    m_ram_start                              0x0007c908   Data           4  nrf_sdh_ble.o(.constdata)
    Region$$Table$$Base                      0x0007d3f4   Number         0  anon$$obj.o(Region$$Table)
    Region$$Table$$Limit                     0x0007d414   Number         0  anon$$obj.o(Region$$Table)
    ble_dfu_transport                        0x0007d414   Data           8  nrf_dfu_ble.o(dfu_trans)
    dfu_trans$$Base                          0x0007d414   Number         0  nrf_dfu_ble.o(dfu_trans)
    dfu_trans$$Limit                         0x0007d41c   Number         0  nrf_dfu_ble.o(dfu_trans)
    sdh_ble_observers2$$Base                 0x0007d41c   Number         0  nrf_dfu_ble.o(sdh_ble_observers2)
    m_req_obs                                0x0007d424   Data           8  nrf_fstorage_sd.o(sdh_req_observers0)
    sdh_ble_observers2$$Limit                0x0007d424   Number         0  nrf_dfu_ble.o(sdh_ble_observers2)
    sdh_req_observers0$$Base                 0x0007d424   Number         0  nrf_fstorage_sd.o(sdh_req_observers0)
    sdh_req_observers0$$Limit                0x0007d42c   Number         0  nrf_fstorage_sd.o(sdh_req_observers0)
    sdh_soc_observers0$$Base                 0x0007d42c   Number         0  nrf_fstorage_sd.o(sdh_soc_observers0)
    sdh_soc_observers0$$Limit                0x0007d434   Number         0  nrf_fstorage_sd.o(sdh_soc_observers0)
    sdh_stack_observers0$$Base               0x0007d434   Number         0  nrf_sdh_ble.o(sdh_stack_observers0)
    sdh_stack_observers0$$Limit              0x0007d444   Number         0  nrf_sdh_soc.o(sdh_stack_observers0)
    sdh_state_observers0$$Base               0x0007d444   Number         0  nrf_fstorage_sd.o(sdh_state_observers0)
    nrf_dfu_set_adv_name_var                 0x0007d44c   Data          12  nrf_dfu_svci_handler.o(svc_data)
    sdh_state_observers0$$Limit              0x0007d44c   Number         0  nrf_fstorage_sd.o(sdh_state_observers0)
    svc_data$$Base                           0x0007d44c   Number         0  nrf_dfu_svci_handler.o(svc_data)
    svc_data$$Limit                          0x0007d458   Number         0  nrf_dfu_svci_handler.o(svc_data)
    m_mbr_params_page                        0x0007e000   Data        4096  nrf_dfu_settings.o(.ARM.__AT_0x0007E000)
    m_dfu_settings_buffer                    0x0007f000   Data        4096  nrf_dfu_settings.o(.ARM.__AT_0x0007F000)
    m_uicr_bootloader_start_address          0x10001014   Data           4  nrf_bootloader_info.o(.ARM.__AT_0x10001014)
    m_uicr_mbr_params_page_address           0x10001018   Data           4  nrf_dfu_settings.o(.ARM.__AT_0x10001018)
    Image$$RW_IRAM1$$Base                    0x200057b8   Number         0  anon$$obj.o ABSOLUTE
    SystemCoreClock                          0x20005848   Data           4  system_nrf52.o(.data)
    fs_data$$Base                            0x2000584c   Number         0  nrf_dfu_flash.o(fs_data)
    m_fs                                     0x2000584c   Data          20  nrf_dfu_flash.o(fs_data)
    fs_data$$Limit                           0x20005860   Number         0  nrf_dfu_flash.o(fs_data)
    adv_name                                 0x20005ccf   Data          13  nrf_dfu_ble.o(.bss)
    s_dfu_settings                           0x20006f0c   Data         440  nrf_dfu_settings.o(.bss)
    nrf_nvic_state                           0x20007400   Data          12  app_util_platform.o(.bss)
    _SEGGER_RTT                              0x2000760c   Data         120  segger_rtt.o(.bss)
    __initial_sp                             0x20009898   Data           0  arm_startup_nrf52.o(STACK)



==============================================================================

Memory Map of the image

  Image Entry point : 0x00074201

  Load Region LR_IROM1 (Base: 0x00074000, Size: 0x00009500, Max: 0x0000a000, ABSOLUTE)

    Execution Region ER_IROM1 (Exec base: 0x00074000, Load base: 0x00074000, Size: 0x00009458, Max: 0x0000a000, ABSOLUTE)

    Exec Addr    Load Addr    Size         Type   Attr      Idx    E Section Name        Object

    0x00074000   0x00074000   0x00000200   Data   RO         5065    RESET               arm_startup_nrf52.o
    0x00074200   0x00074200   0x00000000   Code   RO         5228  * .ARM.Collect$$$$00000000  mc_w.l(entry.o)
    0x00074200   0x00074200   0x00000004   Code   RO         5258    .ARM.Collect$$$$00000001  mc_w.l(entry2.o)
    0x00074204   0x00074204   0x00000004   Code   RO         5261    .ARM.Collect$$$$00000004  mc_w.l(entry5.o)
    0x00074208   0x00074208   0x00000000   Code   RO         5263    .ARM.Collect$$$$00000008  mc_w.l(entry7b.o)
    0x00074208   0x00074208   0x00000000   Code   RO         5265    .ARM.Collect$$$$0000000A  mc_w.l(entry8b.o)
    0x00074208   0x00074208   0x00000008   Code   RO         5266    .ARM.Collect$$$$0000000B  mc_w.l(entry9a.o)
    0x00074210   0x00074210   0x00000000   Code   RO         5268    .ARM.Collect$$$$0000000D  mc_w.l(entry10a.o)
    0x00074210   0x00074210   0x00000000   Code   RO         5270    .ARM.Collect$$$$0000000F  mc_w.l(entry11a.o)
    0x00074210   0x00074210   0x00000004   Code   RO         5259    .ARM.Collect$$$$00002712  mc_w.l(entry2.o)
    0x00074214   0x00074214   0x00000008   Code   RO          847    .emb_text           nrf_bootloader_app_start_final.o
    0x0007421c   0x0007421c   0x000000c8   Code   RO         3208    .emb_text           nrf_atfifo.o
    0x000742e4   0x000742e4   0x000000e2   Code   RO         3278    .emb_text           nrf_atomic.o
    0x000743c6   0x000743c6   0x00000002   PAD
    0x000743c8   0x000743c8   0x00000014   Code   RO         4141    .emb_text           nrf_svc_handler.o
    0x000743dc   0x000743dc   0x00000024   Code   RO         5066    .text               arm_startup_nrf52.o
    0x00074400   0x00074400   0x00000062   Code   RO         5236    .text               mc_w.l(uldiv.o)
    0x00074462   0x00074462   0x0000001e   Code   RO         5238    .text               mc_w.l(llshl.o)
    0x00074480   0x00074480   0x00000024   Code   RO         5240    .text               mc_w.l(memcpya.o)
    0x000744a4   0x000744a4   0x00000024   Code   RO         5244    .text               mc_w.l(memseta.o)
    0x000744c8   0x000744c8   0x0000001a   Code   RO         5250    .text               mc_w.l(memcmp.o)
    0x000744e2   0x000744e2   0x00000012   Code   RO         5252    .text               mc_w.l(strcpy.o)
    0x000744f4   0x000744f4   0x00000020   Code   RO         5254    .text               mc_w.l(strrchr.o)
    0x00074514   0x00074514   0x00000020   Code   RO         5273    .text               mc_w.l(llushr.o)
    0x00074534   0x00074534   0x00000024   Code   RO         5276    .text               mc_w.l(init.o)
    0x00074558   0x00074558   0x000000ca   Code   RO         5153    .text.XYcZ_add      micro_ecc_lib_nrf52.lib(uECC.c.o)
    0x00074622   0x00074622   0x0000003e   Code   RO         5154    .text.apply_z       micro_ecc_lib_nrf52.lib(uECC.c.o)
    0x00074660   0x00074660   0x00000014   Code   RO         5109    .text.bcopy         micro_ecc_lib_nrf52.lib(uECC.c.o)
    0x00074674   0x00074674   0x00000086   Code   RO         5126    .text.bits2int      micro_ecc_lib_nrf52.lib(uECC.c.o)
    0x000746fa   0x000746fa   0x00000152   Code   RO         5149    .text.double_jacobian_default  micro_ecc_lib_nrf52.lib(uECC.c.o)
    0x0007484c   0x0007484c   0x00000008   Code   RO         5161    .text.uECC_secp256r1  micro_ecc_lib_nrf52.lib(uECC.c.o)
    0x00074854   0x00074854   0x000002b2   Code   RO         5174    .text.uECC_verify   micro_ecc_lib_nrf52.lib(uECC.c.o)
    0x00074b06   0x00074b06   0x0000000a   PAD
    0x00074b10   0x00074b10   0x0000005c   Code   RO         5115    .text.uECC_vli_add  micro_ecc_lib_nrf52.lib(uECC.c.o)
    0x00074b6c   0x00074b6c   0x00000016   Code   RO         5124    .text.uECC_vli_clear  micro_ecc_lib_nrf52.lib(uECC.c.o)
    0x00074b82   0x00074b82   0x0000002a   Code   RO         5110    .text.uECC_vli_cmp_unsafe  micro_ecc_lib_nrf52.lib(uECC.c.o)
    0x00074bac   0x00074bac   0x00000024   Code   RO         5135    .text.uECC_vli_equal  micro_ecc_lib_nrf52.lib(uECC.c.o)
    0x00074bd0   0x00074bd0   0x0000001e   Code   RO         5127    .text.uECC_vli_isZero  micro_ecc_lib_nrf52.lib(uECC.c.o)
    0x00074bee   0x00074bee   0x00000134   Code   RO         5143    .text.uECC_vli_mmod  micro_ecc_lib_nrf52.lib(uECC.c.o)
    0x00074d22   0x00074d22   0x00000032   Code   RO         5141    .text.uECC_vli_modAdd  micro_ecc_lib_nrf52.lib(uECC.c.o)
    0x00074d54   0x00074d54   0x00000106   Code   RO         5155    .text.uECC_vli_modInv  micro_ecc_lib_nrf52.lib(uECC.c.o)
    0x00074e5a   0x00074e5a   0x00000022   Code   RO         5144    .text.uECC_vli_modMult  micro_ecc_lib_nrf52.lib(uECC.c.o)
    0x00074e7c   0x00074e7c   0x00000020   Code   RO         5145    .text.uECC_vli_modMult_fast  micro_ecc_lib_nrf52.lib(uECC.c.o)
    0x00074e9c   0x00074e9c   0x00000020   Code   RO         5147    .text.uECC_vli_modSquare_fast  micro_ecc_lib_nrf52.lib(uECC.c.o)
    0x00074ebc   0x00074ebc   0x00000024   Code   RO         5142    .text.uECC_vli_modSub  micro_ecc_lib_nrf52.lib(uECC.c.o)
    0x00074ee0   0x00074ee0   0x00000312   Code   RO         5118    .text.uECC_vli_mult  micro_ecc_lib_nrf52.lib(uECC.c.o)
    0x000751f2   0x000751f2   0x0000003e   Code   RO         5130    .text.uECC_vli_numBits  micro_ecc_lib_nrf52.lib(uECC.c.o)
    0x00075230   0x00075230   0x0000001a   Code   RO         5137    .text.uECC_vli_rshift1  micro_ecc_lib_nrf52.lib(uECC.c.o)
    0x0007524a   0x0007524a   0x00000018   Code   RO         5131    .text.uECC_vli_set  micro_ecc_lib_nrf52.lib(uECC.c.o)
    0x00075262   0x00075262   0x0000028c   Code   RO         5119    .text.uECC_vli_square  micro_ecc_lib_nrf52.lib(uECC.c.o)
    0x000754ee   0x000754ee   0x00000002   PAD
    0x000754f0   0x000754f0   0x00000060   Code   RO         5117    .text.uECC_vli_sub  micro_ecc_lib_nrf52.lib(uECC.c.o)
    0x00075550   0x00075550   0x00000014   Code   RO         5128    .text.uECC_vli_testBit  micro_ecc_lib_nrf52.lib(uECC.c.o)
    0x00075564   0x00075564   0x000001ac   Code   RO         5134    .text.vli_mmod_fast_secp256r1  micro_ecc_lib_nrf52.lib(uECC.c.o)
    0x00075710   0x00075710   0x00000038   Code   RO         5138    .text.vli_modInv_update  micro_ecc_lib_nrf52.lib(uECC.c.o)
    0x00075748   0x00075748   0x00000062   Code   RO         5148    .text.x_side_default  micro_ecc_lib_nrf52.lib(uECC.c.o)
    0x000757aa   0x000757aa   0x00000002   PAD
    0x000757ac   0x000757ac   0x00000010   Code   RO         2949    i.RTC1_IRQHandler   drv_rtc.o
    0x000757bc   0x000757bc   0x0000003c   Code   RO         4731    i.SEGGER_RTT_Write  segger_rtt.o
    0x000757f8   0x000757f8   0x0000005c   Code   RO         4732    i.SEGGER_RTT_WriteNoLock  segger_rtt.o
    0x00075854   0x00075854   0x00000016   Code   RO         4910    i.SEGGER_RTT_printf  segger_rtt_printf.o
    0x0007586a   0x0007586a   0x00000196   Code   RO         4911    i.SEGGER_RTT_vprintf  segger_rtt_printf.o
    0x00075a00   0x00075a00   0x00000004   Code   RO         4170    i.SWI2_EGU2_IRQHandler  nrf_sdh.o
    0x00075a04   0x00075a04   0x0000031c   Code   RO         5074    i.SystemInit        system_nrf52.o
    0x00075d20   0x00075d20   0x00000014   Code   RO         1028    i.WDT_IRQHandler    nrf_bootloader_wdt.o
    0x00075d34   0x00075d34   0x00000068   Code   RO         4736    i._DoInit           segger_rtt.o
    0x00075d9c   0x00075d9c   0x00000016   Code   RO         4737    i._GetAvailWriteSpace  segger_rtt.o
    0x00075db2   0x00075db2   0x00000002   PAD
    0x00075db4   0x00075db4   0x000000c6   Code   RO         4912    i._PrintInt         segger_rtt_printf.o
    0x00075e7a   0x00075e7a   0x00000002   PAD
    0x00075e7c   0x00075e7c   0x000000d4   Code   RO         4913    i._PrintUnsigned    segger_rtt_printf.o
    0x00075f50   0x00075f50   0x0000003e   Code   RO         4914    i._StoreChar        segger_rtt_printf.o
    0x00075f8e   0x00075f8e   0x0000005a   Code   RO         4739    i._WriteBlocking    segger_rtt.o
    0x00075fe8   0x00075fe8   0x00000042   Code   RO         4740    i._WriteNoCheck     segger_rtt.o
    0x0007602a   0x0007602a   0x0000000e   Code   RO         5280    i.__scatterload_copy  mc_w.l(handlers.o)
    0x00076038   0x00076038   0x00000002   Code   RO         5281    i.__scatterload_null  mc_w.l(handlers.o)
    0x0007603a   0x0007603a   0x0000000e   Code   RO         5282    i.__scatterload_zeroinit  mc_w.l(handlers.o)
    0x00076048   0x00076048   0x00000024   Code   RO         4171    i.__sd_nvic_app_accessible_irq  nrf_sdh.o
    0x0007606c   0x0007606c   0x00000016   Code   RO         4172    i.__sd_nvic_is_app_accessible_priority  nrf_sdh.o
    0x00076082   0x00076082   0x0000000c   Code   RO         3454    i.addr_is_aligned32  nrf_fstorage.o
    0x0007608e   0x0007608e   0x00000018   Code   RO         3455    i.addr_is_within_bounds  nrf_fstorage.o
    0x000760a6   0x000760a6   0x00000002   PAD
    0x000760a8   0x000760a8   0x0000006c   Code   RO         1733    i.advertising_init  nrf_dfu_ble.o
    0x00076114   0x00076114   0x00000034   Code   RO         1734    i.advertising_start  nrf_dfu_ble.o
    0x00076148   0x00076148   0x0000018c   Code   RO          946    i.app_activate      nrf_bootloader_fw_activation.o
    0x000762d4   0x000762d4   0x00000020   Code   RO           21    i.app_error_fault_handler  main.o
    0x000762f4   0x000762f4   0x00000020   Code   RO           23    i.app_error_handler_bare  main.o
    0x00076314   0x00076314   0x000000a0   Code   RO         2670    i.app_sched_event_put  app_scheduler.o
    0x000763b4   0x000763b4   0x00000040   Code   RO         2671    i.app_sched_execute  app_scheduler.o
    0x000763f4   0x000763f4   0x0000002c   Code   RO         2672    i.app_sched_init    app_scheduler.o
    0x00076420   0x00076420   0x00000016   Code   RO         2723    i.app_timer_create  app_timer2.o
    0x00076436   0x00076436   0x00000002   PAD
    0x00076438   0x00076438   0x0000004c   Code   RO         2724    i.app_timer_init    app_timer2.o
    0x00076484   0x00076484   0x00000038   Code   RO         2728    i.app_timer_start   app_timer2.o
    0x000764bc   0x000764bc   0x0000000c   Code   RO         2729    i.app_timer_stop    app_timer2.o
    0x000764c8   0x000764c8   0x00000048   Code   RO         2857    i.app_util_critical_region_enter  app_util_platform.o
    0x00076510   0x00076510   0x00000034   Code   RO         2858    i.app_util_critical_region_exit  app_util_platform.o
    0x00076544   0x00076544   0x00000184   Code   RO          947    i.bl_activate       nrf_bootloader_fw_activation.o
    0x000766c8   0x000766c8   0x000000c4   Code   RO         1735    i.ble_dfu_init      nrf_dfu_ble.o
    0x0007678c   0x0007678c   0x000000b8   Code   RO         1736    i.ble_dfu_req_handler_callback  nrf_dfu_ble.o
    0x00076844   0x00076844   0x00000060   Code   RO         1737    i.ble_dfu_transport_close  nrf_dfu_ble.o
    0x000768a4   0x000768a4   0x00000098   Code   RO         1738    i.ble_dfu_transport_init  nrf_dfu_ble.o
    0x0007693c   0x0007693c   0x00000298   Code   RO         1739    i.ble_evt_handler   nrf_dfu_ble.o
    0x00076bd4   0x00076bd4   0x00000008   Code   RO          649    i.ble_srv_is_notification_enabled  ble_srv_common.o
    0x00076bdc   0x00076bdc   0x000000b8   Code   RO          724    i.bootloader_reset  nrf_bootloader.o
    0x00076c94   0x00076c94   0x00000054   Code   RO          542    i.bsp_board_init    boards.o
    0x00076ce8   0x00076ce8   0x00000010   Code   RO          545    i.bsp_board_led_off  boards.o
    0x00076cf8   0x00076cf8   0x00000012   Code   RO          548    i.bsp_board_leds_off  boards.o
    0x00076d0a   0x00076d0a   0x0000001c   Code   RO         4409    i.buf_read          pb_decode.o
    0x00076d26   0x00076d26   0x00000002   PAD
    0x00076d28   0x00076d28   0x00000010   Code   RO         2038    i.cmd_response_offset_and_crc_set  nrf_dfu_req_handler.o
    0x00076d38   0x00076d38   0x00000010   Code   RO         2731    i.compare_func      app_timer2.o
    0x00076d48   0x00076d48   0x0000003c   Code   RO         2925    i.crc32_compute     crc32.o
    0x00076d84   0x00076d84   0x0000007e   Code   RO         4410    i.decode_callback_field  pb_decode.o
    0x00076e02   0x00076e02   0x0000001a   Code   RO         4411    i.decode_field      pb_decode.o
    0x00076e1c   0x00076e1c   0x000000e0   Code   RO         4412    i.decode_static_field  pb_decode.o
    0x00076efc   0x00076efc   0x00000118   Code   RO          725    i.dfu_enter_check   nrf_bootloader.o
    0x00077014   0x00077014   0x0000000c   Code   RO         1903    i.dfu_fstorage_evt_handler  nrf_dfu_flash.o
    0x00077020   0x00077020   0x00000018   Code   RO           24    i.dfu_observer      main.o
    0x00077038   0x00077038   0x00000040   Code   RO          726    i.dfu_observer      nrf_bootloader.o
    0x00077078   0x00077078   0x00000024   Code   RO         1699    i.dfu_observer      nrf_dfu.o
    0x0007709c   0x0007709c   0x00000012   Code   RO          421    i.disable_cs        m_drv_w25x80.o
    0x000770ae   0x000770ae   0x0000000e   Code   RO         2952    i.drv_rtc_compare_pending  drv_rtc.o
    0x000770bc   0x000770bc   0x00000008   Code   RO         2954    i.drv_rtc_counter_get  drv_rtc.o
    0x000770c4   0x000770c4   0x0000009c   Code   RO         2955    i.drv_rtc_init      drv_rtc.o
    0x00077160   0x00077160   0x0000001e   Code   RO         2956    i.drv_rtc_irq_trigger  drv_rtc.o
    0x0007717e   0x0007717e   0x00000008   Code   RO         2958    i.drv_rtc_overflow_enable  drv_rtc.o
    0x00077186   0x00077186   0x00000008   Code   RO         2959    i.drv_rtc_overflow_pending  drv_rtc.o
    0x0007718e   0x0007718e   0x00000008   Code   RO         2960    i.drv_rtc_start     drv_rtc.o
    0x00077196   0x00077196   0x00000008   Code   RO         2961    i.drv_rtc_stop      drv_rtc.o
    0x0007719e   0x0007719e   0x00000002   PAD
    0x000771a0   0x000771a0   0x0000008c   Code   RO         2966    i.drv_rtc_windowed_compare_set  drv_rtc.o
    0x0007722c   0x0007722c   0x00000012   Code   RO          422    i.enable_cs         m_drv_w25x80.o
    0x0007723e   0x0007723e   0x0000002a   Code   RO          423    i.enable_write      m_drv_w25x80.o
    0x00077268   0x00077268   0x00000048   Code   RO         3536    i.erase             nrf_fstorage_nvmc.o
    0x000772b0   0x000772b0   0x0000004c   Code   RO         3610    i.erase             nrf_fstorage_sd.o
    0x000772fc   0x000772fc   0x00000036   Code   RO         3537    i.event_send        nrf_fstorage_nvmc.o
    0x00077332   0x00077332   0x00000054   Code   RO         3611    i.event_send        nrf_fstorage_sd.o
    0x00077386   0x00077386   0x00000012   Code   RO         2967    i.evt_enable        drv_rtc.o
    0x00077398   0x00077398   0x00000018   Code   RO         2968    i.evt_pending       drv_rtc.o
    0x000773b0   0x000773b0   0x0000000e   Code   RO         2039    i.ext_err_code_handle  nrf_dfu_req_handler.o
    0x000773be   0x000773be   0x00000002   PAD
    0x000773c0   0x000773c0   0x00000010   Code   RO         1960    i.ext_error_get     nrf_dfu_handling_error.o
    0x000773d0   0x000773d0   0x0000000c   Code   RO         1961    i.ext_error_set     nrf_dfu_handling_error.o
    0x000773dc   0x000773dc   0x0000006c   Code   RO         1741    i.flash_mac_set     nrf_dfu_ble.o
    0x00077448   0x00077448   0x0000000c   Code   RO          948    i.flash_write_callback  nrf_bootloader_fw_activation.o
    0x00077454   0x00077454   0x00000090   Code   RO         1742    i.gap_params_init   nrf_dfu_ble.o
    0x000774e4   0x000774e4   0x0000001e   Code   RO          425    i.get_status1       m_drv_w25x80.o
    0x00077502   0x00077502   0x00000002   PAD
    0x00077504   0x00077504   0x0000019c   Code   RO          949    i.image_copy        nrf_bootloader_fw_activation.o
    0x000776a0   0x000776a0   0x00000098   Code   RO          727    i.inactivity_timeout  nrf_bootloader.o
    0x00077738   0x00077738   0x0000000c   Code   RO         3538    i.init              nrf_fstorage_nvmc.o
    0x00077744   0x00077744   0x00000038   Code   RO         3612    i.init              nrf_fstorage_sd.o
    0x0007777c   0x0007777c   0x00000010   Code   RO         3539    i.is_busy           nrf_fstorage_nvmc.o
    0x0007778c   0x0007778c   0x00000010   Code   RO         3613    i.is_busy           nrf_fstorage_sd.o
    0x0007779c   0x0007779c   0x0000002e   Code   RO         4413    i.iter_from_extension  pb_decode.o
    0x000777ca   0x000777ca   0x00000002   PAD
    0x000777cc   0x000777cc   0x000000b4   Code   RO           25    i.main              main.o
    0x00077880   0x00077880   0x00000010   Code   RO         3210    i.nrf_atfifo_clear  nrf_atfifo.o
    0x00077890   0x00077890   0x00000026   Code   RO         3212    i.nrf_atfifo_init   nrf_atfifo.o
    0x000778b6   0x000778b6   0x00000016   Code   RO         3213    i.nrf_atfifo_item_alloc  nrf_atfifo.o
    0x000778cc   0x000778cc   0x00000016   Code   RO         3214    i.nrf_atfifo_item_free  nrf_atfifo.o
    0x000778e2   0x000778e2   0x00000016   Code   RO         3215    i.nrf_atfifo_item_get  nrf_atfifo.o
    0x000778f8   0x000778f8   0x00000016   Code   RO         3216    i.nrf_atfifo_item_put  nrf_atfifo.o
    0x0007790e   0x0007790e   0x00000006   Code   RO         3279    i.nrf_atomic_flag_clear  nrf_atomic.o
    0x00077914   0x00077914   0x00000006   Code   RO         3282    i.nrf_atomic_flag_set_fetch  nrf_atomic.o
    0x0007791a   0x0007791a   0x0000000c   Code   RO         3284    i.nrf_atomic_u32_and  nrf_atomic.o
    0x00077926   0x00077926   0x0000000a   Code   RO         3288    i.nrf_atomic_u32_fetch_or  nrf_atomic.o
    0x00077930   0x00077930   0x00000044   Code   RO         3417    i.nrf_balloc_alloc  nrf_balloc.o
    0x00077974   0x00077974   0x00000030   Code   RO         3418    i.nrf_balloc_free   nrf_balloc.o
    0x000779a4   0x000779a4   0x00000030   Code   RO         3419    i.nrf_balloc_init   nrf_balloc.o
    0x000779d4   0x000779d4   0x0000002c   Code   RO          820    i.nrf_bootloader_app_start  nrf_bootloader_app_start.o
    0x00077a00   0x00077a00   0x00000078   Code   RO          848    i.nrf_bootloader_app_start_final  nrf_bootloader_app_start_final.o
    0x00077a78   0x00077a78   0x00000010   Code   RO          885    i.nrf_bootloader_dfu_inactivity_timer_restart  nrf_bootloader_dfu_timers.o
    0x00077a88   0x00077a88   0x00000064   Code   RO          849    i.nrf_bootloader_flash_protect  nrf_bootloader_app_start_final.o
    0x00077aec   0x00077aec   0x000002ec   Code   RO          950    i.nrf_bootloader_fw_activate  nrf_bootloader_fw_activation.o
    0x00077dd8   0x00077dd8   0x00000204   Code   RO          728    i.nrf_bootloader_init  nrf_bootloader.o
    0x00077fdc   0x00077fdc   0x00000014   Code   RO         1029    i.nrf_bootloader_wdt_feed  nrf_bootloader_wdt.o
    0x00077ff0   0x00077ff0   0x00000010   Code   RO          886    i.nrf_bootloader_wdt_feed_timer_start  nrf_bootloader_dfu_timers.o
    0x00078000   0x00078000   0x00000064   Code   RO         1030    i.nrf_bootloader_wdt_init  nrf_bootloader_wdt.o
    0x00078064   0x00078064   0x00000006   Code   RO         1496    i.nrf_crypto_backend_micro_ecc_curve_get  micro_ecc_backend_ecc.o
    0x0007806a   0x0007806a   0x0000001c   Code   RO         1501    i.nrf_crypto_backend_micro_ecc_public_key_from_raw  micro_ecc_backend_ecc.o
    0x00078086   0x00078086   0x0000002c   Code   RO         1647    i.nrf_crypto_backend_micro_ecc_verify  micro_ecc_backend_ecdsa.o
    0x000780b2   0x000780b2   0x00000002   PAD
    0x000780b4   0x000780b4   0x00000034   Code   RO         1099    i.nrf_crypto_ecc_public_key_from_raw  nrf_crypto_ecc.o
    0x000780e8   0x000780e8   0x00000058   Code   RO         1234    i.nrf_crypto_ecdsa_verify  nrf_crypto_ecdsa.o
    0x00078140   0x00078140   0x00000036   Code   RO         1290    i.nrf_crypto_hash_calculate  nrf_crypto_hash.o
    0x00078176   0x00078176   0x00000036   Code   RO         1291    i.nrf_crypto_hash_finalize  nrf_crypto_hash.o
    0x000781ac   0x000781ac   0x0000002c   Code   RO         1292    i.nrf_crypto_hash_init  nrf_crypto_hash.o
    0x000781d8   0x000781d8   0x0000002e   Code   RO         1293    i.nrf_crypto_hash_update  nrf_crypto_hash.o
    0x00078206   0x00078206   0x00000002   PAD
    0x00078208   0x00078208   0x00000040   Code   RO         1368    i.nrf_crypto_init   nrf_crypto_init.o
    0x00078248   0x00078248   0x00000018   Code   RO         1101    i.nrf_crypto_internal_ecc_key_input_check  nrf_crypto_ecc.o
    0x00078260   0x00078260   0x0000001a   Code   RO         1102    i.nrf_crypto_internal_ecc_key_output_prepare  nrf_crypto_ecc.o
    0x0007827a   0x0007827a   0x00000016   Code   RO         1103    i.nrf_crypto_internal_ecc_raw_input_check  nrf_crypto_ecc.o
    0x00078290   0x00078290   0x00000016   Code   RO          426    i.nrf_delay_ms      m_drv_w25x80.o
    0x000782a6   0x000782a6   0x00000002   PAD
    0x000782a8   0x000782a8   0x00000030   Code   RO         2396    i.nrf_dfu_app_is_valid  nrf_dfu_utils.o
    0x000782d8   0x000782d8   0x00000004   Code   RO         2397    i.nrf_dfu_app_start_address  nrf_dfu_utils.o
    0x000782dc   0x000782dc   0x00000028   Code   RO         2398    i.nrf_dfu_bank0_start_addr  nrf_dfu_utils.o
    0x00078304   0x00078304   0x00000020   Code   RO         2399    i.nrf_dfu_bank1_start_addr  nrf_dfu_utils.o
    0x00078324   0x00078324   0x00000014   Code   RO         2400    i.nrf_dfu_bank_invalidate  nrf_dfu_utils.o
    0x00078338   0x00078338   0x000000b0   Code   RO         2401    i.nrf_dfu_cache_prepare  nrf_dfu_utils.o
    0x000783e8   0x000783e8   0x000000ac   Code   RO         2040    i.nrf_dfu_command_req  nrf_dfu_req_handler.o
    0x00078494   0x00078494   0x00000088   Code   RO         2041    i.nrf_dfu_data_req  nrf_dfu_req_handler.o
    0x0007851c   0x0007851c   0x00000010   Code   RO         1904    i.nrf_dfu_flash_erase  nrf_dfu_flash.o
    0x0007852c   0x0007852c   0x0000001c   Code   RO         1905    i.nrf_dfu_flash_init  nrf_dfu_flash.o
    0x00078548   0x00078548   0x00000018   Code   RO         1906    i.nrf_dfu_flash_store  nrf_dfu_flash.o
    0x00078560   0x00078560   0x0000002c   Code   RO         1700    i.nrf_dfu_init      nrf_dfu.o
    0x0007858c   0x0007858c   0x0000009c   Code   RO          730    i.nrf_dfu_init_user  nrf_bootloader.o
    0x00078628   0x00078628   0x00000016   Code   RO         1995    i.nrf_dfu_mbr_copy_bl  nrf_dfu_mbr.o
    0x0007863e   0x0007863e   0x00000002   PAD
    0x00078640   0x00078640   0x00000018   Code   RO         1996    i.nrf_dfu_mbr_init_sd  nrf_dfu_mbr.o
    0x00078658   0x00078658   0x0000000c   Code   RO         1997    i.nrf_dfu_mbr_irq_forward_address_set  nrf_dfu_mbr.o
    0x00078664   0x00078664   0x000000a8   Code   RO         2042    i.nrf_dfu_obj_op    nrf_dfu_req_handler.o
    0x0007870c   0x0007870c   0x00000044   Code   RO         2043    i.nrf_dfu_req_handler_init  nrf_dfu_req_handler.o
    0x00078750   0x00078750   0x00000080   Code   RO         2044    i.nrf_dfu_req_handler_on_req  nrf_dfu_req_handler.o
    0x000787d0   0x000787d0   0x00000004   Code   RO         2045    i.nrf_dfu_req_handler_req  nrf_dfu_req_handler.o
    0x000787d4   0x000787d4   0x000002d0   Code   RO         2046    i.nrf_dfu_req_handler_req_process  nrf_dfu_req_handler.o
    0x00078aa4   0x00078aa4   0x00000020   Code   RO         4090    i.nrf_dfu_set_adv_name_handler  nrf_dfu_svci_handler.o
    0x00078ac4   0x00078ac4   0x00000038   Code   RO         4091    i.nrf_dfu_set_adv_name_on_call  nrf_dfu_svci_handler.o
    0x00078afc   0x00078afc   0x00000024   Code   RO         4092    i.nrf_dfu_set_adv_name_on_sys_evt  nrf_dfu_svci_handler.o
    0x00078b20   0x00078b20   0x00000034   Code   RO         2322    i.nrf_dfu_settings_additional_erase  nrf_dfu_settings_svci.o
    0x00078b54   0x00078b54   0x00000018   Code   RO         2323    i.nrf_dfu_settings_adv_name_copy  nrf_dfu_settings_svci.o
    0x00078b6c   0x00078b6c   0x00000020   Code   RO         2324    i.nrf_dfu_settings_adv_name_is_valid  nrf_dfu_settings_svci.o
    0x00078b8c   0x00078b8c   0x00000038   Code   RO         2325    i.nrf_dfu_settings_adv_name_write  nrf_dfu_settings_svci.o
    0x00078bc4   0x00078bc4   0x00000010   Code   RO         2270    i.nrf_dfu_settings_crc_get  nrf_dfu_settings.o
    0x00078bd4   0x00078bd4   0x00000050   Code   RO         2271    i.nrf_dfu_settings_init  nrf_dfu_settings.o
    0x00078c24   0x00078c24   0x00000060   Code   RO         2272    i.nrf_dfu_settings_write  nrf_dfu_settings.o
    0x00078c84   0x00078c84   0x00000006   Code   RO         2402    i.nrf_dfu_softdevice_start_address  nrf_dfu_utils.o
    0x00078c8a   0x00078c8a   0x00000002   PAD
    0x00078c8c   0x00078c8c   0x00000034   Code   RO         2365    i.nrf_dfu_transports_close  nrf_dfu_transport.o
    0x00078cc0   0x00078cc0   0x00000034   Code   RO         2366    i.nrf_dfu_transports_init  nrf_dfu_transport.o
    0x00078cf4   0x00078cf4   0x00000044   Code   RO         2453    i.nrf_dfu_validation_init  nrf_dfu_validation.o
    0x00078d38   0x00078d38   0x00000048   Code   RO         2454    i.nrf_dfu_validation_init_cmd_append  nrf_dfu_validation.o
    0x00078d80   0x00078d80   0x0000003c   Code   RO         2455    i.nrf_dfu_validation_init_cmd_create  nrf_dfu_validation.o
    0x00078dbc   0x00078dbc   0x000000f4   Code   RO         2456    i.nrf_dfu_validation_init_cmd_execute  nrf_dfu_validation.o
    0x00078eb0   0x00078eb0   0x0000000c   Code   RO         2457    i.nrf_dfu_validation_init_cmd_present  nrf_dfu_validation.o
    0x00078ebc   0x00078ebc   0x000000b8   Code   RO         2459    i.nrf_dfu_validation_post_data_execute  nrf_dfu_validation.o
    0x00078f74   0x00078f74   0x0000007c   Code   RO         2546    i.nrf_dfu_ver_validation_check  nrf_dfu_ver_validation.o
    0x00078ff0   0x00078ff0   0x0000002c   Code   RO         3456    i.nrf_fstorage_erase  nrf_fstorage.o
    0x0007901c   0x0007901c   0x00000008   Code   RO         3457    i.nrf_fstorage_init  nrf_fstorage.o
    0x00079024   0x00079024   0x00000050   Code   RO         3458    i.nrf_fstorage_is_busy  nrf_fstorage.o
    0x00079074   0x00079074   0x00000018   Code   RO         3614    i.nrf_fstorage_sdh_req_handler  nrf_fstorage_sd.o
    0x0007908c   0x0007908c   0x00000020   Code   RO         3615    i.nrf_fstorage_sdh_state_handler  nrf_fstorage_sd.o
    0x000790ac   0x000790ac   0x000000a0   Code   RO         3616    i.nrf_fstorage_sys_evt_handler  nrf_fstorage_sd.o
    0x0007914c   0x0007914c   0x0000003e   Code   RO         3463    i.nrf_fstorage_write  nrf_fstorage.o
    0x0007918a   0x0007918a   0x00000024   Code   RO          322    i.nrf_gpio_cfg      m_drv_spi0.o
    0x000791ae   0x000791ae   0x00000024   Code   RO          552    i.nrf_gpio_cfg      boards.o
    0x000791d2   0x000791d2   0x00000012   Code   RO          323    i.nrf_gpio_cfg_input  m_drv_spi0.o
    0x000791e4   0x000791e4   0x00000014   Code   RO          324    i.nrf_gpio_cfg_output  m_drv_spi0.o
    0x000791f8   0x000791f8   0x00000016   Code   RO          553    i.nrf_gpio_pin_write  boards.o
    0x0007920e   0x0007920e   0x00000002   PAD
    0x00079210   0x00079210   0x00000030   Code   RO         2584    i.nrf_nvmc_page_erase  nrf_nvmc.o
    0x00079240   0x00079240   0x00000044   Code   RO         2588    i.nrf_nvmc_write_words  nrf_nvmc.o
    0x00079284   0x00079284   0x00000014   Code   RO         4302    i.nrf_sdh_ble_app_ram_start_get  nrf_sdh_ble.o
    0x00079298   0x00079298   0x0000009c   Code   RO         4303    i.nrf_sdh_ble_default_cfg_set  nrf_sdh_ble.o
    0x00079334   0x00079334   0x000001a0   Code   RO         4304    i.nrf_sdh_ble_enable  nrf_sdh_ble.o
    0x000794d4   0x000794d4   0x000000a4   Code   RO         4305    i.nrf_sdh_ble_evts_poll  nrf_sdh_ble.o
    0x00079578   0x00079578   0x00000054   Code   RO         4173    i.nrf_sdh_disable_request  nrf_sdh.o
    0x000795cc   0x000795cc   0x00000078   Code   RO         4174    i.nrf_sdh_enable_request  nrf_sdh.o
    0x00079644   0x00079644   0x00000024   Code   RO         4175    i.nrf_sdh_evts_poll  nrf_sdh.o
    0x00079668   0x00079668   0x0000000c   Code   RO         4176    i.nrf_sdh_is_enabled  nrf_sdh.o
    0x00079674   0x00079674   0x0000001c   Code   RO         4178    i.nrf_sdh_request_continue  nrf_sdh.o
    0x00079690   0x00079690   0x0000007c   Code   RO         4357    i.nrf_sdh_soc_evts_poll  nrf_sdh_soc.o
    0x0007970c   0x0007970c   0x0000000a   Code   RO         3743    i.nrf_section_iter_init  nrf_section_iter.o
    0x00079716   0x00079716   0x00000024   Code   RO         3744    i.nrf_section_iter_item_set  nrf_section_iter.o
    0x0007973a   0x0007973a   0x00000020   Code   RO         3745    i.nrf_section_iter_next  nrf_section_iter.o
    0x0007975a   0x0007975a   0x00000022   Code   RO         3778    i.nrf_sortlist_add  nrf_sortlist.o
    0x0007977c   0x0007977c   0x00000004   Code   RO         3779    i.nrf_sortlist_next  nrf_sortlist.o
    0x00079780   0x00079780   0x00000006   Code   RO         3780    i.nrf_sortlist_peek  nrf_sortlist.o
    0x00079786   0x00079786   0x0000000e   Code   RO         3781    i.nrf_sortlist_pop  nrf_sortlist.o
    0x00079794   0x00079794   0x0000001e   Code   RO         3782    i.nrf_sortlist_remove  nrf_sortlist.o
    0x000797b2   0x000797b2   0x00000002   PAD
    0x000797b4   0x000797b4   0x00000038   Code   RO         3826    i.nrf_strerror_find  nrf_strerror.o
    0x000797ec   0x000797ec   0x00000014   Code   RO         3827    i.nrf_strerror_get  nrf_strerror.o
    0x00079800   0x00079800   0x0000005c   Code   RO         4142    i.nrf_svc_handler_c  nrf_svc_handler.o
    0x0007985c   0x0007985c   0x00000024   Code   RO         1457    i.nrf_sw_backend_hash_sha256_finalize  nrf_sw_backend_hash.o
    0x00079880   0x00079880   0x00000006   Code   RO         1458    i.nrf_sw_backend_hash_sha256_init  nrf_sw_backend_hash.o
    0x00079886   0x00079886   0x00000006   Code   RO         1459    i.nrf_sw_backend_hash_sha256_update  nrf_sw_backend_hash.o
    0x0007988c   0x0007988c   0x00000010   Code   RO         1031    i.nrf_wdt_started   nrf_bootloader_wdt.o
    0x0007989c   0x0007989c   0x00000010   Code   RO          427    i.nrfx_coredep_delay_us  m_drv_w25x80.o
    0x000798ac   0x000798ac   0x00000090   Code   RO         2047    i.on_cmd_obj_create_request  nrf_dfu_req_handler.o
    0x0007993c   0x0007993c   0x000000f8   Code   RO         2048    i.on_cmd_obj_execute_request  nrf_dfu_req_handler.o
    0x00079a34   0x00079a34   0x00000080   Code   RO         2049    i.on_cmd_obj_select_request  nrf_dfu_req_handler.o
    0x00079ab4   0x00079ab4   0x0000009c   Code   RO         2050    i.on_cmd_obj_write_request  nrf_dfu_req_handler.o
    0x00079b50   0x00079b50   0x00000068   Code   RO         1743    i.on_ctrl_pt_write  nrf_dfu_ble.o
    0x00079bb8   0x00079bb8   0x000002e4   Code   RO         2051    i.on_data_obj_create_request  nrf_dfu_req_handler.o
    0x00079e9c   0x00079e9c   0x00000118   Code   RO         2052    i.on_data_obj_execute_request  nrf_dfu_req_handler.o
    0x00079fb4   0x00079fb4   0x000001ac   Code   RO         2053    i.on_data_obj_execute_request_sched  nrf_dfu_req_handler.o
    0x0007a160   0x0007a160   0x000000f0   Code   RO         2054    i.on_data_obj_select_request  nrf_dfu_req_handler.o
    0x0007a250   0x0007a250   0x000000cc   Code   RO         2055    i.on_data_obj_write_request  nrf_dfu_req_handler.o
    0x0007a31c   0x0007a31c   0x00000048   Code   RO         2056    i.on_dfu_complete   nrf_dfu_req_handler.o
    0x0007a364   0x0007a364   0x00000024   Code   RO           26    i.on_error          main.o
    0x0007a388   0x0007a388   0x0000000c   Code   RO         1744    i.on_flash_write    nrf_dfu_ble.o
    0x0007a394   0x0007a394   0x000001ac   Code   RO         2057    i.on_fw_version_request  nrf_dfu_req_handler.o
    0x0007a540   0x0007a540   0x0000008c   Code   RO         2058    i.on_hw_version_request  nrf_dfu_req_handler.o
    0x0007a5cc   0x0007a5cc   0x00000088   Code   RO         1745    i.on_rw_authorize_req  nrf_dfu_ble.o
    0x0007a654   0x0007a654   0x00000040   Code   RO         4415    i.pb_dec_bytes      pb_decode.o
    0x0007a694   0x0007a694   0x00000006   Code   RO         4416    i.pb_dec_fixed32    pb_decode.o
    0x0007a69a   0x0007a69a   0x00000006   Code   RO         4417    i.pb_dec_fixed64    pb_decode.o
    0x0007a6a0   0x0007a6a0   0x0000003e   Code   RO         4418    i.pb_dec_string     pb_decode.o
    0x0007a6de   0x0007a6de   0x00000040   Code   RO         4419    i.pb_dec_submessage  pb_decode.o
    0x0007a71e   0x0007a71e   0x00000058   Code   RO         4420    i.pb_dec_svarint    pb_decode.o
    0x0007a776   0x0007a776   0x00000058   Code   RO         4421    i.pb_dec_uvarint    pb_decode.o
    0x0007a7ce   0x0007a7ce   0x0000005a   Code   RO         4422    i.pb_dec_varint     pb_decode.o
    0x0007a828   0x0007a828   0x0000001e   Code   RO         4423    i.pb_decode         pb_decode.o
    0x0007a846   0x0007a846   0x00000020   Code   RO         4425    i.pb_decode_fixed32  pb_decode.o
    0x0007a866   0x0007a866   0x0000005c   Code   RO         4426    i.pb_decode_fixed64  pb_decode.o
    0x0007a8c2   0x0007a8c2   0x00000002   PAD
    0x0007a8c4   0x0007a8c4   0x00000186   Code   RO         4427    i.pb_decode_noinit  pb_decode.o
    0x0007aa4a   0x0007aa4a   0x0000003a   Code   RO         4428    i.pb_decode_svarint  pb_decode.o
    0x0007aa84   0x0007aa84   0x00000042   Code   RO         4429    i.pb_decode_tag     pb_decode.o
    0x0007aac6   0x0007aac6   0x0000004a   Code   RO         4430    i.pb_decode_varint  pb_decode.o
    0x0007ab10   0x0007ab10   0x0000004c   Code   RO         4431    i.pb_decode_varint32  pb_decode.o
    0x0007ab5c   0x0007ab5c   0x00000024   Code   RO         2460    i.pb_decoding_callback  nrf_dfu_validation.o
    0x0007ab80   0x0007ab80   0x00000022   Code   RO         4382    i.pb_field_iter_begin  pb_common.o
    0x0007aba2   0x0007aba2   0x0000002e   Code   RO         4383    i.pb_field_iter_find  pb_common.o
    0x0007abd0   0x0007abd0   0x00000080   Code   RO         4384    i.pb_field_iter_next  pb_common.o
    0x0007ac50   0x0007ac50   0x000000a4   Code   RO         4432    i.pb_field_set_to_default  pb_decode.o
    0x0007acf4   0x0007acf4   0x00000014   Code   RO         4433    i.pb_istream_from_buffer  pb_decode.o
    0x0007ad08   0x0007ad08   0x00000036   Code   RO         4434    i.pb_make_string_substream  pb_decode.o
    0x0007ad3e   0x0007ad3e   0x00000026   Code   RO         4435    i.pb_message_set_to_defaults  pb_decode.o
    0x0007ad64   0x0007ad64   0x00000058   Code   RO         4436    i.pb_read           pb_decode.o
    0x0007adbc   0x0007adbc   0x00000020   Code   RO         4437    i.pb_readbyte       pb_decode.o
    0x0007addc   0x0007addc   0x0000005a   Code   RO         4438    i.pb_skip_field     pb_decode.o
    0x0007ae36   0x0007ae36   0x00000002   PAD
    0x0007ae38   0x0007ae38   0x000000ac   Code   RO         2461    i.postvalidate_sd_bl  nrf_dfu_validation.o
    0x0007aee4   0x0007aee4   0x00000014   Code   RO         3617    i.queue_free        nrf_fstorage_sd.o
    0x0007aef8   0x0007aef8   0x0000009c   Code   RO         3618    i.queue_process     nrf_fstorage_sd.o
    0x0007af94   0x0007af94   0x00000024   Code   RO         3619    i.queue_start       nrf_fstorage_sd.o
    0x0007afb8   0x0007afb8   0x00000010   Code   RO         4306    i.ram_end_address_get  nrf_sdh_ble.o
    0x0007afc8   0x0007afc8   0x0000000e   Code   RO         3540    i.read              nrf_fstorage_nvmc.o
    0x0007afd6   0x0007afd6   0x0000000e   Code   RO         3620    i.read              nrf_fstorage_sd.o
    0x0007afe4   0x0007afe4   0x0000004a   Code   RO          428    i.read_buf          m_drv_w25x80.o
    0x0007b02e   0x0007b02e   0x00000062   Code   RO         4439    i.read_raw_value    pb_decode.o
    0x0007b090   0x0007b090   0x00000020   Code   RO         1746    i.response_crc_add  nrf_dfu_ble.o
    0x0007b0b0   0x0007b0b0   0x00000034   Code   RO         1747    i.response_send     nrf_dfu_ble.o
    0x0007b0e4   0x0007b0e4   0x00000004   Code   RO         3541    i.rmap              nrf_fstorage_nvmc.o
    0x0007b0e8   0x0007b0e8   0x00000004   Code   RO         3621    i.rmap              nrf_fstorage_sd.o
    0x0007b0ec   0x0007b0ec   0x00000078   Code   RO         2732    i.rtc_irq           app_timer2.o
    0x0007b164   0x0007b164   0x00000084   Code   RO         2733    i.rtc_update        app_timer2.o
    0x0007b1e8   0x0007b1e8   0x00000224   Code   RO          951    i.sd_activate       nrf_bootloader_fw_activation.o
    0x0007b40c   0x0007b40c   0x00000114   Code   RO          952    i.sd_bl_activate    nrf_bootloader_fw_activation.o
    0x0007b520   0x0007b520   0x00000042   Code   RO         4181    i.sd_nvic_SetPriority  nrf_sdh.o
    0x0007b562   0x0007b562   0x00000002   PAD
    0x0007b564   0x0007b564   0x00000028   Code   RO         2547    i.sd_req_check      nrf_dfu_ver_validation.o
    0x0007b58c   0x0007b58c   0x0000004c   Code   RO         2548    i.sd_req_ok         nrf_dfu_ver_validation.o
    0x0007b5d8   0x0007b5d8   0x00000030   Code   RO         4182    i.sdh_request_observer_notify  nrf_sdh.o
    0x0007b608   0x0007b608   0x0000002c   Code   RO         4183    i.sdh_state_observer_notify  nrf_sdh.o
    0x0007b634   0x0007b634   0x00000110   Code   RO         3859    i.sha256_final      sha256.o
    0x0007b744   0x0007b744   0x00000054   Code   RO         3860    i.sha256_init       sha256.o
    0x0007b798   0x0007b798   0x0000012c   Code   RO         3861    i.sha256_transform  sha256.o
    0x0007b8c4   0x0007b8c4   0x00000054   Code   RO         3862    i.sha256_update     sha256.o
    0x0007b918   0x0007b918   0x00000078   Code   RO         2462    i.signature_check   nrf_dfu_validation.o
    0x0007b990   0x0007b990   0x0000007c   Code   RO         4184    i.softdevice_evt_irq_disable  nrf_sdh.o
    0x0007ba0c   0x0007ba0c   0x0000008c   Code   RO         4185    i.softdevices_evt_irq_enable  nrf_sdh.o
    0x0007ba98   0x0007ba98   0x0000000c   Code   RO         2734    i.sortlist_peek     app_timer2.o
    0x0007baa4   0x0007baa4   0x0000000c   Code   RO         2735    i.sortlist_pop      app_timer2.o
    0x0007bab0   0x0007bab0   0x00000048   Code   RO          326    i.spi0_init         m_drv_spi0.o
    0x0007baf8   0x0007baf8   0x00000028   Code   RO          327    i.spi0_transfer     m_drv_spi0.o
    0x0007bb20   0x0007bb20   0x00000054   Code   RO         2463    i.stored_init_cmd_decode  nrf_dfu_validation.o
    0x0007bb74   0x0007bb74   0x00000068   Code   RO         4186    i.swi_interrupt_priority_workaround  nrf_sdh.o
    0x0007bbdc   0x0007bbdc   0x00000008   Code   RO          887    i.timeout_handler   nrf_bootloader_dfu_timers.o
    0x0007bbe4   0x0007bbe4   0x00000044   Code   RO         2736    i.timer_expire      app_timer2.o
    0x0007bc28   0x0007bc28   0x00000064   Code   RO          888    i.timer_init        nrf_bootloader_dfu_timers.o
    0x0007bc8c   0x0007bc8c   0x000000a4   Code   RO         2737    i.timer_req_process  app_timer2.o
    0x0007bd30   0x0007bd30   0x00000038   Code   RO         2738    i.timer_req_schedule  app_timer2.o
    0x0007bd68   0x0007bd68   0x0000003c   Code   RO          889    i.timer_start       nrf_bootloader_dfu_timers.o
    0x0007bda4   0x0007bda4   0x00000012   Code   RO         1748    i.uint32_encode     nrf_dfu_ble.o
    0x0007bdb6   0x0007bdb6   0x00000002   PAD
    0x0007bdb8   0x0007bdb8   0x00000010   Code   RO         3542    i.uninit            nrf_fstorage_nvmc.o
    0x0007bdc8   0x0007bdc8   0x00000020   Code   RO         3622    i.uninit            nrf_fstorage_sd.o
    0x0007bde8   0x0007bde8   0x00000020   Code   RO         1294    i.verify_context    nrf_crypto_hash.o
    0x0007be08   0x0007be08   0x00000038   Code   RO          430    i.w25x80_init       m_drv_w25x80.o
    0x0007be40   0x0007be40   0x00000048   Code   RO          431    i.w25x80_read       m_drv_w25x80.o
    0x0007be88   0x0007be88   0x0000003c   Code   RO         1032    i.wdt_feed          nrf_bootloader_wdt.o
    0x0007bec4   0x0007bec4   0x00000014   Code   RO         1033    i.wdt_feed_timer_handler  nrf_bootloader_wdt.o
    0x0007bed8   0x0007bed8   0x00000004   Code   RO         3543    i.wmap              nrf_fstorage_nvmc.o
    0x0007bedc   0x0007bedc   0x00000004   Code   RO         3623    i.wmap              nrf_fstorage_sd.o
    0x0007bee0   0x0007bee0   0x00000044   Code   RO         3544    i.write             nrf_fstorage_nvmc.o
    0x0007bf24   0x0007bf24   0x00000050   Code   RO         3624    i.write             nrf_fstorage_sd.o
    0x0007bf74   0x0007bf74   0x00000016   Code   RO          436    i.write_reg         m_drv_w25x80.o
    0x0007bf8a   0x0007bf8a   0x00000002   PAD
    0x0007bf8c   0x0007bf8c   0x00000040   Data   RO            1    .constdata          dfu_public_key.o
    0x0007bfcc   0x0007bfcc   0x00000046   Data   RO           27    .constdata          main.o
    0x0007c012   0x0007c012   0x0000000e   PAD
    0x0007c020   0x0007c020   0x00000006   Data   RO          437    .constdata          m_drv_w25x80.o
    0x0007c026   0x0007c026   0x00000008   Data   RO          554    .constdata          boards.o
    0x0007c02e   0x0007c02e   0x00000067   Data   RO          732    .constdata          nrf_bootloader.o
    0x0007c095   0x0007c095   0x00000003   PAD
    0x0007c098   0x0007c098   0x00000020   Data   RO          850    .constdata          nrf_bootloader_app_start_final.o
    0x0007c0b8   0x0007c0b8   0x00000008   Data   RO          892    .constdata          nrf_bootloader_dfu_timers.o
    0x0007c0c0   0x0007c0c0   0x0000005a   Data   RO          953    .constdata          nrf_bootloader_fw_activation.o
    0x0007c11a   0x0007c11a   0x00000002   PAD
    0x0007c11c   0x0007c11c   0x00000018   Data   RO         1460    .constdata          nrf_sw_backend_hash.o
    0x0007c134   0x0007c134   0x0000000c   Data   RO         1504    .constdata          micro_ecc_backend_ecc.o
    0x0007c140   0x0007c140   0x00000001   Data   RO         1676    .constdata          dfu-cc.pb.o
    0x0007c141   0x0007c141   0x00000003   PAD
    0x0007c144   0x0007c144   0x00000024   Data   RO         1677    .constdata          dfu-cc.pb.o
    0x0007c168   0x0007c168   0x00000078   Data   RO         1678    .constdata          dfu-cc.pb.o
    0x0007c1e0   0x0007c1e0   0x00000024   Data   RO         1679    .constdata          dfu-cc.pb.o
    0x0007c204   0x0007c204   0x00000030   Data   RO         1680    .constdata          dfu-cc.pb.o
    0x0007c234   0x0007c234   0x00000024   Data   RO         1681    .constdata          dfu-cc.pb.o
    0x0007c258   0x0007c258   0x00000008   PAD
    0x0007c260   0x0007c260   0x0000013c   Data   RO         1752    .constdata          nrf_dfu_ble.o
    0x0007c39c   0x0007c39c   0x00000010   Data   RO         1998    .constdata          nrf_dfu_mbr.o
    0x0007c3ac   0x0007c3ac   0x0000022f   Data   RO         2059    .constdata          nrf_dfu_req_handler.o
    0x0007c5db   0x0007c5db   0x00000001   PAD
    0x0007c5dc   0x0007c5dc   0x00000014   Data   RO         2741    .constdata          app_timer2.o
    0x0007c5f0   0x0007c5f0   0x00000006   Data   RO         2969    .constdata          drv_rtc.o
    0x0007c5f6   0x0007c5f6   0x00000002   PAD
    0x0007c5f8   0x0007c5f8   0x0000000c   Data   RO         3545    .constdata          nrf_fstorage_nvmc.o
    0x0007c604   0x0007c604   0x00000020   Data   RO         3546    .constdata          nrf_fstorage_nvmc.o
    0x0007c624   0x0007c624   0x00000010   Data   RO         3627    .constdata          nrf_fstorage_sd.o
    0x0007c634   0x0007c634   0x00000020   Data   RO         3628    .constdata          nrf_fstorage_sd.o
    0x0007c654   0x0007c654   0x0000013c   Data   RO         3828    .constdata          nrf_strerror.o
    0x0007c790   0x0007c790   0x00000100   Data   RO         3863    .constdata          sha256.o
    0x0007c890   0x0007c890   0x00000010   Data   RO         4187    .constdata          nrf_sdh.o
    0x0007c8a0   0x0007c8a0   0x00000028   Data   RO         4188    .constdata          nrf_sdh.o
    0x0007c8c8   0x0007c8c8   0x00000010   Data   RO         4189    .constdata          nrf_sdh.o
    0x0007c8d8   0x0007c8d8   0x00000010   Data   RO         4190    .constdata          nrf_sdh.o
    0x0007c8e8   0x0007c8e8   0x00000020   Data   RO         4307    .constdata          nrf_sdh_ble.o
    0x0007c908   0x0007c908   0x00000010   Data   RO         4308    .constdata          nrf_sdh_ble.o
    0x0007c918   0x0007c918   0x00000010   Data   RO         4358    .constdata          nrf_sdh_soc.o
    0x0007c928   0x0007c928   0x0000000c   Data   RO         4359    .constdata          nrf_sdh_soc.o
    0x0007c934   0x0007c934   0x00000024   Data   RO         4440    .constdata          pb_decode.o
    0x0007c958   0x0007c958   0x00000010   Data   RO         4915    .constdata          segger_rtt_printf.o
    0x0007c968   0x0007c968   0x00000098   Data   RO           28    .conststring        main.o
    0x0007ca00   0x0007ca00   0x0000004a   Data   RO          733    .conststring        nrf_bootloader.o
    0x0007ca4a   0x0007ca4a   0x00000002   PAD
    0x0007ca4c   0x0007ca4c   0x0000004b   Data   RO          893    .conststring        nrf_bootloader_dfu_timers.o
    0x0007ca97   0x0007ca97   0x00000001   PAD
    0x0007ca98   0x0007ca98   0x00000282   Data   RO          954    .conststring        nrf_bootloader_fw_activation.o
    0x0007cd1a   0x0007cd1a   0x00000002   PAD
    0x0007cd1c   0x0007cd1c   0x00000045   Data   RO         1753    .conststring        nrf_dfu_ble.o
    0x0007cd61   0x0007cd61   0x00000003   PAD
    0x0007cd64   0x0007cd64   0x000001f1   Data   RO         2060    .conststring        nrf_dfu_req_handler.o
    0x0007cf55   0x0007cf55   0x00000003   PAD
    0x0007cf58   0x0007cf58   0x000003eb   Data   RO         3829    .conststring        nrf_strerror.o
    0x0007d343   0x0007d343   0x00000001   PAD
    0x0007d344   0x0007d344   0x000000b0   Data   RO         5192    .rodata.curve_secp256r1  micro_ecc_lib_nrf52.lib(uECC.c.o)
    0x0007d3f4   0x0007d3f4   0x00000020   Data   RO         5278    Region$$Table       anon$$obj.o
    0x0007d414   0x0007d414   0x00000008   Data   RO         1756    dfu_trans           nrf_dfu_ble.o
    0x0007d41c   0x0007d41c   0x00000008   Data   RO         1757    sdh_ble_observers2  nrf_dfu_ble.o
    0x0007d424   0x0007d424   0x00000008   Data   RO         3630    sdh_req_observers0  nrf_fstorage_sd.o
    0x0007d42c   0x0007d42c   0x00000008   Data   RO         3631    sdh_soc_observers0  nrf_fstorage_sd.o
    0x0007d434   0x0007d434   0x00000008   Data   RO         4310    sdh_stack_observers0  nrf_sdh_ble.o
    0x0007d43c   0x0007d43c   0x00000008   Data   RO         4360    sdh_stack_observers0  nrf_sdh_soc.o
    0x0007d444   0x0007d444   0x00000008   Data   RO         3632    sdh_state_observers0  nrf_fstorage_sd.o
    0x0007d44c   0x0007d44c   0x0000000c   Data   RO         4093    svc_data            nrf_dfu_svci_handler.o


    Execution Region RW_IRAM1 (Exec base: 0x200057b8, Load base: 0x0007d458, Size: 0x000040e0, Max: 0x0000a848, ABSOLUTE)

    Exec Addr    Load Addr    Size         Type   Attr      Idx    E Section Name        Object

    0x200057b8   0x0007d458   0x00000001   Data   RW          438    .data               m_drv_w25x80.o
    0x200057b9   0x0007d459   0x00000003   PAD
    0x200057bc   0x0007d45c   0x00000004   Data   RW          734    .data               nrf_bootloader.o
    0x200057c0   0x0007d460   0x00000001   Data   RW          894    .data               nrf_bootloader_dfu_timers.o
    0x200057c1   0x0007d461   0x00000001   Data   RW          955    .data               nrf_bootloader_fw_activation.o
    0x200057c2   0x0007d462   0x00000002   Data   RW         1034    .data               nrf_bootloader_wdt.o
    0x200057c4   0x0007d464   0x00000001   Data   RW         1372    .data               nrf_crypto_init.o
    0x200057c5   0x0007d465   0x00000003   PAD
    0x200057c8   0x0007d468   0x00000004   Data   RW         1701    .data               nrf_dfu.o
    0x200057cc   0x0007d46c   0x00000010   Data   RW         1754    .data               nrf_dfu_ble.o
    0x200057dc   0x0007d47c   0x00000008   Data   RW         1755    .data               nrf_dfu_ble.o
    0x200057e4   0x0007d484   0x00000001   Data   RW         1962    .data               nrf_dfu_handling_error.o
    0x200057e5   0x0007d485   0x00000003   PAD
    0x200057e8   0x0007d488   0x00000010   Data   RW         2061    .data               nrf_dfu_req_handler.o
    0x200057f8   0x0007d498   0x00000010   Data   RW         2465    .data               nrf_dfu_validation.o
    0x20005808   0x0007d4a8   0x00000010   Data   RW         2674    .data               app_scheduler.o
    0x20005818   0x0007d4b8   0x00000010   Data   RW         2742    .data               app_timer2.o
    0x20005828   0x0007d4c8   0x00000004   Data   RW         2743    .data               app_timer2.o
    0x2000582c   0x0007d4cc   0x0000000c   Data   RW         2970    .data               drv_rtc.o
    0x20005838   0x0007d4d8   0x00000004   Data   RW         3547    .data               nrf_fstorage_nvmc.o
    0x2000583c   0x0007d4dc   0x00000008   Data   RW         3629    .data               nrf_fstorage_sd.o
    0x20005844   0x0007d4e4   0x00000003   Data   RW         4191    .data               nrf_sdh.o
    0x20005847   0x0007d4e7   0x00000001   Data   RW         4309    .data               nrf_sdh_ble.o
    0x20005848   0x0007d4e8   0x00000004   Data   RW         5075    .data               system_nrf52.o
    0x2000584c   0x0007d4ec   0x00000014   Data   RW         1908    fs_data             nrf_dfu_flash.o
    0x20005860        -       0x00000420   Zero   RW          731    .bss                nrf_bootloader.o
    0x20005c80        -       0x00000018   Zero   RW          890    .bss                nrf_bootloader_dfu_timers.o
    0x20005c98        -       0x00000018   Zero   RW          891    .bss                nrf_bootloader_dfu_timers.o
    0x20005cb0        -       0x0000005c   Zero   RW         1749    .bss                nrf_dfu_ble.o
    0x20005d0c        -       0x00000011   Zero   RW         1750    .bss                nrf_dfu_ble.o
    0x20005d1d   0x0007d500   0x00000003   PAD
    0x20005d20        -       0x00001034   Zero   RW         1751    .bss                nrf_dfu_ble.o
    0x20006d54        -       0x00000370   Zero   RW         2276    .bss                nrf_dfu_settings.o
    0x200070c4   0x0007d500   0x00000004   PAD
    0x200070c8        -       0x000002d0   Zero   RW         2464    .bss                nrf_dfu_validation.o
    0x20007398        -       0x00000010   Zero   RW         2739    .bss                app_timer2.o
    0x200073a8        -       0x00000058   Zero   RW         2740    .bss                app_timer2.o
    0x20007400        -       0x0000000c   Zero   RW         2863    .bss                app_util_platform.o
    0x2000740c        -       0x00000010   Zero   RW         3625    .bss                nrf_fstorage_sd.o
    0x2000741c        -       0x000001f0   Zero   RW         3626    .bss                nrf_fstorage_sd.o
    0x2000760c        -       0x00000288   Zero   RW         4741    .bss                segger_rtt.o
    0x20007894   0x0007d500   0x00000004   PAD
    0x20007898        -       0x00002000   Zero   RW         5063    STACK               arm_startup_nrf52.o



  Load Region LR$$.ARM.__AT_0x0007E000 (Base: 0x0007e000, Size: 0x00000000, Max: 0x00001000, ABSOLUTE)

    Execution Region ER$$.ARM.__AT_0x0007E000 (Exec base: 0x0007e000, Load base: 0x0007e000, Size: 0x00001000, Max: 0x00001000, ABSOLUTE, UNINIT)

    Exec Addr    Load Addr    Size         Type   Attr      Idx    E Section Name        Object

    0x0007e000        -       0x00001000   Zero   RW         2273    .ARM.__AT_0x0007E000  nrf_dfu_settings.o



  Load Region LR$$.ARM.__AT_0x0007F000 (Base: 0x0007f000, Size: 0x00000000, Max: 0x00001000, ABSOLUTE)

    Execution Region ER$$.ARM.__AT_0x0007F000 (Exec base: 0x0007f000, Load base: 0x0007f000, Size: 0x00001000, Max: 0x00001000, ABSOLUTE, UNINIT)

    Exec Addr    Load Addr    Size         Type   Attr      Idx    E Section Name        Object

    0x0007f000        -       0x00001000   Zero   RW         2274    .ARM.__AT_0x0007F000  nrf_dfu_settings.o



  Load Region LR$$.ARM.__AT_0x10001014 (Base: 0x10001014, Size: 0x00000004, Max: 0x00000004, ABSOLUTE)

    Execution Region ER$$.ARM.__AT_0x10001014 (Exec base: 0x10001014, Load base: 0x10001014, Size: 0x00000004, Max: 0x00000004, ABSOLUTE, UNINIT)

    Exec Addr    Load Addr    Size         Type   Attr      Idx    E Section Name        Object

    0x10001014   0x10001014   0x00000004   Data   RW         1007    .ARM.__AT_0x10001014  nrf_bootloader_info.o



  Load Region LR$$.ARM.__AT_0x10001018 (Base: 0x10001018, Size: 0x00000004, Max: 0x00000004, ABSOLUTE)

    Execution Region ER$$.ARM.__AT_0x10001018 (Exec base: 0x10001018, Load base: 0x10001018, Size: 0x00000004, Max: 0x00000004, ABSOLUTE, UNINIT)

    Exec Addr    Load Addr    Size         Type   Attr      Idx    E Section Name        Object

    0x10001018   0x10001018   0x00000004   Data   RO         2275    .ARM.__AT_0x10001018  nrf_dfu_settings.o


==============================================================================

Image component sizes


      Code (inc. data)   RO Data    RW Data    ZI Data      Debug   Object Name

       268         16          0         16          0      26693   app_scheduler.o
       746         84         20         20        104      15355   app_timer2.o
       124         14          0          0         12      10078   app_util_platform.o
        36          8        512          0       8192        928   arm_startup_nrf52.o
         8          0          0          0          0      27418   ble_srv_common.o
       176         10          8          0          0       8097   boards.o
        60          6          0          0          0       1500   crc32.o
         0          0        277          0          0       8819   dfu-cc.pb.o
         0          0         64          0          0       5221   dfu_public_key.o
       438         16          6         12          0      48793   drv_rtc.o
       186         14          0          0          0      36028   m_drv_spi0.o
       370         18          6          1          0      14164   m_drv_w25x80.o
       304        128        222          0          0     109213   main.o
        34          0         12          0          0      23876   micro_ecc_backend_ecc.o
        44          0          0          0          0       2102   micro_ecc_backend_ecdsa.o
       342          0          0          0          0       6682   nrf_atfifo.o
       260          0          0          0          0       5520   nrf_atomic.o
       164          0          0          0          0       3608   nrf_balloc.o
      1352        762        177          4       1056      45864   nrf_bootloader.o
        44          0          0          0          0        759   nrf_bootloader_app_start.o
       228         14         32          0          0       9448   nrf_bootloader_app_start_final.o
       200         32         83          1         48       7324   nrf_bootloader_dfu_timers.o
      2780       1060        732          1          0       8601   nrf_bootloader_fw_activation.o
         0          0          0          4          0        374   nrf_bootloader_info.o
       236         40          0          2          0      36524   nrf_bootloader_wdt.o
       124          4          0          0          0      27221   nrf_crypto_ecc.o
        88          4          0          0          0      14578   nrf_crypto_ecdsa.o
       230         12          0          0          0      10009   nrf_crypto_hash.o
        64         14          0          1          0       3101   nrf_crypto_init.o
        80         14          0          4          0       3283   nrf_dfu.o
      2058        204        401         24       4257      95647   nrf_dfu_ble.o
        80         22          0         20          0       6011   nrf_dfu_flash.o
        28         10          0          1          0       2756   nrf_dfu_handling_error.o
        58          6         16          0          0       7954   nrf_dfu_mbr.o
      4634       1944       1056         16          0      41613   nrf_dfu_req_handler.o
       192         30          4          0       9072       3977   nrf_dfu_settings.o
       164         20          0          0          0       4480   nrf_dfu_settings_svci.o
       124         16         12          0          0       6311   nrf_dfu_svci_handler.o
       104         18          0          0          0       2720   nrf_dfu_transport.o
       326         36          0          0          0       6488   nrf_dfu_utils.o
      1052        140          0         16        720      15888   nrf_dfu_validation.o
       240          8          0          0          0       9030   nrf_dfu_ver_validation.o
         0          0          0          0          0        564   nrf_fprintf_format.o
       230         10          0          0          0       6184   nrf_fstorage.o
       260         20         44          4          0       9752   nrf_fstorage_nvmc.o
       794         82         72          8        512      17283   nrf_fstorage_sd.o
       116         18          0          0          0       1997   nrf_nvmc.o
       868        230         88          3          0      46860   nrf_sdh.o
       772        370         56          1          0       8047   nrf_sdh_ble.o
       124         64         36          0          0       2344   nrf_sdh_soc.o
        78          0          0          0          0       2756   nrf_section_iter.o
        88          0          0          0          0       4380   nrf_sortlist.o
        76         10       1319          0          0       2719   nrf_strerror.o
       112         10          0          0          0       2577   nrf_svc_handler.o
        48          0         24          0          0       3856   nrf_sw_backend_hash.o
       208          0          0          0          0       3500   pb_common.o
      2320         14         36          0          0      28278   pb_decode.o
       434         40          0          0        648       9266   segger_rtt.o
       900          6         16          0          0       6401   segger_rtt_printf.o
       740         40        256          0          0       6692   sha256.o
       796         70          0          4          0       2947   system_nrf52.o

    ----------------------------------------------------------------------
     27054       5708       5664        172      24632     890459   Object Totals
         0          0         32          0          0          0   (incl. Generated)
        44          0         45          9         11          0   (incl. Padding)

    ----------------------------------------------------------------------

      Code (inc. data)   RO Data    RW Data    ZI Data      Debug   Library Member Name

         0          0          0          0          0          0   entry.o
         0          0          0          0          0          0   entry10a.o
         0          0          0          0          0          0   entry11a.o
         8          4          0          0          0          0   entry2.o
         4          0          0          0          0          0   entry5.o
         0          0          0          0          0          0   entry7b.o
         0          0          0          0          0          0   entry8b.o
         8          4          0          0          0          0   entry9a.o
        30          0          0          0          0          0   handlers.o
        36          8          0          0          0         68   init.o
        30          0          0          0          0         68   llshl.o
        32          0          0          0          0         68   llushr.o
        26          0          0          0          0         80   memcmp.o
        36          0          0          0          0         68   memcpya.o
        36          0          0          0          0        108   memseta.o
        18          0          0          0          0         68   strcpy.o
        32          0          0          0          0         68   strrchr.o
        98          0          0          0          0         92   uldiv.o
      4678          8        176          0          0      91607   uECC.c.o

    ----------------------------------------------------------------------
      5086         24        176          0          0      92295   Library Totals
        14          0          0          0          0          0   (incl. Padding)

    ----------------------------------------------------------------------

      Code (inc. data)   RO Data    RW Data    ZI Data      Debug   Library Name

       394         16          0          0          0        688   mc_w.l
      4678          8        176          0          0      91607   micro_ecc_lib_nrf52.lib

    ----------------------------------------------------------------------
      5086         24        176          0          0      92295   Library Totals

    ----------------------------------------------------------------------

==============================================================================


      Code (inc. data)   RO Data    RW Data    ZI Data      Debug   

     32140       5732       5840        172      24632     952746   Grand Totals
     32140       5732       5840        172      24632     952746   ELF Image Totals
     32140       5732       5840        172          0          0   ROM Totals

==============================================================================

    Total RO  Size (Code + RO Data)                37980 (  37.09kB)
    Total RW  Size (RW Data + ZI Data)             24804 (  24.22kB)
    Total ROM Size (Code + RO Data + RW Data)      38152 (  37.26kB)

==============================================================================

