<!doctype html public "-//w3c//dtd html 4.0 transitional//en">
<html><head>
<title>Static Call Graph - [.\_build\nrf52832_xxaa_s132.axf]</title></head>
<body><HR>
<H1>Static Call Graph for image .\_build\nrf52832_xxaa_s132.axf</H1><HR>
<BR><P>#&#060CALLGRAPH&#062# ARM Linker, 5060750: Last Updated: Wed Sep 19 17:36:08 2018
<BR><P>
<H3>Maximum Stack Usage =       3128 bytes + Unknown(Cycles, Untraceable Function Pointers)</H3><H3>
Call chain for Maximum Stack Depth:</H3>
main &rArr; nrf_bootloader_init &rArr; nrf_dfu_init &rArr; nrf_dfu_req_handler_init &rArr; nrf_dfu_validation_init_cmd_execute &rArr; signature_check &rArr; nrf_crypto_ecdsa_verify &rArr; nrf_crypto_backend_micro_ecc_verify &rArr; uECC_verify &rArr; uECC_vli_modMult &rArr; uECC_vli_mmod &rArr; uECC_vli_set
<P>
<H3>
Mutually Recursive functions
</H3> <LI><a href="#[1]">NMI_Handler</a>&nbsp;&nbsp;&nbsp;&rArr;&nbsp;&nbsp;&nbsp;<a href="#[1]">NMI_Handler</a><BR>
 <LI><a href="#[2]">HardFault_Handler</a>&nbsp;&nbsp;&nbsp;&rArr;&nbsp;&nbsp;&nbsp;<a href="#[2]">HardFault_Handler</a><BR>
 <LI><a href="#[3]">MemoryManagement_Handler</a>&nbsp;&nbsp;&nbsp;&rArr;&nbsp;&nbsp;&nbsp;<a href="#[3]">MemoryManagement_Handler</a><BR>
 <LI><a href="#[4]">BusFault_Handler</a>&nbsp;&nbsp;&nbsp;&rArr;&nbsp;&nbsp;&nbsp;<a href="#[4]">BusFault_Handler</a><BR>
 <LI><a href="#[5]">UsageFault_Handler</a>&nbsp;&nbsp;&nbsp;&rArr;&nbsp;&nbsp;&nbsp;<a href="#[5]">UsageFault_Handler</a><BR>
 <LI><a href="#[7]">DebugMon_Handler</a>&nbsp;&nbsp;&nbsp;&rArr;&nbsp;&nbsp;&nbsp;<a href="#[7]">DebugMon_Handler</a><BR>
 <LI><a href="#[8]">PendSV_Handler</a>&nbsp;&nbsp;&nbsp;&rArr;&nbsp;&nbsp;&nbsp;<a href="#[8]">PendSV_Handler</a><BR>
 <LI><a href="#[9]">SysTick_Handler</a>&nbsp;&nbsp;&nbsp;&rArr;&nbsp;&nbsp;&nbsp;<a href="#[9]">SysTick_Handler</a><BR>
 <LI><a href="#[19]">CCM_AAR_IRQHandler</a>&nbsp;&nbsp;&nbsp;&rArr;&nbsp;&nbsp;&nbsp;<a href="#[19]">CCM_AAR_IRQHandler</a><BR>
 <LI><a href="#[71]">__asm___12_nrf_atfifo_c_51f461e1__nrf_atfifo_wspace_close</a>&nbsp;&nbsp;&nbsp;&rArr;&nbsp;&nbsp;&nbsp;<a href="#[71]">__asm___12_nrf_atfifo_c_51f461e1__nrf_atfifo_wspace_close</a><BR>
 <LI><a href="#[16c]">pb_read</a>&nbsp;&nbsp;&nbsp;&rArr;&nbsp;&nbsp;&nbsp;<a href="#[16c]">pb_read</a><BR>
 <LI><a href="#[177]">pb_field_set_to_default</a>&nbsp;&nbsp;&nbsp;&rArr;&nbsp;&nbsp;&nbsp;<a href="#[dd]">pb_message_set_to_defaults</a><BR>
 <LI><a href="#[68]">nrf_fstorage_sys_evt_handler</a>&nbsp;&nbsp;&nbsp;&rArr;&nbsp;&nbsp;&nbsp;<a href="#[153]">queue_process</a><BR>
 <LI><a href="#[72]">__asm___12_nrf_atfifo_c_51f461e1__nrf_atfifo_rspace_close</a>&nbsp;&nbsp;&nbsp;&rArr;&nbsp;&nbsp;&nbsp;<a href="#[72]">__asm___12_nrf_atfifo_c_51f461e1__nrf_atfifo_rspace_close</a><BR>
</UL>
<P>
<H3>
Function Pointers
</H3><UL>
 <LI><a href="#[4]">BusFault_Handler</a> from arm_startup_nrf52.o(.text) referenced from arm_startup_nrf52.o(RESET)
 <LI><a href="#[19]">CCM_AAR_IRQHandler</a> from arm_startup_nrf52.o(.text) referenced from arm_startup_nrf52.o(RESET)
 <LI><a href="#[1d]">COMP_LPCOMP_IRQHandler</a> from arm_startup_nrf52.o(.text) referenced from arm_startup_nrf52.o(RESET)
 <LI><a href="#[7]">DebugMon_Handler</a> from arm_startup_nrf52.o(.text) referenced from arm_startup_nrf52.o(RESET)
 <LI><a href="#[18]">ECB_IRQHandler</a> from arm_startup_nrf52.o(.text) referenced from arm_startup_nrf52.o(RESET)
 <LI><a href="#[2e]">FPU_IRQHandler</a> from arm_startup_nrf52.o(.text) referenced from arm_startup_nrf52.o(RESET)
 <LI><a href="#[10]">GPIOTE_IRQHandler</a> from arm_startup_nrf52.o(.text) referenced from arm_startup_nrf52.o(RESET)
 <LI><a href="#[2]">HardFault_Handler</a> from arm_startup_nrf52.o(.text) referenced from arm_startup_nrf52.o(RESET)
 <LI><a href="#[2d]">I2S_IRQHandler</a> from arm_startup_nrf52.o(.text) referenced from arm_startup_nrf52.o(RESET)
 <LI><a href="#[28]">MWU_IRQHandler</a> from arm_startup_nrf52.o(.text) referenced from arm_startup_nrf52.o(RESET)
 <LI><a href="#[3]">MemoryManagement_Handler</a> from arm_startup_nrf52.o(.text) referenced from arm_startup_nrf52.o(RESET)
 <LI><a href="#[f]">NFCT_IRQHandler</a> from arm_startup_nrf52.o(.text) referenced from arm_startup_nrf52.o(RESET)
 <LI><a href="#[1]">NMI_Handler</a> from arm_startup_nrf52.o(.text) referenced from arm_startup_nrf52.o(RESET)
 <LI><a href="#[27]">PDM_IRQHandler</a> from arm_startup_nrf52.o(.text) referenced from arm_startup_nrf52.o(RESET)
 <LI><a href="#[a]">POWER_CLOCK_IRQHandler</a> from arm_startup_nrf52.o(.text) referenced from arm_startup_nrf52.o(RESET)
 <LI><a href="#[26]">PWM0_IRQHandler</a> from arm_startup_nrf52.o(.text) referenced from arm_startup_nrf52.o(RESET)
 <LI><a href="#[29]">PWM1_IRQHandler</a> from arm_startup_nrf52.o(.text) referenced from arm_startup_nrf52.o(RESET)
 <LI><a href="#[2a]">PWM2_IRQHandler</a> from arm_startup_nrf52.o(.text) referenced from arm_startup_nrf52.o(RESET)
 <LI><a href="#[8]">PendSV_Handler</a> from arm_startup_nrf52.o(.text) referenced from arm_startup_nrf52.o(RESET)
 <LI><a href="#[1c]">QDEC_IRQHandler</a> from arm_startup_nrf52.o(.text) referenced from arm_startup_nrf52.o(RESET)
 <LI><a href="#[b]">RADIO_IRQHandler</a> from arm_startup_nrf52.o(.text) referenced from arm_startup_nrf52.o(RESET)
 <LI><a href="#[17]">RNG_IRQHandler</a> from arm_startup_nrf52.o(.text) referenced from arm_startup_nrf52.o(RESET)
 <LI><a href="#[15]">RTC0_IRQHandler</a> from arm_startup_nrf52.o(.text) referenced from arm_startup_nrf52.o(RESET)
 <LI><a href="#[1b]">RTC1_IRQHandler</a> from drv_rtc.o(i.RTC1_IRQHandler) referenced from arm_startup_nrf52.o(RESET)
 <LI><a href="#[2c]">RTC2_IRQHandler</a> from arm_startup_nrf52.o(.text) referenced from arm_startup_nrf52.o(RESET)
 <LI><a href="#[0]">Reset_Handler</a> from arm_startup_nrf52.o(.text) referenced from arm_startup_nrf52.o(RESET)
 <LI><a href="#[11]">SAADC_IRQHandler</a> from arm_startup_nrf52.o(.text) referenced from arm_startup_nrf52.o(RESET)
 <LI><a href="#[d]">SPIM0_SPIS0_TWIM0_TWIS0_SPI0_TWI0_IRQHandler</a> from arm_startup_nrf52.o(.text) referenced from arm_startup_nrf52.o(RESET)
 <LI><a href="#[e]">SPIM1_SPIS1_TWIM1_TWIS1_SPI1_TWI1_IRQHandler</a> from arm_startup_nrf52.o(.text) referenced from arm_startup_nrf52.o(RESET)
 <LI><a href="#[2b]">SPIM2_SPIS2_SPI2_IRQHandler</a> from arm_startup_nrf52.o(.text) referenced from arm_startup_nrf52.o(RESET)
 <LI><a href="#[6]">SVC_Handler</a> from nrf_svc_handler.o(.emb_text) referenced from arm_startup_nrf52.o(RESET)
 <LI><a href="#[1e]">SWI0_EGU0_IRQHandler</a> from arm_startup_nrf52.o(.text) referenced from arm_startup_nrf52.o(RESET)
 <LI><a href="#[1f]">SWI1_EGU1_IRQHandler</a> from arm_startup_nrf52.o(.text) referenced from arm_startup_nrf52.o(RESET)
 <LI><a href="#[20]">SWI2_EGU2_IRQHandler</a> from nrf_sdh.o(i.SWI2_EGU2_IRQHandler) referenced from arm_startup_nrf52.o(RESET)
 <LI><a href="#[21]">SWI3_EGU3_IRQHandler</a> from arm_startup_nrf52.o(.text) referenced from arm_startup_nrf52.o(RESET)
 <LI><a href="#[22]">SWI4_EGU4_IRQHandler</a> from arm_startup_nrf52.o(.text) referenced from arm_startup_nrf52.o(RESET)
 <LI><a href="#[23]">SWI5_EGU5_IRQHandler</a> from arm_startup_nrf52.o(.text) referenced from arm_startup_nrf52.o(RESET)
 <LI><a href="#[9]">SysTick_Handler</a> from arm_startup_nrf52.o(.text) referenced from arm_startup_nrf52.o(RESET)
 <LI><a href="#[30]">SystemInit</a> from system_nrf52.o(i.SystemInit) referenced from arm_startup_nrf52.o(.text)
 <LI><a href="#[16]">TEMP_IRQHandler</a> from arm_startup_nrf52.o(.text) referenced from arm_startup_nrf52.o(RESET)
 <LI><a href="#[12]">TIMER0_IRQHandler</a> from arm_startup_nrf52.o(.text) referenced from arm_startup_nrf52.o(RESET)
 <LI><a href="#[13]">TIMER1_IRQHandler</a> from arm_startup_nrf52.o(.text) referenced from arm_startup_nrf52.o(RESET)
 <LI><a href="#[14]">TIMER2_IRQHandler</a> from arm_startup_nrf52.o(.text) referenced from arm_startup_nrf52.o(RESET)
 <LI><a href="#[24]">TIMER3_IRQHandler</a> from arm_startup_nrf52.o(.text) referenced from arm_startup_nrf52.o(RESET)
 <LI><a href="#[25]">TIMER4_IRQHandler</a> from arm_startup_nrf52.o(.text) referenced from arm_startup_nrf52.o(RESET)
 <LI><a href="#[c]">UARTE0_UART0_IRQHandler</a> from arm_startup_nrf52.o(.text) referenced from arm_startup_nrf52.o(RESET)
 <LI><a href="#[5]">UsageFault_Handler</a> from arm_startup_nrf52.o(.text) referenced from arm_startup_nrf52.o(RESET)
 <LI><a href="#[1a]">WDT_IRQHandler</a> from nrf_bootloader_wdt.o(i.WDT_IRQHandler) referenced from arm_startup_nrf52.o(RESET)
 <LI><a href="#[31]">__main</a> from entry.o(.ARM.Collect$$$$00000000) referenced from arm_startup_nrf52.o(.text)
 <LI><a href="#[3c]">app_error_fault_handler</a> from main.o(i.app_error_fault_handler) referenced from nrf_sdh.o(i.nrf_sdh_enable_request)
 <LI><a href="#[46]">ble_dfu_req_handler_callback</a> from nrf_dfu_ble.o(i.ble_dfu_req_handler_callback) referenced 2 times from nrf_dfu_ble.o(.constdata)
 <LI><a href="#[65]">ble_dfu_transport_close</a> from nrf_dfu_ble.o(i.ble_dfu_transport_close) referenced from nrf_dfu_ble.o(dfu_trans)
 <LI><a href="#[64]">ble_dfu_transport_init</a> from nrf_dfu_ble.o(i.ble_dfu_transport_init) referenced from nrf_dfu_ble.o(dfu_trans)
 <LI><a href="#[66]">ble_evt_handler</a> from nrf_dfu_ble.o(i.ble_evt_handler) referenced from nrf_dfu_ble.o(sdh_ble_observers2)
 <LI><a href="#[3f]">buf_read</a> from pb_decode.o(i.buf_read) referenced from pb_decode.o(i.pb_istream_from_buffer)
 <LI><a href="#[3f]">buf_read</a> from pb_decode.o(i.buf_read) referenced from pb_decode.o(i.pb_read)
 <LI><a href="#[48]">compare_func</a> from app_timer2.o(i.compare_func) referenced from app_timer2.o(.constdata)
 <LI><a href="#[6d]">dfu_fstorage_evt_handler</a> from nrf_dfu_flash.o(i.dfu_fstorage_evt_handler) referenced from nrf_dfu_flash.o(fs_data)
 <LI><a href="#[34]">dfu_observer</a> from main.o(i.dfu_observer) referenced from main.o(i.main)
 <LI><a href="#[36]">dfu_observer</a> from nrf_bootloader.o(i.dfu_observer) referenced from nrf_bootloader.o(i.nrf_bootloader_init)
 <LI><a href="#[38]">dfu_observer</a> from nrf_dfu.o(i.dfu_observer) referenced from nrf_dfu.o(i.nrf_dfu_init)
 <LI><a href="#[61]">double_jacobian_default</a> from uECC.c.o(.text.double_jacobian_default) referenced from uECC.c.o(.rodata.curve_secp256r1)
 <LI><a href="#[4d]">erase</a> from nrf_fstorage_nvmc.o(i.erase) referenced 2 times from nrf_fstorage_nvmc.o(.constdata)
 <LI><a href="#[35]">flash_write_callback</a> from nrf_bootloader_fw_activation.o(i.flash_write_callback) referenced from nrf_bootloader_fw_activation.o(i.nrf_bootloader_fw_activate)
 <LI><a href="#[33]">inactivity_timeout</a> from nrf_bootloader.o(i.inactivity_timeout) referenced from nrf_bootloader.o(i.dfu_observer)
 <LI><a href="#[33]">inactivity_timeout</a> from nrf_bootloader.o(i.inactivity_timeout) referenced from nrf_bootloader.o(i.nrf_bootloader_init)
 <LI><a href="#[49]">init</a> from nrf_fstorage_nvmc.o(i.init) referenced 2 times from nrf_fstorage_nvmc.o(.constdata)
 <LI><a href="#[50]">is_busy</a> from nrf_fstorage_nvmc.o(i.is_busy) referenced 2 times from nrf_fstorage_nvmc.o(.constdata)
 <LI><a href="#[2f]">main</a> from main.o(i.main) referenced from entry9a.o(.ARM.Collect$$$$0000000B)
 <LI><a href="#[39]">nrf_dfu_req_handler_req</a> from nrf_dfu_req_handler.o(i.nrf_dfu_req_handler_req) referenced from nrf_dfu_req_handler.o(i.nrf_dfu_req_handler_on_req)
 <LI><a href="#[6c]">nrf_dfu_set_adv_name_handler</a> from nrf_dfu_svci_handler.o(i.nrf_dfu_set_adv_name_handler) referenced from nrf_dfu_svci_handler.o(svc_data)
 <LI><a href="#[3a]">nrf_dfu_set_adv_name_on_call</a> from nrf_dfu_svci_handler.o(i.nrf_dfu_set_adv_name_on_call) referenced from nrf_dfu_svci_handler.o(i.nrf_dfu_set_adv_name_handler)
 <LI><a href="#[3b]">nrf_dfu_set_adv_name_on_sys_evt</a> from nrf_dfu_svci_handler.o(i.nrf_dfu_set_adv_name_on_sys_evt) referenced from nrf_dfu_svci_handler.o(i.nrf_dfu_set_adv_name_handler)
 <LI><a href="#[67]">nrf_fstorage_sdh_req_handler</a> from nrf_fstorage_sd.o(i.nrf_fstorage_sdh_req_handler) referenced from nrf_fstorage_sd.o(sdh_req_observers0)
 <LI><a href="#[6b]">nrf_fstorage_sdh_state_handler</a> from nrf_fstorage_sd.o(i.nrf_fstorage_sdh_state_handler) referenced from nrf_fstorage_sd.o(sdh_state_observers0)
 <LI><a href="#[68]">nrf_fstorage_sys_evt_handler</a> from nrf_fstorage_sd.o(i.nrf_fstorage_sys_evt_handler) referenced from nrf_fstorage_sd.o(sdh_soc_observers0)
 <LI><a href="#[69]">nrf_sdh_ble_evts_poll</a> from nrf_sdh_ble.o(i.nrf_sdh_ble_evts_poll) referenced from nrf_sdh_ble.o(sdh_stack_observers0)
 <LI><a href="#[6a]">nrf_sdh_soc_evts_poll</a> from nrf_sdh_soc.o(i.nrf_sdh_soc_evts_poll) referenced from nrf_sdh_soc.o(sdh_stack_observers0)
 <LI><a href="#[44]">nrf_sw_backend_hash_sha256_finalize</a> from nrf_sw_backend_hash.o(i.nrf_sw_backend_hash_sha256_finalize) referenced from nrf_sw_backend_hash.o(.constdata)
 <LI><a href="#[42]">nrf_sw_backend_hash_sha256_init</a> from nrf_sw_backend_hash.o(i.nrf_sw_backend_hash_sha256_init) referenced from nrf_sw_backend_hash.o(.constdata)
 <LI><a href="#[43]">nrf_sw_backend_hash_sha256_update</a> from nrf_sw_backend_hash.o(i.nrf_sw_backend_hash_sha256_update) referenced from nrf_sw_backend_hash.o(.constdata)
 <LI><a href="#[3d]">on_data_obj_execute_request_sched</a> from nrf_dfu_req_handler.o(i.on_data_obj_execute_request_sched) referenced from nrf_dfu_req_handler.o(i.on_data_obj_execute_request_sched)
 <LI><a href="#[3e]">on_dfu_complete</a> from nrf_dfu_req_handler.o(i.on_dfu_complete) referenced from nrf_dfu_req_handler.o(i.on_data_obj_execute_request_sched)
 <LI><a href="#[47]">on_flash_write</a> from nrf_dfu_ble.o(i.on_flash_write) referenced from nrf_dfu_ble.o(.constdata)
 <LI><a href="#[5e]">pb_dec_bytes</a> from pb_decode.o(i.pb_dec_bytes) referenced from pb_decode.o(.constdata)
 <LI><a href="#[5c]">pb_dec_fixed32</a> from pb_decode.o(i.pb_dec_fixed32) referenced from pb_decode.o(.constdata)
 <LI><a href="#[5d]">pb_dec_fixed64</a> from pb_decode.o(i.pb_dec_fixed64) referenced from pb_decode.o(.constdata)
 <LI><a href="#[5f]">pb_dec_string</a> from pb_decode.o(i.pb_dec_string) referenced from pb_decode.o(.constdata)
 <LI><a href="#[60]">pb_dec_submessage</a> from pb_decode.o(i.pb_dec_submessage) referenced from pb_decode.o(.constdata)
 <LI><a href="#[5b]">pb_dec_svarint</a> from pb_decode.o(i.pb_dec_svarint) referenced from pb_decode.o(.constdata)
 <LI><a href="#[5a]">pb_dec_uvarint</a> from pb_decode.o(i.pb_dec_uvarint) referenced from pb_decode.o(.constdata)
 <LI><a href="#[59]">pb_dec_varint</a> from pb_decode.o(i.pb_dec_varint) referenced from pb_decode.o(.constdata)
 <LI><a href="#[40]">pb_decoding_callback</a> from nrf_dfu_validation.o(i.pb_decoding_callback) referenced from nrf_dfu_validation.o(i.stored_init_cmd_decode)
 <LI><a href="#[4b]">read</a> from nrf_fstorage_nvmc.o(i.read) referenced 2 times from nrf_fstorage_nvmc.o(.constdata)
 <LI><a href="#[4e]">rmap</a> from nrf_fstorage_nvmc.o(i.rmap) referenced 2 times from nrf_fstorage_nvmc.o(.constdata)
 <LI><a href="#[32]">rtc_irq</a> from app_timer2.o(i.rtc_irq) referenced from app_timer2.o(i.app_timer_init)
 <LI><a href="#[41]">timeout_handler</a> from nrf_bootloader_dfu_timers.o(i.timeout_handler) referenced from nrf_bootloader_dfu_timers.o(i.timer_init)
 <LI><a href="#[45]">uECC_secp256r1</a> from uECC.c.o(.text.uECC_secp256r1) referenced from micro_ecc_backend_ecc.o(.constdata)
 <LI><a href="#[4a]">uninit</a> from nrf_fstorage_nvmc.o(i.uninit) referenced 2 times from nrf_fstorage_nvmc.o(.constdata)
 <LI><a href="#[63]">vli_mmod_fast_secp256r1</a> from uECC.c.o(.text.vli_mmod_fast_secp256r1) referenced from uECC.c.o(.rodata.curve_secp256r1)
 <LI><a href="#[37]">wdt_feed_timer_handler</a> from nrf_bootloader_wdt.o(i.wdt_feed_timer_handler) referenced from nrf_bootloader_wdt.o(i.nrf_bootloader_wdt_init)
 <LI><a href="#[4f]">wmap</a> from nrf_fstorage_nvmc.o(i.wmap) referenced 2 times from nrf_fstorage_nvmc.o(.constdata)
 <LI><a href="#[4c]">write</a> from nrf_fstorage_nvmc.o(i.write) referenced 2 times from nrf_fstorage_nvmc.o(.constdata)
 <LI><a href="#[62]">x_side_default</a> from uECC.c.o(.text.x_side_default) referenced from uECC.c.o(.rodata.curve_secp256r1)
</UL>
<P>
<H3>
Global Symbols
</H3>
<P><STRONG><a name="[31]"></a>__main</STRONG> (Thumb, 0 bytes, Stack size unknown bytes, entry.o(.ARM.Collect$$$$00000000))
<BR>[Address Reference Count : 1]<UL><LI> arm_startup_nrf52.o(.text)
</UL>
<P><STRONG><a name="[190]"></a>_main_stk</STRONG> (Thumb, 0 bytes, Stack size unknown bytes, entry2.o(.ARM.Collect$$$$00000001))

<P><STRONG><a name="[6f]"></a>_main_scatterload</STRONG> (Thumb, 0 bytes, Stack size unknown bytes, entry5.o(.ARM.Collect$$$$00000004))
<BR><BR>[Calls]<UL><LI><a href="#[70]">&gt;&gt;</a>&nbsp;&nbsp;&nbsp;__scatterload
</UL>

<P><STRONG><a name="[79]"></a>__main_after_scatterload</STRONG> (Thumb, 0 bytes, Stack size unknown bytes, entry5.o(.ARM.Collect$$$$00000004))
<BR><BR>[Called By]<UL><LI><a href="#[70]">&gt;&gt;</a>&nbsp;&nbsp;&nbsp;__scatterload
</UL>

<P><STRONG><a name="[191]"></a>_main_clock</STRONG> (Thumb, 0 bytes, Stack size unknown bytes, entry7b.o(.ARM.Collect$$$$00000008))

<P><STRONG><a name="[192]"></a>_main_cpp_init</STRONG> (Thumb, 0 bytes, Stack size unknown bytes, entry8b.o(.ARM.Collect$$$$0000000A))

<P><STRONG><a name="[193]"></a>_main_init</STRONG> (Thumb, 0 bytes, Stack size unknown bytes, entry9a.o(.ARM.Collect$$$$0000000B))

<P><STRONG><a name="[194]"></a>__rt_final_cpp</STRONG> (Thumb, 0 bytes, Stack size unknown bytes, entry10a.o(.ARM.Collect$$$$0000000D))

<P><STRONG><a name="[195]"></a>__rt_final_exit</STRONG> (Thumb, 0 bytes, Stack size unknown bytes, entry11a.o(.ARM.Collect$$$$0000000F))

<P><STRONG><a name="[10f]"></a>__asm___32_nrf_bootloader_app_start_final_c_c9922886__jump_to_addr</STRONG> (Thumb, 8 bytes, Stack size 0 bytes, nrf_bootloader_app_start_final.o(.emb_text), UNUSED)
<BR><BR>[Called By]<UL><LI><a href="#[10e]">&gt;&gt;</a>&nbsp;&nbsp;&nbsp;nrf_bootloader_app_start_final
</UL>

<P><STRONG><a name="[105]"></a>__asm___12_nrf_atfifo_c_51f461e1__nrf_atfifo_wspace_req</STRONG> (Thumb, 56 bytes, Stack size 0 bytes, nrf_atfifo.o(.emb_text))
<BR><BR>[Called By]<UL><LI><a href="#[f0]">&gt;&gt;</a>&nbsp;&nbsp;&nbsp;nrf_atfifo_item_alloc
</UL>

<P><STRONG><a name="[71]"></a>__asm___12_nrf_atfifo_c_51f461e1__nrf_atfifo_wspace_close</STRONG> (Thumb, 18 bytes, Stack size 0 bytes, nrf_atfifo.o(.emb_text))
<BR><BR>[Calls]<UL><LI><a href="#[71]">&gt;&gt;</a>&nbsp;&nbsp;&nbsp;__asm___12_nrf_atfifo_c_51f461e1__nrf_atfifo_wspace_close
</UL>
<BR>[Called By]<UL><LI><a href="#[f1]">&gt;&gt;</a>&nbsp;&nbsp;&nbsp;nrf_atfifo_item_put
<LI><a href="#[71]">&gt;&gt;</a>&nbsp;&nbsp;&nbsp;__asm___12_nrf_atfifo_c_51f461e1__nrf_atfifo_wspace_close
</UL>

<P><STRONG><a name="[108]"></a>__asm___12_nrf_atfifo_c_51f461e1__nrf_atfifo_rspace_req</STRONG> (Thumb, 58 bytes, Stack size 0 bytes, nrf_atfifo.o(.emb_text))
<BR><BR>[Called By]<UL><LI><a href="#[107]">&gt;&gt;</a>&nbsp;&nbsp;&nbsp;nrf_atfifo_item_get
</UL>

<P><STRONG><a name="[72]"></a>__asm___12_nrf_atfifo_c_51f461e1__nrf_atfifo_rspace_close</STRONG> (Thumb, 18 bytes, Stack size 0 bytes, nrf_atfifo.o(.emb_text))
<BR><BR>[Calls]<UL><LI><a href="#[72]">&gt;&gt;</a>&nbsp;&nbsp;&nbsp;__asm___12_nrf_atfifo_c_51f461e1__nrf_atfifo_rspace_close
</UL>
<BR>[Called By]<UL><LI><a href="#[106]">&gt;&gt;</a>&nbsp;&nbsp;&nbsp;nrf_atfifo_item_free
<LI><a href="#[72]">&gt;&gt;</a>&nbsp;&nbsp;&nbsp;__asm___12_nrf_atfifo_c_51f461e1__nrf_atfifo_rspace_close
</UL>

<P><STRONG><a name="[104]"></a>__asm___12_nrf_atfifo_c_51f461e1__nrf_atfifo_space_clear</STRONG> (Thumb, 50 bytes, Stack size 0 bytes, nrf_atfifo.o(.emb_text))
<BR><BR>[Called By]<UL><LI><a href="#[103]">&gt;&gt;</a>&nbsp;&nbsp;&nbsp;nrf_atfifo_clear
</UL>

<P><STRONG><a name="[196]"></a>__asm___12_nrf_atomic_c_85ca2469__nrf_atomic_internal_mov</STRONG> (Thumb, 24 bytes, Stack size 0 bytes, nrf_atomic.o(.emb_text), UNUSED)

<P><STRONG><a name="[10c]"></a>__asm___12_nrf_atomic_c_85ca2469__nrf_atomic_internal_orr</STRONG> (Thumb, 26 bytes, Stack size 0 bytes, nrf_atomic.o(.emb_text))
<BR><BR>[Called By]<UL><LI><a href="#[10a]">&gt;&gt;</a>&nbsp;&nbsp;&nbsp;nrf_atomic_u32_fetch_or
</UL>

<P><STRONG><a name="[10b]"></a>__asm___12_nrf_atomic_c_85ca2469__nrf_atomic_internal_and</STRONG> (Thumb, 26 bytes, Stack size 0 bytes, nrf_atomic.o(.emb_text))
<BR><BR>[Called By]<UL><LI><a href="#[109]">&gt;&gt;</a>&nbsp;&nbsp;&nbsp;nrf_atomic_u32_and
</UL>

<P><STRONG><a name="[197]"></a>__asm___12_nrf_atomic_c_85ca2469__nrf_atomic_internal_eor</STRONG> (Thumb, 26 bytes, Stack size 0 bytes, nrf_atomic.o(.emb_text), UNUSED)

<P><STRONG><a name="[198]"></a>__asm___12_nrf_atomic_c_85ca2469__nrf_atomic_internal_add</STRONG> (Thumb, 26 bytes, Stack size 0 bytes, nrf_atomic.o(.emb_text), UNUSED)

<P><STRONG><a name="[199]"></a>__asm___12_nrf_atomic_c_85ca2469__nrf_atomic_internal_sub</STRONG> (Thumb, 26 bytes, Stack size 0 bytes, nrf_atomic.o(.emb_text), UNUSED)

<P><STRONG><a name="[19a]"></a>__asm___12_nrf_atomic_c_85ca2469__nrf_atomic_internal_cmp_exch</STRONG> (Thumb, 42 bytes, Stack size 0 bytes, nrf_atomic.o(.emb_text), UNUSED)

<P><STRONG><a name="[19b]"></a>__asm___12_nrf_atomic_c_85ca2469__nrf_atomic_internal_sub_hs</STRONG> (Thumb, 30 bytes, Stack size 0 bytes, nrf_atomic.o(.emb_text), UNUSED)

<P><STRONG><a name="[6]"></a>SVC_Handler</STRONG> (Thumb, 20 bytes, Stack size 0 bytes, nrf_svc_handler.o(.emb_text))
<BR><BR>[Stack]<UL><LI>Max Depth = 24<LI>Call Chain = SVC_Handler &rArr; nrf_svc_handler_c
</UL>
<BR>[Calls]<UL><LI><a href="#[6e]">&gt;&gt;</a>&nbsp;&nbsp;&nbsp;nrf_svc_handler_c
</UL>
<BR>[Address Reference Count : 1]<UL><LI> arm_startup_nrf52.o(RESET)
</UL>
<P><STRONG><a name="[0]"></a>Reset_Handler</STRONG> (Thumb, 8 bytes, Stack size 0 bytes, arm_startup_nrf52.o(.text))
<BR>[Address Reference Count : 1]<UL><LI> arm_startup_nrf52.o(RESET)
</UL>
<P><STRONG><a name="[1]"></a>NMI_Handler</STRONG> (Thumb, 2 bytes, Stack size 0 bytes, arm_startup_nrf52.o(.text))
<BR><BR>[Calls]<UL><LI><a href="#[1]">&gt;&gt;</a>&nbsp;&nbsp;&nbsp;NMI_Handler
</UL>
<BR>[Called By]<UL><LI><a href="#[1]">&gt;&gt;</a>&nbsp;&nbsp;&nbsp;NMI_Handler
</UL>
<BR>[Address Reference Count : 1]<UL><LI> arm_startup_nrf52.o(RESET)
</UL>
<P><STRONG><a name="[2]"></a>HardFault_Handler</STRONG> (Thumb, 2 bytes, Stack size 0 bytes, arm_startup_nrf52.o(.text))
<BR><BR>[Calls]<UL><LI><a href="#[2]">&gt;&gt;</a>&nbsp;&nbsp;&nbsp;HardFault_Handler
</UL>
<BR>[Called By]<UL><LI><a href="#[2]">&gt;&gt;</a>&nbsp;&nbsp;&nbsp;HardFault_Handler
</UL>
<BR>[Address Reference Count : 1]<UL><LI> arm_startup_nrf52.o(RESET)
</UL>
<P><STRONG><a name="[3]"></a>MemoryManagement_Handler</STRONG> (Thumb, 2 bytes, Stack size 0 bytes, arm_startup_nrf52.o(.text))
<BR><BR>[Calls]<UL><LI><a href="#[3]">&gt;&gt;</a>&nbsp;&nbsp;&nbsp;MemoryManagement_Handler
</UL>
<BR>[Called By]<UL><LI><a href="#[3]">&gt;&gt;</a>&nbsp;&nbsp;&nbsp;MemoryManagement_Handler
</UL>
<BR>[Address Reference Count : 1]<UL><LI> arm_startup_nrf52.o(RESET)
</UL>
<P><STRONG><a name="[4]"></a>BusFault_Handler</STRONG> (Thumb, 2 bytes, Stack size 0 bytes, arm_startup_nrf52.o(.text))
<BR><BR>[Calls]<UL><LI><a href="#[4]">&gt;&gt;</a>&nbsp;&nbsp;&nbsp;BusFault_Handler
</UL>
<BR>[Called By]<UL><LI><a href="#[4]">&gt;&gt;</a>&nbsp;&nbsp;&nbsp;BusFault_Handler
</UL>
<BR>[Address Reference Count : 1]<UL><LI> arm_startup_nrf52.o(RESET)
</UL>
<P><STRONG><a name="[5]"></a>UsageFault_Handler</STRONG> (Thumb, 2 bytes, Stack size 0 bytes, arm_startup_nrf52.o(.text))
<BR><BR>[Calls]<UL><LI><a href="#[5]">&gt;&gt;</a>&nbsp;&nbsp;&nbsp;UsageFault_Handler
</UL>
<BR>[Called By]<UL><LI><a href="#[5]">&gt;&gt;</a>&nbsp;&nbsp;&nbsp;UsageFault_Handler
</UL>
<BR>[Address Reference Count : 1]<UL><LI> arm_startup_nrf52.o(RESET)
</UL>
<P><STRONG><a name="[7]"></a>DebugMon_Handler</STRONG> (Thumb, 2 bytes, Stack size 0 bytes, arm_startup_nrf52.o(.text))
<BR><BR>[Calls]<UL><LI><a href="#[7]">&gt;&gt;</a>&nbsp;&nbsp;&nbsp;DebugMon_Handler
</UL>
<BR>[Called By]<UL><LI><a href="#[7]">&gt;&gt;</a>&nbsp;&nbsp;&nbsp;DebugMon_Handler
</UL>
<BR>[Address Reference Count : 1]<UL><LI> arm_startup_nrf52.o(RESET)
</UL>
<P><STRONG><a name="[8]"></a>PendSV_Handler</STRONG> (Thumb, 2 bytes, Stack size 0 bytes, arm_startup_nrf52.o(.text))
<BR><BR>[Calls]<UL><LI><a href="#[8]">&gt;&gt;</a>&nbsp;&nbsp;&nbsp;PendSV_Handler
</UL>
<BR>[Called By]<UL><LI><a href="#[8]">&gt;&gt;</a>&nbsp;&nbsp;&nbsp;PendSV_Handler
</UL>
<BR>[Address Reference Count : 1]<UL><LI> arm_startup_nrf52.o(RESET)
</UL>
<P><STRONG><a name="[9]"></a>SysTick_Handler</STRONG> (Thumb, 2 bytes, Stack size 0 bytes, arm_startup_nrf52.o(.text))
<BR><BR>[Calls]<UL><LI><a href="#[9]">&gt;&gt;</a>&nbsp;&nbsp;&nbsp;SysTick_Handler
</UL>
<BR>[Called By]<UL><LI><a href="#[9]">&gt;&gt;</a>&nbsp;&nbsp;&nbsp;SysTick_Handler
</UL>
<BR>[Address Reference Count : 1]<UL><LI> arm_startup_nrf52.o(RESET)
</UL>
<P><STRONG><a name="[19]"></a>CCM_AAR_IRQHandler</STRONG> (Thumb, 0 bytes, Stack size 0 bytes, arm_startup_nrf52.o(.text))
<BR><BR>[Calls]<UL><LI><a href="#[19]">&gt;&gt;</a>&nbsp;&nbsp;&nbsp;CCM_AAR_IRQHandler
</UL>
<BR>[Called By]<UL><LI><a href="#[19]">&gt;&gt;</a>&nbsp;&nbsp;&nbsp;CCM_AAR_IRQHandler
</UL>
<BR>[Address Reference Count : 1]<UL><LI> arm_startup_nrf52.o(RESET)
</UL>
<P><STRONG><a name="[1d]"></a>COMP_LPCOMP_IRQHandler</STRONG> (Thumb, 0 bytes, Stack size 0 bytes, arm_startup_nrf52.o(.text))
<BR>[Address Reference Count : 1]<UL><LI> arm_startup_nrf52.o(RESET)
</UL>
<P><STRONG><a name="[18]"></a>ECB_IRQHandler</STRONG> (Thumb, 0 bytes, Stack size 0 bytes, arm_startup_nrf52.o(.text))
<BR>[Address Reference Count : 1]<UL><LI> arm_startup_nrf52.o(RESET)
</UL>
<P><STRONG><a name="[2e]"></a>FPU_IRQHandler</STRONG> (Thumb, 0 bytes, Stack size 0 bytes, arm_startup_nrf52.o(.text))
<BR>[Address Reference Count : 1]<UL><LI> arm_startup_nrf52.o(RESET)
</UL>
<P><STRONG><a name="[10]"></a>GPIOTE_IRQHandler</STRONG> (Thumb, 0 bytes, Stack size 0 bytes, arm_startup_nrf52.o(.text))
<BR>[Address Reference Count : 1]<UL><LI> arm_startup_nrf52.o(RESET)
</UL>
<P><STRONG><a name="[2d]"></a>I2S_IRQHandler</STRONG> (Thumb, 0 bytes, Stack size 0 bytes, arm_startup_nrf52.o(.text))
<BR>[Address Reference Count : 1]<UL><LI> arm_startup_nrf52.o(RESET)
</UL>
<P><STRONG><a name="[28]"></a>MWU_IRQHandler</STRONG> (Thumb, 0 bytes, Stack size 0 bytes, arm_startup_nrf52.o(.text))
<BR>[Address Reference Count : 1]<UL><LI> arm_startup_nrf52.o(RESET)
</UL>
<P><STRONG><a name="[f]"></a>NFCT_IRQHandler</STRONG> (Thumb, 0 bytes, Stack size 0 bytes, arm_startup_nrf52.o(.text))
<BR>[Address Reference Count : 1]<UL><LI> arm_startup_nrf52.o(RESET)
</UL>
<P><STRONG><a name="[27]"></a>PDM_IRQHandler</STRONG> (Thumb, 0 bytes, Stack size 0 bytes, arm_startup_nrf52.o(.text))
<BR>[Address Reference Count : 1]<UL><LI> arm_startup_nrf52.o(RESET)
</UL>
<P><STRONG><a name="[a]"></a>POWER_CLOCK_IRQHandler</STRONG> (Thumb, 0 bytes, Stack size 0 bytes, arm_startup_nrf52.o(.text))
<BR>[Address Reference Count : 1]<UL><LI> arm_startup_nrf52.o(RESET)
</UL>
<P><STRONG><a name="[26]"></a>PWM0_IRQHandler</STRONG> (Thumb, 0 bytes, Stack size 0 bytes, arm_startup_nrf52.o(.text))
<BR>[Address Reference Count : 1]<UL><LI> arm_startup_nrf52.o(RESET)
</UL>
<P><STRONG><a name="[29]"></a>PWM1_IRQHandler</STRONG> (Thumb, 0 bytes, Stack size 0 bytes, arm_startup_nrf52.o(.text))
<BR>[Address Reference Count : 1]<UL><LI> arm_startup_nrf52.o(RESET)
</UL>
<P><STRONG><a name="[2a]"></a>PWM2_IRQHandler</STRONG> (Thumb, 0 bytes, Stack size 0 bytes, arm_startup_nrf52.o(.text))
<BR>[Address Reference Count : 1]<UL><LI> arm_startup_nrf52.o(RESET)
</UL>
<P><STRONG><a name="[1c]"></a>QDEC_IRQHandler</STRONG> (Thumb, 0 bytes, Stack size 0 bytes, arm_startup_nrf52.o(.text))
<BR>[Address Reference Count : 1]<UL><LI> arm_startup_nrf52.o(RESET)
</UL>
<P><STRONG><a name="[b]"></a>RADIO_IRQHandler</STRONG> (Thumb, 0 bytes, Stack size 0 bytes, arm_startup_nrf52.o(.text))
<BR>[Address Reference Count : 1]<UL><LI> arm_startup_nrf52.o(RESET)
</UL>
<P><STRONG><a name="[17]"></a>RNG_IRQHandler</STRONG> (Thumb, 0 bytes, Stack size 0 bytes, arm_startup_nrf52.o(.text))
<BR>[Address Reference Count : 1]<UL><LI> arm_startup_nrf52.o(RESET)
</UL>
<P><STRONG><a name="[15]"></a>RTC0_IRQHandler</STRONG> (Thumb, 0 bytes, Stack size 0 bytes, arm_startup_nrf52.o(.text))
<BR>[Address Reference Count : 1]<UL><LI> arm_startup_nrf52.o(RESET)
</UL>
<P><STRONG><a name="[2c]"></a>RTC2_IRQHandler</STRONG> (Thumb, 0 bytes, Stack size 0 bytes, arm_startup_nrf52.o(.text))
<BR>[Address Reference Count : 1]<UL><LI> arm_startup_nrf52.o(RESET)
</UL>
<P><STRONG><a name="[11]"></a>SAADC_IRQHandler</STRONG> (Thumb, 0 bytes, Stack size 0 bytes, arm_startup_nrf52.o(.text))
<BR>[Address Reference Count : 1]<UL><LI> arm_startup_nrf52.o(RESET)
</UL>
<P><STRONG><a name="[d]"></a>SPIM0_SPIS0_TWIM0_TWIS0_SPI0_TWI0_IRQHandler</STRONG> (Thumb, 0 bytes, Stack size 0 bytes, arm_startup_nrf52.o(.text))
<BR>[Address Reference Count : 1]<UL><LI> arm_startup_nrf52.o(RESET)
</UL>
<P><STRONG><a name="[e]"></a>SPIM1_SPIS1_TWIM1_TWIS1_SPI1_TWI1_IRQHandler</STRONG> (Thumb, 0 bytes, Stack size 0 bytes, arm_startup_nrf52.o(.text))
<BR>[Address Reference Count : 1]<UL><LI> arm_startup_nrf52.o(RESET)
</UL>
<P><STRONG><a name="[2b]"></a>SPIM2_SPIS2_SPI2_IRQHandler</STRONG> (Thumb, 0 bytes, Stack size 0 bytes, arm_startup_nrf52.o(.text))
<BR>[Address Reference Count : 1]<UL><LI> arm_startup_nrf52.o(RESET)
</UL>
<P><STRONG><a name="[1e]"></a>SWI0_EGU0_IRQHandler</STRONG> (Thumb, 0 bytes, Stack size 0 bytes, arm_startup_nrf52.o(.text))
<BR>[Address Reference Count : 1]<UL><LI> arm_startup_nrf52.o(RESET)
</UL>
<P><STRONG><a name="[1f]"></a>SWI1_EGU1_IRQHandler</STRONG> (Thumb, 0 bytes, Stack size 0 bytes, arm_startup_nrf52.o(.text))
<BR>[Address Reference Count : 1]<UL><LI> arm_startup_nrf52.o(RESET)
</UL>
<P><STRONG><a name="[21]"></a>SWI3_EGU3_IRQHandler</STRONG> (Thumb, 0 bytes, Stack size 0 bytes, arm_startup_nrf52.o(.text))
<BR>[Address Reference Count : 1]<UL><LI> arm_startup_nrf52.o(RESET)
</UL>
<P><STRONG><a name="[22]"></a>SWI4_EGU4_IRQHandler</STRONG> (Thumb, 0 bytes, Stack size 0 bytes, arm_startup_nrf52.o(.text))
<BR>[Address Reference Count : 1]<UL><LI> arm_startup_nrf52.o(RESET)
</UL>
<P><STRONG><a name="[23]"></a>SWI5_EGU5_IRQHandler</STRONG> (Thumb, 0 bytes, Stack size 0 bytes, arm_startup_nrf52.o(.text))
<BR>[Address Reference Count : 1]<UL><LI> arm_startup_nrf52.o(RESET)
</UL>
<P><STRONG><a name="[16]"></a>TEMP_IRQHandler</STRONG> (Thumb, 0 bytes, Stack size 0 bytes, arm_startup_nrf52.o(.text))
<BR>[Address Reference Count : 1]<UL><LI> arm_startup_nrf52.o(RESET)
</UL>
<P><STRONG><a name="[12]"></a>TIMER0_IRQHandler</STRONG> (Thumb, 0 bytes, Stack size 0 bytes, arm_startup_nrf52.o(.text))
<BR>[Address Reference Count : 1]<UL><LI> arm_startup_nrf52.o(RESET)
</UL>
<P><STRONG><a name="[13]"></a>TIMER1_IRQHandler</STRONG> (Thumb, 0 bytes, Stack size 0 bytes, arm_startup_nrf52.o(.text))
<BR>[Address Reference Count : 1]<UL><LI> arm_startup_nrf52.o(RESET)
</UL>
<P><STRONG><a name="[14]"></a>TIMER2_IRQHandler</STRONG> (Thumb, 0 bytes, Stack size 0 bytes, arm_startup_nrf52.o(.text))
<BR>[Address Reference Count : 1]<UL><LI> arm_startup_nrf52.o(RESET)
</UL>
<P><STRONG><a name="[24]"></a>TIMER3_IRQHandler</STRONG> (Thumb, 0 bytes, Stack size 0 bytes, arm_startup_nrf52.o(.text))
<BR>[Address Reference Count : 1]<UL><LI> arm_startup_nrf52.o(RESET)
</UL>
<P><STRONG><a name="[25]"></a>TIMER4_IRQHandler</STRONG> (Thumb, 0 bytes, Stack size 0 bytes, arm_startup_nrf52.o(.text))
<BR>[Address Reference Count : 1]<UL><LI> arm_startup_nrf52.o(RESET)
</UL>
<P><STRONG><a name="[c]"></a>UARTE0_UART0_IRQHandler</STRONG> (Thumb, 0 bytes, Stack size 0 bytes, arm_startup_nrf52.o(.text))
<BR>[Address Reference Count : 1]<UL><LI> arm_startup_nrf52.o(RESET)
</UL>
<P><STRONG><a name="[73]"></a>__aeabi_uldivmod</STRONG> (Thumb, 98 bytes, Stack size 40 bytes, uldiv.o(.text))
<BR><BR>[Stack]<UL><LI>Max Depth = 40<LI>Call Chain = __aeabi_uldivmod
</UL>
<BR>[Calls]<UL><LI><a href="#[74]">&gt;&gt;</a>&nbsp;&nbsp;&nbsp;__aeabi_llsr
<LI><a href="#[75]">&gt;&gt;</a>&nbsp;&nbsp;&nbsp;__aeabi_llsl
</UL>
<BR>[Called By]<UL><LI><a href="#[110]">&gt;&gt;</a>&nbsp;&nbsp;&nbsp;timer_start
</UL>

<P><STRONG><a name="[75]"></a>__aeabi_llsl</STRONG> (Thumb, 30 bytes, Stack size 0 bytes, llshl.o(.text))
<BR><BR>[Called By]<UL><LI><a href="#[172]">&gt;&gt;</a>&nbsp;&nbsp;&nbsp;pb_decode_varint
<LI><a href="#[73]">&gt;&gt;</a>&nbsp;&nbsp;&nbsp;__aeabi_uldivmod
</UL>

<P><STRONG><a name="[19c]"></a>_ll_shift_l</STRONG> (Thumb, 0 bytes, Stack size 0 bytes, llshl.o(.text), UNUSED)

<P><STRONG><a name="[a2]"></a>__aeabi_memcpy</STRONG> (Thumb, 36 bytes, Stack size 0 bytes, memcpya.o(.text))
<BR><BR>[Called By]<UL><LI><a href="#[11e]">&gt;&gt;</a>&nbsp;&nbsp;&nbsp;nrf_crypto_backend_micro_ecc_public_key_from_raw
<LI><a href="#[115]">&gt;&gt;</a>&nbsp;&nbsp;&nbsp;nrf_dfu_settings_init
<LI><a href="#[c9]">&gt;&gt;</a>&nbsp;&nbsp;&nbsp;nrf_dfu_settings_adv_name_copy
<LI><a href="#[ca]">&gt;&gt;</a>&nbsp;&nbsp;&nbsp;gap_params_init
<LI><a href="#[66]">&gt;&gt;</a>&nbsp;&nbsp;&nbsp;ble_evt_handler
<LI><a href="#[14d]">&gt;&gt;</a>&nbsp;&nbsp;&nbsp;signature_check
<LI><a href="#[14b]">&gt;&gt;</a>&nbsp;&nbsp;&nbsp;nrf_dfu_validation_init_cmd_append
<LI><a href="#[ad]">&gt;&gt;</a>&nbsp;&nbsp;&nbsp;app_sched_event_put
<LI><a href="#[53]">&gt;&gt;</a>&nbsp;&nbsp;&nbsp;read
<LI><a href="#[4b]">&gt;&gt;</a>&nbsp;&nbsp;&nbsp;read
<LI><a href="#[99]">&gt;&gt;</a>&nbsp;&nbsp;&nbsp;_WriteNoCheck
<LI><a href="#[9a]">&gt;&gt;</a>&nbsp;&nbsp;&nbsp;_WriteBlocking
<LI><a href="#[177]">&gt;&gt;</a>&nbsp;&nbsp;&nbsp;pb_field_set_to_default
</UL>

<P><STRONG><a name="[a4]"></a>__aeabi_memcpy4</STRONG> (Thumb, 0 bytes, Stack size 0 bytes, memcpya.o(.text))
<BR><BR>[Called By]<UL><LI><a href="#[fc]">&gt;&gt;</a>&nbsp;&nbsp;&nbsp;nrf_dfu_settings_write
<LI><a href="#[10e]">&gt;&gt;</a>&nbsp;&nbsp;&nbsp;nrf_bootloader_app_start_final
<LI><a href="#[3d]">&gt;&gt;</a>&nbsp;&nbsp;&nbsp;on_data_obj_execute_request_sched
<LI><a href="#[143]">&gt;&gt;</a>&nbsp;&nbsp;&nbsp;nrf_dfu_req_handler_req_process
<LI><a href="#[ba]">&gt;&gt;</a>&nbsp;&nbsp;&nbsp;ble_dfu_init
<LI><a href="#[cf]">&gt;&gt;</a>&nbsp;&nbsp;&nbsp;on_ctrl_pt_write
<LI><a href="#[66]">&gt;&gt;</a>&nbsp;&nbsp;&nbsp;ble_evt_handler
<LI><a href="#[a3]">&gt;&gt;</a>&nbsp;&nbsp;&nbsp;advertising_start
</UL>

<P><STRONG><a name="[19d]"></a>__aeabi_memcpy8</STRONG> (Thumb, 0 bytes, Stack size 0 bytes, memcpya.o(.text), UNUSED)

<P><STRONG><a name="[77]"></a>__aeabi_memset</STRONG> (Thumb, 14 bytes, Stack size 0 bytes, memseta.o(.text))
<BR><BR>[Called By]<UL><LI><a href="#[14f]">&gt;&gt;</a>&nbsp;&nbsp;&nbsp;nrf_dfu_validation_post_data_execute
<LI><a href="#[78]">&gt;&gt;</a>&nbsp;&nbsp;&nbsp;memset
<LI><a href="#[76]">&gt;&gt;</a>&nbsp;&nbsp;&nbsp;__aeabi_memclr
</UL>

<P><STRONG><a name="[19e]"></a>__aeabi_memset4</STRONG> (Thumb, 0 bytes, Stack size 0 bytes, memseta.o(.text), UNUSED)

<P><STRONG><a name="[19f]"></a>__aeabi_memset8</STRONG> (Thumb, 0 bytes, Stack size 0 bytes, memseta.o(.text), UNUSED)

<P><STRONG><a name="[76]"></a>__aeabi_memclr</STRONG> (Thumb, 4 bytes, Stack size 0 bytes, memseta.o(.text))
<BR><BR>[Calls]<UL><LI><a href="#[77]">&gt;&gt;</a>&nbsp;&nbsp;&nbsp;__aeabi_memset
</UL>
<BR>[Called By]<UL><LI><a href="#[177]">&gt;&gt;</a>&nbsp;&nbsp;&nbsp;pb_field_set_to_default
<LI><a href="#[dc]">&gt;&gt;</a>&nbsp;&nbsp;&nbsp;decode_static_field
</UL>

<P><STRONG><a name="[bb]"></a>__aeabi_memclr4</STRONG> (Thumb, 0 bytes, Stack size 0 bytes, memseta.o(.text))
<BR><BR>[Called By]<UL><LI><a href="#[115]">&gt;&gt;</a>&nbsp;&nbsp;&nbsp;nrf_dfu_settings_init
<LI><a href="#[46]">&gt;&gt;</a>&nbsp;&nbsp;&nbsp;ble_dfu_req_handler_callback
<LI><a href="#[165]">&gt;&gt;</a>&nbsp;&nbsp;&nbsp;sha256_final
<LI><a href="#[14f]">&gt;&gt;</a>&nbsp;&nbsp;&nbsp;nrf_dfu_validation_post_data_execute
<LI><a href="#[14c]">&gt;&gt;</a>&nbsp;&nbsp;&nbsp;nrf_dfu_validation_init_cmd_create
<LI><a href="#[54]">&gt;&gt;</a>&nbsp;&nbsp;&nbsp;write
<LI><a href="#[52]">&gt;&gt;</a>&nbsp;&nbsp;&nbsp;uninit
<LI><a href="#[f3]">&gt;&gt;</a>&nbsp;&nbsp;&nbsp;event_send
<LI><a href="#[55]">&gt;&gt;</a>&nbsp;&nbsp;&nbsp;erase
<LI><a href="#[ef]">&gt;&gt;</a>&nbsp;&nbsp;&nbsp;event_send
</UL>

<P><STRONG><a name="[1a0]"></a>__aeabi_memclr8</STRONG> (Thumb, 0 bytes, Stack size 0 bytes, memseta.o(.text), UNUSED)

<P><STRONG><a name="[78]"></a>memset</STRONG> (Thumb, 18 bytes, Stack size 8 bytes, memseta.o(.text))
<BR><BR>[Stack]<UL><LI>Max Depth = 8<LI>Call Chain = memset
</UL>
<BR>[Calls]<UL><LI><a href="#[77]">&gt;&gt;</a>&nbsp;&nbsp;&nbsp;__aeabi_memset
</UL>
<BR>[Called By]<UL><LI><a href="#[62]">&gt;&gt;</a>&nbsp;&nbsp;&nbsp;x_side_default
</UL>

<P><STRONG><a name="[b7]"></a>memcmp</STRONG> (Thumb, 26 bytes, Stack size 12 bytes, memcmp.o(.text))
<BR><BR>[Stack]<UL><LI>Max Depth = 12<LI>Call Chain = memcmp
</UL>
<BR>[Called By]<UL><LI><a href="#[fc]">&gt;&gt;</a>&nbsp;&nbsp;&nbsp;nrf_dfu_settings_write
<LI><a href="#[b6]">&gt;&gt;</a>&nbsp;&nbsp;&nbsp;bl_activate
<LI><a href="#[ca]">&gt;&gt;</a>&nbsp;&nbsp;&nbsp;gap_params_init
<LI><a href="#[14f]">&gt;&gt;</a>&nbsp;&nbsp;&nbsp;nrf_dfu_validation_post_data_execute
</UL>

<P><STRONG><a name="[a1]"></a>strcpy</STRONG> (Thumb, 18 bytes, Stack size 0 bytes, strcpy.o(.text))
<BR><BR>[Called By]<UL><LI><a href="#[94]">&gt;&gt;</a>&nbsp;&nbsp;&nbsp;_DoInit
</UL>

<P><STRONG><a name="[a8]"></a>strrchr</STRONG> (Thumb, 32 bytes, Stack size 0 bytes, strrchr.o(.text))
<BR><BR>[Called By]<UL><LI><a href="#[33]">&gt;&gt;</a>&nbsp;&nbsp;&nbsp;inactivity_timeout
<LI><a href="#[de]">&gt;&gt;</a>&nbsp;&nbsp;&nbsp;dfu_enter_check
<LI><a href="#[d0]">&gt;&gt;</a>&nbsp;&nbsp;&nbsp;bootloader_reset
<LI><a href="#[101]">&gt;&gt;</a>&nbsp;&nbsp;&nbsp;nrf_bootloader_init
<LI><a href="#[113]">&gt;&gt;</a>&nbsp;&nbsp;&nbsp;sd_bl_activate
<LI><a href="#[112]">&gt;&gt;</a>&nbsp;&nbsp;&nbsp;sd_activate
<LI><a href="#[a9]">&gt;&gt;</a>&nbsp;&nbsp;&nbsp;image_copy
<LI><a href="#[b6]">&gt;&gt;</a>&nbsp;&nbsp;&nbsp;bl_activate
<LI><a href="#[a6]">&gt;&gt;</a>&nbsp;&nbsp;&nbsp;app_activate
<LI><a href="#[117]">&gt;&gt;</a>&nbsp;&nbsp;&nbsp;nrf_dfu_init_user
<LI><a href="#[111]">&gt;&gt;</a>&nbsp;&nbsp;&nbsp;nrf_bootloader_fw_activate
<LI><a href="#[144]">&gt;&gt;</a>&nbsp;&nbsp;&nbsp;on_hw_version_request
<LI><a href="#[145]">&gt;&gt;</a>&nbsp;&nbsp;&nbsp;on_fw_version_request
<LI><a href="#[3e]">&gt;&gt;</a>&nbsp;&nbsp;&nbsp;on_dfu_complete
<LI><a href="#[136]">&gt;&gt;</a>&nbsp;&nbsp;&nbsp;on_data_obj_write_request
<LI><a href="#[138]">&gt;&gt;</a>&nbsp;&nbsp;&nbsp;on_data_obj_select_request
<LI><a href="#[3d]">&gt;&gt;</a>&nbsp;&nbsp;&nbsp;on_data_obj_execute_request_sched
<LI><a href="#[137]">&gt;&gt;</a>&nbsp;&nbsp;&nbsp;on_data_obj_execute_request
<LI><a href="#[135]">&gt;&gt;</a>&nbsp;&nbsp;&nbsp;on_data_obj_create_request
<LI><a href="#[131]">&gt;&gt;</a>&nbsp;&nbsp;&nbsp;on_cmd_obj_write_request
<LI><a href="#[133]">&gt;&gt;</a>&nbsp;&nbsp;&nbsp;on_cmd_obj_select_request
<LI><a href="#[132]">&gt;&gt;</a>&nbsp;&nbsp;&nbsp;on_cmd_obj_execute_request
<LI><a href="#[12f]">&gt;&gt;</a>&nbsp;&nbsp;&nbsp;on_cmd_obj_create_request
<LI><a href="#[143]">&gt;&gt;</a>&nbsp;&nbsp;&nbsp;nrf_dfu_req_handler_req_process
<LI><a href="#[13f]">&gt;&gt;</a>&nbsp;&nbsp;&nbsp;nrf_dfu_obj_op
<LI><a href="#[134]">&gt;&gt;</a>&nbsp;&nbsp;&nbsp;nrf_dfu_data_req
<LI><a href="#[12e]">&gt;&gt;</a>&nbsp;&nbsp;&nbsp;nrf_dfu_command_req
<LI><a href="#[cc]">&gt;&gt;</a>&nbsp;&nbsp;&nbsp;nrf_dfu_req_handler_on_req
<LI><a href="#[66]">&gt;&gt;</a>&nbsp;&nbsp;&nbsp;ble_evt_handler
</UL>

<P><STRONG><a name="[74]"></a>__aeabi_llsr</STRONG> (Thumb, 32 bytes, Stack size 0 bytes, llushr.o(.text))
<BR><BR>[Called By]<UL><LI><a href="#[73]">&gt;&gt;</a>&nbsp;&nbsp;&nbsp;__aeabi_uldivmod
</UL>

<P><STRONG><a name="[1a1]"></a>_ll_ushift_r</STRONG> (Thumb, 0 bytes, Stack size 0 bytes, llushr.o(.text), UNUSED)

<P><STRONG><a name="[70]"></a>__scatterload</STRONG> (Thumb, 28 bytes, Stack size 0 bytes, init.o(.text))
<BR><BR>[Calls]<UL><LI><a href="#[79]">&gt;&gt;</a>&nbsp;&nbsp;&nbsp;__main_after_scatterload
</UL>
<BR>[Called By]<UL><LI><a href="#[6f]">&gt;&gt;</a>&nbsp;&nbsp;&nbsp;_main_scatterload
</UL>

<P><STRONG><a name="[1a2]"></a>__scatterload_rt2</STRONG> (Thumb, 0 bytes, Stack size 0 bytes, init.o(.text), UNUSED)

<P><STRONG><a name="[45]"></a>uECC_secp256r1</STRONG> (Thumb, 8 bytes, Stack size 0 bytes, uECC.c.o(.text.uECC_secp256r1))
<BR>[Address Reference Count : 1]<UL><LI> micro_ecc_backend_ecc.o(.constdata)
</UL>
<P><STRONG><a name="[89]"></a>uECC_verify</STRONG> (Thumb, 690 bytes, Stack size 1888 bytes, uECC.c.o(.text.uECC_verify))
<BR><BR>[Stack]<UL><LI>Max Depth = 2976<LI>Call Chain = uECC_verify &rArr; uECC_vli_modMult &rArr; uECC_vli_mmod &rArr; uECC_vli_set
</UL>
<BR>[Calls]<UL><LI><a href="#[7f]">&gt;&gt;</a>&nbsp;&nbsp;&nbsp;apply_z
<LI><a href="#[7a]">&gt;&gt;</a>&nbsp;&nbsp;&nbsp;XYcZ_add
<LI><a href="#[80]">&gt;&gt;</a>&nbsp;&nbsp;&nbsp;bits2int
<LI><a href="#[83]">&gt;&gt;</a>&nbsp;&nbsp;&nbsp;uECC_vli_cmp_unsafe
<LI><a href="#[82]">&gt;&gt;</a>&nbsp;&nbsp;&nbsp;bcopy
<LI><a href="#[8a]">&gt;&gt;</a>&nbsp;&nbsp;&nbsp;uECC_vli_modInv
<LI><a href="#[7d]">&gt;&gt;</a>&nbsp;&nbsp;&nbsp;uECC_vli_modMult_fast
<LI><a href="#[8b]">&gt;&gt;</a>&nbsp;&nbsp;&nbsp;uECC_vli_modMult
<LI><a href="#[7b]">&gt;&gt;</a>&nbsp;&nbsp;&nbsp;uECC_vli_modSub
<LI><a href="#[8e]">&gt;&gt;</a>&nbsp;&nbsp;&nbsp;uECC_vli_equal
<LI><a href="#[7e]">&gt;&gt;</a>&nbsp;&nbsp;&nbsp;uECC_vli_set
<LI><a href="#[8c]">&gt;&gt;</a>&nbsp;&nbsp;&nbsp;uECC_vli_numBits
<LI><a href="#[8d]">&gt;&gt;</a>&nbsp;&nbsp;&nbsp;uECC_vli_testBit
<LI><a href="#[85]">&gt;&gt;</a>&nbsp;&nbsp;&nbsp;uECC_vli_isZero
<LI><a href="#[81]">&gt;&gt;</a>&nbsp;&nbsp;&nbsp;uECC_vli_clear
<LI><a href="#[84]">&gt;&gt;</a>&nbsp;&nbsp;&nbsp;uECC_vli_sub
</UL>
<BR>[Called By]<UL><LI><a href="#[120]">&gt;&gt;</a>&nbsp;&nbsp;&nbsp;nrf_crypto_backend_micro_ecc_verify
</UL>

<P><STRONG><a name="[87]"></a>uECC_vli_add</STRONG> (Thumb, 90 bytes, Stack size 64 bytes, uECC.c.o(.text.uECC_vli_add))
<BR><BR>[Stack]<UL><LI>Max Depth = 64<LI>Call Chain = uECC_vli_add
</UL>
<BR>[Called By]<UL><LI><a href="#[61]">&gt;&gt;</a>&nbsp;&nbsp;&nbsp;double_jacobian_default
<LI><a href="#[90]">&gt;&gt;</a>&nbsp;&nbsp;&nbsp;vli_modInv_update
<LI><a href="#[63]">&gt;&gt;</a>&nbsp;&nbsp;&nbsp;vli_mmod_fast_secp256r1
<LI><a href="#[8a]">&gt;&gt;</a>&nbsp;&nbsp;&nbsp;uECC_vli_modInv
<LI><a href="#[7b]">&gt;&gt;</a>&nbsp;&nbsp;&nbsp;uECC_vli_modSub
<LI><a href="#[86]">&gt;&gt;</a>&nbsp;&nbsp;&nbsp;uECC_vli_modAdd
</UL>

<P><STRONG><a name="[81]"></a>uECC_vli_clear</STRONG> (Thumb, 22 bytes, Stack size 32 bytes, uECC.c.o(.text.uECC_vli_clear))
<BR><BR>[Stack]<UL><LI>Max Depth = 32<LI>Call Chain = uECC_vli_clear
</UL>
<BR>[Called By]<UL><LI><a href="#[89]">&gt;&gt;</a>&nbsp;&nbsp;&nbsp;uECC_verify
<LI><a href="#[80]">&gt;&gt;</a>&nbsp;&nbsp;&nbsp;bits2int
<LI><a href="#[8a]">&gt;&gt;</a>&nbsp;&nbsp;&nbsp;uECC_vli_modInv
<LI><a href="#[8f]">&gt;&gt;</a>&nbsp;&nbsp;&nbsp;uECC_vli_mmod
</UL>

<P><STRONG><a name="[8e]"></a>uECC_vli_equal</STRONG> (Thumb, 36 bytes, Stack size 48 bytes, uECC.c.o(.text.uECC_vli_equal))
<BR><BR>[Stack]<UL><LI>Max Depth = 48<LI>Call Chain = uECC_vli_equal
</UL>
<BR>[Called By]<UL><LI><a href="#[89]">&gt;&gt;</a>&nbsp;&nbsp;&nbsp;uECC_verify
</UL>

<P><STRONG><a name="[85]"></a>uECC_vli_isZero</STRONG> (Thumb, 30 bytes, Stack size 32 bytes, uECC.c.o(.text.uECC_vli_isZero))
<BR><BR>[Stack]<UL><LI>Max Depth = 32<LI>Call Chain = uECC_vli_isZero
</UL>
<BR>[Called By]<UL><LI><a href="#[89]">&gt;&gt;</a>&nbsp;&nbsp;&nbsp;uECC_verify
<LI><a href="#[61]">&gt;&gt;</a>&nbsp;&nbsp;&nbsp;double_jacobian_default
<LI><a href="#[8a]">&gt;&gt;</a>&nbsp;&nbsp;&nbsp;uECC_vli_modInv
</UL>

<P><STRONG><a name="[8f]"></a>uECC_vli_mmod</STRONG> (Thumb, 308 bytes, Stack size 736 bytes, uECC.c.o(.text.uECC_vli_mmod))
<BR><BR>[Stack]<UL><LI>Max Depth = 768<LI>Call Chain = uECC_vli_mmod &rArr; uECC_vli_set
</UL>
<BR>[Calls]<UL><LI><a href="#[88]">&gt;&gt;</a>&nbsp;&nbsp;&nbsp;uECC_vli_rshift1
<LI><a href="#[7e]">&gt;&gt;</a>&nbsp;&nbsp;&nbsp;uECC_vli_set
<LI><a href="#[8c]">&gt;&gt;</a>&nbsp;&nbsp;&nbsp;uECC_vli_numBits
<LI><a href="#[81]">&gt;&gt;</a>&nbsp;&nbsp;&nbsp;uECC_vli_clear
</UL>
<BR>[Called By]<UL><LI><a href="#[8b]">&gt;&gt;</a>&nbsp;&nbsp;&nbsp;uECC_vli_modMult
</UL>

<P><STRONG><a name="[86]"></a>uECC_vli_modAdd</STRONG> (Thumb, 50 bytes, Stack size 64 bytes, uECC.c.o(.text.uECC_vli_modAdd))
<BR><BR>[Stack]<UL><LI>Max Depth = 128<LI>Call Chain = uECC_vli_modAdd &rArr; uECC_vli_sub
</UL>
<BR>[Calls]<UL><LI><a href="#[83]">&gt;&gt;</a>&nbsp;&nbsp;&nbsp;uECC_vli_cmp_unsafe
<LI><a href="#[84]">&gt;&gt;</a>&nbsp;&nbsp;&nbsp;uECC_vli_sub
<LI><a href="#[87]">&gt;&gt;</a>&nbsp;&nbsp;&nbsp;uECC_vli_add
</UL>
<BR>[Called By]<UL><LI><a href="#[61]">&gt;&gt;</a>&nbsp;&nbsp;&nbsp;double_jacobian_default
<LI><a href="#[62]">&gt;&gt;</a>&nbsp;&nbsp;&nbsp;x_side_default
</UL>

<P><STRONG><a name="[8a]"></a>uECC_vli_modInv</STRONG> (Thumb, 262 bytes, Stack size 608 bytes, uECC.c.o(.text.uECC_vli_modInv))
<BR><BR>[Stack]<UL><LI>Max Depth = 736<LI>Call Chain = uECC_vli_modInv &rArr; vli_modInv_update &rArr; uECC_vli_add
</UL>
<BR>[Calls]<UL><LI><a href="#[90]">&gt;&gt;</a>&nbsp;&nbsp;&nbsp;vli_modInv_update
<LI><a href="#[83]">&gt;&gt;</a>&nbsp;&nbsp;&nbsp;uECC_vli_cmp_unsafe
<LI><a href="#[88]">&gt;&gt;</a>&nbsp;&nbsp;&nbsp;uECC_vli_rshift1
<LI><a href="#[7e]">&gt;&gt;</a>&nbsp;&nbsp;&nbsp;uECC_vli_set
<LI><a href="#[85]">&gt;&gt;</a>&nbsp;&nbsp;&nbsp;uECC_vli_isZero
<LI><a href="#[81]">&gt;&gt;</a>&nbsp;&nbsp;&nbsp;uECC_vli_clear
<LI><a href="#[84]">&gt;&gt;</a>&nbsp;&nbsp;&nbsp;uECC_vli_sub
<LI><a href="#[87]">&gt;&gt;</a>&nbsp;&nbsp;&nbsp;uECC_vli_add
</UL>
<BR>[Called By]<UL><LI><a href="#[89]">&gt;&gt;</a>&nbsp;&nbsp;&nbsp;uECC_verify
</UL>

<P><STRONG><a name="[8b]"></a>uECC_vli_modMult</STRONG> (Thumb, 34 bytes, Stack size 320 bytes, uECC.c.o(.text.uECC_vli_modMult))
<BR><BR>[Stack]<UL><LI>Max Depth = 1088<LI>Call Chain = uECC_vli_modMult &rArr; uECC_vli_mmod &rArr; uECC_vli_set
</UL>
<BR>[Calls]<UL><LI><a href="#[8f]">&gt;&gt;</a>&nbsp;&nbsp;&nbsp;uECC_vli_mmod
<LI><a href="#[91]">&gt;&gt;</a>&nbsp;&nbsp;&nbsp;uECC_vli_mult
</UL>
<BR>[Called By]<UL><LI><a href="#[89]">&gt;&gt;</a>&nbsp;&nbsp;&nbsp;uECC_verify
</UL>

<P><STRONG><a name="[7d]"></a>uECC_vli_modMult_fast</STRONG> (Thumb, 32 bytes, Stack size 320 bytes, uECC.c.o(.text.uECC_vli_modMult_fast))
<BR><BR>[Stack]<UL><LI>Max Depth = 464<LI>Call Chain = uECC_vli_modMult_fast &rArr; uECC_vli_mult
</UL>
<BR>[Calls]<UL><LI><a href="#[91]">&gt;&gt;</a>&nbsp;&nbsp;&nbsp;uECC_vli_mult
</UL>
<BR>[Called By]<UL><LI><a href="#[89]">&gt;&gt;</a>&nbsp;&nbsp;&nbsp;uECC_verify
<LI><a href="#[7f]">&gt;&gt;</a>&nbsp;&nbsp;&nbsp;apply_z
<LI><a href="#[7a]">&gt;&gt;</a>&nbsp;&nbsp;&nbsp;XYcZ_add
<LI><a href="#[61]">&gt;&gt;</a>&nbsp;&nbsp;&nbsp;double_jacobian_default
<LI><a href="#[62]">&gt;&gt;</a>&nbsp;&nbsp;&nbsp;x_side_default
</UL>

<P><STRONG><a name="[7c]"></a>uECC_vli_modSquare_fast</STRONG> (Thumb, 32 bytes, Stack size 320 bytes, uECC.c.o(.text.uECC_vli_modSquare_fast))
<BR><BR>[Stack]<UL><LI>Max Depth = 464<LI>Call Chain = uECC_vli_modSquare_fast &rArr; uECC_vli_square
</UL>
<BR>[Calls]<UL><LI><a href="#[92]">&gt;&gt;</a>&nbsp;&nbsp;&nbsp;uECC_vli_square
</UL>
<BR>[Called By]<UL><LI><a href="#[7f]">&gt;&gt;</a>&nbsp;&nbsp;&nbsp;apply_z
<LI><a href="#[7a]">&gt;&gt;</a>&nbsp;&nbsp;&nbsp;XYcZ_add
<LI><a href="#[61]">&gt;&gt;</a>&nbsp;&nbsp;&nbsp;double_jacobian_default
<LI><a href="#[62]">&gt;&gt;</a>&nbsp;&nbsp;&nbsp;x_side_default
</UL>

<P><STRONG><a name="[7b]"></a>uECC_vli_modSub</STRONG> (Thumb, 36 bytes, Stack size 64 bytes, uECC.c.o(.text.uECC_vli_modSub))
<BR><BR>[Stack]<UL><LI>Max Depth = 128<LI>Call Chain = uECC_vli_modSub &rArr; uECC_vli_sub
</UL>
<BR>[Calls]<UL><LI><a href="#[84]">&gt;&gt;</a>&nbsp;&nbsp;&nbsp;uECC_vli_sub
<LI><a href="#[87]">&gt;&gt;</a>&nbsp;&nbsp;&nbsp;uECC_vli_add
</UL>
<BR>[Called By]<UL><LI><a href="#[89]">&gt;&gt;</a>&nbsp;&nbsp;&nbsp;uECC_verify
<LI><a href="#[7a]">&gt;&gt;</a>&nbsp;&nbsp;&nbsp;XYcZ_add
<LI><a href="#[61]">&gt;&gt;</a>&nbsp;&nbsp;&nbsp;double_jacobian_default
<LI><a href="#[62]">&gt;&gt;</a>&nbsp;&nbsp;&nbsp;x_side_default
</UL>

<P><STRONG><a name="[91]"></a>uECC_vli_mult</STRONG> (Thumb, 786 bytes, Stack size 144 bytes, uECC.c.o(.text.uECC_vli_mult))
<BR><BR>[Stack]<UL><LI>Max Depth = 144<LI>Call Chain = uECC_vli_mult
</UL>
<BR>[Called By]<UL><LI><a href="#[7d]">&gt;&gt;</a>&nbsp;&nbsp;&nbsp;uECC_vli_modMult_fast
<LI><a href="#[8b]">&gt;&gt;</a>&nbsp;&nbsp;&nbsp;uECC_vli_modMult
</UL>

<P><STRONG><a name="[8c]"></a>uECC_vli_numBits</STRONG> (Thumb, 62 bytes, Stack size 0 bytes, uECC.c.o(.text.uECC_vli_numBits))
<BR><BR>[Called By]<UL><LI><a href="#[89]">&gt;&gt;</a>&nbsp;&nbsp;&nbsp;uECC_verify
<LI><a href="#[8f]">&gt;&gt;</a>&nbsp;&nbsp;&nbsp;uECC_vli_mmod
</UL>

<P><STRONG><a name="[88]"></a>uECC_vli_rshift1</STRONG> (Thumb, 26 bytes, Stack size 0 bytes, uECC.c.o(.text.uECC_vli_rshift1))
<BR><BR>[Called By]<UL><LI><a href="#[61]">&gt;&gt;</a>&nbsp;&nbsp;&nbsp;double_jacobian_default
<LI><a href="#[90]">&gt;&gt;</a>&nbsp;&nbsp;&nbsp;vli_modInv_update
<LI><a href="#[8a]">&gt;&gt;</a>&nbsp;&nbsp;&nbsp;uECC_vli_modInv
<LI><a href="#[8f]">&gt;&gt;</a>&nbsp;&nbsp;&nbsp;uECC_vli_mmod
</UL>

<P><STRONG><a name="[7e]"></a>uECC_vli_set</STRONG> (Thumb, 24 bytes, Stack size 32 bytes, uECC.c.o(.text.uECC_vli_set))
<BR><BR>[Stack]<UL><LI>Max Depth = 32<LI>Call Chain = uECC_vli_set
</UL>
<BR>[Called By]<UL><LI><a href="#[89]">&gt;&gt;</a>&nbsp;&nbsp;&nbsp;uECC_verify
<LI><a href="#[7a]">&gt;&gt;</a>&nbsp;&nbsp;&nbsp;XYcZ_add
<LI><a href="#[61]">&gt;&gt;</a>&nbsp;&nbsp;&nbsp;double_jacobian_default
<LI><a href="#[63]">&gt;&gt;</a>&nbsp;&nbsp;&nbsp;vli_mmod_fast_secp256r1
<LI><a href="#[8a]">&gt;&gt;</a>&nbsp;&nbsp;&nbsp;uECC_vli_modInv
<LI><a href="#[8f]">&gt;&gt;</a>&nbsp;&nbsp;&nbsp;uECC_vli_mmod
</UL>

<P><STRONG><a name="[92]"></a>uECC_vli_square</STRONG> (Thumb, 652 bytes, Stack size 144 bytes, uECC.c.o(.text.uECC_vli_square))
<BR><BR>[Stack]<UL><LI>Max Depth = 144<LI>Call Chain = uECC_vli_square
</UL>
<BR>[Called By]<UL><LI><a href="#[7c]">&gt;&gt;</a>&nbsp;&nbsp;&nbsp;uECC_vli_modSquare_fast
</UL>

<P><STRONG><a name="[84]"></a>uECC_vli_sub</STRONG> (Thumb, 94 bytes, Stack size 64 bytes, uECC.c.o(.text.uECC_vli_sub))
<BR><BR>[Stack]<UL><LI>Max Depth = 64<LI>Call Chain = uECC_vli_sub
</UL>
<BR>[Called By]<UL><LI><a href="#[89]">&gt;&gt;</a>&nbsp;&nbsp;&nbsp;uECC_verify
<LI><a href="#[63]">&gt;&gt;</a>&nbsp;&nbsp;&nbsp;vli_mmod_fast_secp256r1
<LI><a href="#[80]">&gt;&gt;</a>&nbsp;&nbsp;&nbsp;bits2int
<LI><a href="#[8a]">&gt;&gt;</a>&nbsp;&nbsp;&nbsp;uECC_vli_modInv
<LI><a href="#[7b]">&gt;&gt;</a>&nbsp;&nbsp;&nbsp;uECC_vli_modSub
<LI><a href="#[86]">&gt;&gt;</a>&nbsp;&nbsp;&nbsp;uECC_vli_modAdd
</UL>

<P><STRONG><a name="[8d]"></a>uECC_vli_testBit</STRONG> (Thumb, 20 bytes, Stack size 0 bytes, uECC.c.o(.text.uECC_vli_testBit))
<BR><BR>[Called By]<UL><LI><a href="#[89]">&gt;&gt;</a>&nbsp;&nbsp;&nbsp;uECC_verify
</UL>

<P><STRONG><a name="[1b]"></a>RTC1_IRQHandler</STRONG> (Thumb, 12 bytes, Stack size 0 bytes, drv_rtc.o(i.RTC1_IRQHandler))
<BR>[Address Reference Count : 1]<UL><LI> arm_startup_nrf52.o(RESET)
</UL>
<P><STRONG><a name="[93]"></a>SEGGER_RTT_Write</STRONG> (Thumb, 54 bytes, Stack size 24 bytes, segger_rtt.o(i.SEGGER_RTT_Write))
<BR><BR>[Stack]<UL><LI>Max Depth = 72<LI>Call Chain = SEGGER_RTT_Write &rArr; SEGGER_RTT_WriteNoLock &rArr; _WriteBlocking
</UL>
<BR>[Calls]<UL><LI><a href="#[97]">&gt;&gt;</a>&nbsp;&nbsp;&nbsp;app_util_critical_region_exit
<LI><a href="#[95]">&gt;&gt;</a>&nbsp;&nbsp;&nbsp;app_util_critical_region_enter
<LI><a href="#[96]">&gt;&gt;</a>&nbsp;&nbsp;&nbsp;SEGGER_RTT_WriteNoLock
<LI><a href="#[94]">&gt;&gt;</a>&nbsp;&nbsp;&nbsp;_DoInit
</UL>
<BR>[Called By]<UL><LI><a href="#[9c]">&gt;&gt;</a>&nbsp;&nbsp;&nbsp;SEGGER_RTT_vprintf
<LI><a href="#[9d]">&gt;&gt;</a>&nbsp;&nbsp;&nbsp;_StoreChar
</UL>

<P><STRONG><a name="[96]"></a>SEGGER_RTT_WriteNoLock</STRONG> (Thumb, 86 bytes, Stack size 16 bytes, segger_rtt.o(i.SEGGER_RTT_WriteNoLock))
<BR><BR>[Stack]<UL><LI>Max Depth = 48<LI>Call Chain = SEGGER_RTT_WriteNoLock &rArr; _WriteBlocking
</UL>
<BR>[Calls]<UL><LI><a href="#[99]">&gt;&gt;</a>&nbsp;&nbsp;&nbsp;_WriteNoCheck
<LI><a href="#[9a]">&gt;&gt;</a>&nbsp;&nbsp;&nbsp;_WriteBlocking
<LI><a href="#[98]">&gt;&gt;</a>&nbsp;&nbsp;&nbsp;_GetAvailWriteSpace
</UL>
<BR>[Called By]<UL><LI><a href="#[93]">&gt;&gt;</a>&nbsp;&nbsp;&nbsp;SEGGER_RTT_Write
</UL>

<P><STRONG><a name="[9b]"></a>SEGGER_RTT_printf</STRONG> (Thumb, 22 bytes, Stack size 24 bytes, segger_rtt_printf.o(i.SEGGER_RTT_printf))
<BR><BR>[Stack]<UL><LI>Max Depth = 312<LI>Call Chain = SEGGER_RTT_printf &rArr; SEGGER_RTT_vprintf &rArr; _PrintInt &rArr; _PrintUnsigned &rArr; _StoreChar &rArr; SEGGER_RTT_Write &rArr; SEGGER_RTT_WriteNoLock &rArr; _WriteBlocking
</UL>
<BR>[Calls]<UL><LI><a href="#[9c]">&gt;&gt;</a>&nbsp;&nbsp;&nbsp;SEGGER_RTT_vprintf
</UL>
<BR>[Called By]<UL><LI><a href="#[33]">&gt;&gt;</a>&nbsp;&nbsp;&nbsp;inactivity_timeout
<LI><a href="#[de]">&gt;&gt;</a>&nbsp;&nbsp;&nbsp;dfu_enter_check
<LI><a href="#[d0]">&gt;&gt;</a>&nbsp;&nbsp;&nbsp;bootloader_reset
<LI><a href="#[101]">&gt;&gt;</a>&nbsp;&nbsp;&nbsp;nrf_bootloader_init
<LI><a href="#[2f]">&gt;&gt;</a>&nbsp;&nbsp;&nbsp;main
<LI><a href="#[ac]">&gt;&gt;</a>&nbsp;&nbsp;&nbsp;app_error_handler_bare
<LI><a href="#[3c]">&gt;&gt;</a>&nbsp;&nbsp;&nbsp;app_error_fault_handler
<LI><a href="#[113]">&gt;&gt;</a>&nbsp;&nbsp;&nbsp;sd_bl_activate
<LI><a href="#[112]">&gt;&gt;</a>&nbsp;&nbsp;&nbsp;sd_activate
<LI><a href="#[a9]">&gt;&gt;</a>&nbsp;&nbsp;&nbsp;image_copy
<LI><a href="#[b6]">&gt;&gt;</a>&nbsp;&nbsp;&nbsp;bl_activate
<LI><a href="#[a6]">&gt;&gt;</a>&nbsp;&nbsp;&nbsp;app_activate
<LI><a href="#[117]">&gt;&gt;</a>&nbsp;&nbsp;&nbsp;nrf_dfu_init_user
<LI><a href="#[111]">&gt;&gt;</a>&nbsp;&nbsp;&nbsp;nrf_bootloader_fw_activate
<LI><a href="#[144]">&gt;&gt;</a>&nbsp;&nbsp;&nbsp;on_hw_version_request
<LI><a href="#[145]">&gt;&gt;</a>&nbsp;&nbsp;&nbsp;on_fw_version_request
<LI><a href="#[3e]">&gt;&gt;</a>&nbsp;&nbsp;&nbsp;on_dfu_complete
<LI><a href="#[136]">&gt;&gt;</a>&nbsp;&nbsp;&nbsp;on_data_obj_write_request
<LI><a href="#[138]">&gt;&gt;</a>&nbsp;&nbsp;&nbsp;on_data_obj_select_request
<LI><a href="#[3d]">&gt;&gt;</a>&nbsp;&nbsp;&nbsp;on_data_obj_execute_request_sched
<LI><a href="#[137]">&gt;&gt;</a>&nbsp;&nbsp;&nbsp;on_data_obj_execute_request
<LI><a href="#[135]">&gt;&gt;</a>&nbsp;&nbsp;&nbsp;on_data_obj_create_request
<LI><a href="#[131]">&gt;&gt;</a>&nbsp;&nbsp;&nbsp;on_cmd_obj_write_request
<LI><a href="#[133]">&gt;&gt;</a>&nbsp;&nbsp;&nbsp;on_cmd_obj_select_request
<LI><a href="#[132]">&gt;&gt;</a>&nbsp;&nbsp;&nbsp;on_cmd_obj_execute_request
<LI><a href="#[12f]">&gt;&gt;</a>&nbsp;&nbsp;&nbsp;on_cmd_obj_create_request
<LI><a href="#[143]">&gt;&gt;</a>&nbsp;&nbsp;&nbsp;nrf_dfu_req_handler_req_process
<LI><a href="#[13f]">&gt;&gt;</a>&nbsp;&nbsp;&nbsp;nrf_dfu_obj_op
<LI><a href="#[134]">&gt;&gt;</a>&nbsp;&nbsp;&nbsp;nrf_dfu_data_req
<LI><a href="#[12e]">&gt;&gt;</a>&nbsp;&nbsp;&nbsp;nrf_dfu_command_req
<LI><a href="#[c7]">&gt;&gt;</a>&nbsp;&nbsp;&nbsp;nrf_sdh_ble_enable
<LI><a href="#[cc]">&gt;&gt;</a>&nbsp;&nbsp;&nbsp;nrf_dfu_req_handler_on_req
<LI><a href="#[66]">&gt;&gt;</a>&nbsp;&nbsp;&nbsp;ble_evt_handler
</UL>

<P><STRONG><a name="[9c]"></a>SEGGER_RTT_vprintf</STRONG> (Thumb, 406 bytes, Stack size 120 bytes, segger_rtt_printf.o(i.SEGGER_RTT_vprintf))
<BR><BR>[Stack]<UL><LI>Max Depth = 288<LI>Call Chain = SEGGER_RTT_vprintf &rArr; _PrintInt &rArr; _PrintUnsigned &rArr; _StoreChar &rArr; SEGGER_RTT_Write &rArr; SEGGER_RTT_WriteNoLock &rArr; _WriteBlocking
</UL>
<BR>[Calls]<UL><LI><a href="#[9d]">&gt;&gt;</a>&nbsp;&nbsp;&nbsp;_StoreChar
<LI><a href="#[9f]">&gt;&gt;</a>&nbsp;&nbsp;&nbsp;_PrintUnsigned
<LI><a href="#[9e]">&gt;&gt;</a>&nbsp;&nbsp;&nbsp;_PrintInt
<LI><a href="#[93]">&gt;&gt;</a>&nbsp;&nbsp;&nbsp;SEGGER_RTT_Write
</UL>
<BR>[Called By]<UL><LI><a href="#[9b]">&gt;&gt;</a>&nbsp;&nbsp;&nbsp;SEGGER_RTT_printf
</UL>

<P><STRONG><a name="[20]"></a>SWI2_EGU2_IRQHandler</STRONG> (Thumb, 4 bytes, Stack size 0 bytes, nrf_sdh.o(i.SWI2_EGU2_IRQHandler))
<BR><BR>[Stack]<UL><LI>Max Depth = 24<LI>Call Chain = SWI2_EGU2_IRQHandler &rArr; nrf_sdh_evts_poll &rArr; nrf_section_iter_next &rArr; nrf_section_iter_item_set
</UL>
<BR>[Calls]<UL><LI><a href="#[a0]">&gt;&gt;</a>&nbsp;&nbsp;&nbsp;nrf_sdh_evts_poll
</UL>
<BR>[Address Reference Count : 1]<UL><LI> arm_startup_nrf52.o(RESET)
</UL>
<P><STRONG><a name="[30]"></a>SystemInit</STRONG> (Thumb, 726 bytes, Stack size 20 bytes, system_nrf52.o(i.SystemInit))
<BR><BR>[Stack]<UL><LI>Max Depth = 20<LI>Call Chain = SystemInit
</UL>
<BR>[Address Reference Count : 1]<UL><LI> arm_startup_nrf52.o(.text)
</UL>
<P><STRONG><a name="[1a]"></a>WDT_IRQHandler</STRONG> (Thumb, 14 bytes, Stack size 8 bytes, nrf_bootloader_wdt.o(i.WDT_IRQHandler))
<BR><BR>[Stack]<UL><LI>Max Depth = 8<LI>Call Chain = WDT_IRQHandler
</UL>
<BR>[Address Reference Count : 1]<UL><LI> arm_startup_nrf52.o(RESET)
</UL>
<P><STRONG><a name="[1a3]"></a>__scatterload_copy</STRONG> (Thumb, 14 bytes, Stack size unknown bytes, handlers.o(i.__scatterload_copy), UNUSED)

<P><STRONG><a name="[1a4]"></a>__scatterload_null</STRONG> (Thumb, 2 bytes, Stack size unknown bytes, handlers.o(i.__scatterload_null), UNUSED)

<P><STRONG><a name="[1a5]"></a>__scatterload_zeroinit</STRONG> (Thumb, 14 bytes, Stack size unknown bytes, handlers.o(i.__scatterload_zeroinit), UNUSED)

<P><STRONG><a name="[3c]"></a>app_error_fault_handler</STRONG> (Thumb, 22 bytes, Stack size 16 bytes, main.o(i.app_error_fault_handler))
<BR><BR>[Stack]<UL><LI>Max Depth = 328<LI>Call Chain = app_error_fault_handler &rArr; SEGGER_RTT_printf &rArr; SEGGER_RTT_vprintf &rArr; _PrintInt &rArr; _PrintUnsigned &rArr; _StoreChar &rArr; SEGGER_RTT_Write &rArr; SEGGER_RTT_WriteNoLock &rArr; _WriteBlocking
</UL>
<BR>[Calls]<UL><LI><a href="#[9b]">&gt;&gt;</a>&nbsp;&nbsp;&nbsp;SEGGER_RTT_printf
<LI><a href="#[ab]">&gt;&gt;</a>&nbsp;&nbsp;&nbsp;on_error
</UL>
<BR>[Address Reference Count : 1]<UL><LI> nrf_sdh.o(i.nrf_sdh_enable_request)
</UL>
<P><STRONG><a name="[ac]"></a>app_error_handler_bare</STRONG> (Thumb, 22 bytes, Stack size 16 bytes, main.o(i.app_error_handler_bare))
<BR><BR>[Stack]<UL><LI>Max Depth = 328<LI>Call Chain = app_error_handler_bare &rArr; SEGGER_RTT_printf &rArr; SEGGER_RTT_vprintf &rArr; _PrintInt &rArr; _PrintUnsigned &rArr; _StoreChar &rArr; SEGGER_RTT_Write &rArr; SEGGER_RTT_WriteNoLock &rArr; _WriteBlocking
</UL>
<BR>[Calls]<UL><LI><a href="#[9b]">&gt;&gt;</a>&nbsp;&nbsp;&nbsp;SEGGER_RTT_printf
<LI><a href="#[ab]">&gt;&gt;</a>&nbsp;&nbsp;&nbsp;on_error
</UL>
<BR>[Called By]<UL><LI><a href="#[101]">&gt;&gt;</a>&nbsp;&nbsp;&nbsp;nrf_bootloader_init
<LI><a href="#[2f]">&gt;&gt;</a>&nbsp;&nbsp;&nbsp;main
<LI><a href="#[18c]">&gt;&gt;</a>&nbsp;&nbsp;&nbsp;timer_init
<LI><a href="#[66]">&gt;&gt;</a>&nbsp;&nbsp;&nbsp;ble_evt_handler
<LI><a href="#[6a]">&gt;&gt;</a>&nbsp;&nbsp;&nbsp;nrf_sdh_soc_evts_poll
<LI><a href="#[69]">&gt;&gt;</a>&nbsp;&nbsp;&nbsp;nrf_sdh_ble_evts_poll
<LI><a href="#[161]">&gt;&gt;</a>&nbsp;&nbsp;&nbsp;swi_interrupt_priority_workaround
<LI><a href="#[162]">&gt;&gt;</a>&nbsp;&nbsp;&nbsp;softdevices_evt_irq_enable
<LI><a href="#[160]">&gt;&gt;</a>&nbsp;&nbsp;&nbsp;softdevice_evt_irq_disable
</UL>

<P><STRONG><a name="[ad]"></a>app_sched_event_put</STRONG> (Thumb, 154 bytes, Stack size 40 bytes, app_scheduler.o(i.app_sched_event_put))
<BR><BR>[Stack]<UL><LI>Max Depth = 52<LI>Call Chain = app_sched_event_put &rArr; app_util_critical_region_enter
</UL>
<BR>[Calls]<UL><LI><a href="#[97]">&gt;&gt;</a>&nbsp;&nbsp;&nbsp;app_util_critical_region_exit
<LI><a href="#[95]">&gt;&gt;</a>&nbsp;&nbsp;&nbsp;app_util_critical_region_enter
<LI><a href="#[a2]">&gt;&gt;</a>&nbsp;&nbsp;&nbsp;__aeabi_memcpy
</UL>
<BR>[Called By]<UL><LI><a href="#[3d]">&gt;&gt;</a>&nbsp;&nbsp;&nbsp;on_data_obj_execute_request_sched
<LI><a href="#[cc]">&gt;&gt;</a>&nbsp;&nbsp;&nbsp;nrf_dfu_req_handler_on_req
</UL>

<P><STRONG><a name="[119]"></a>app_sched_execute</STRONG> (Thumb, 58 bytes, Stack size 8 bytes, app_scheduler.o(i.app_sched_execute))
<BR><BR>[Stack]<UL><LI>Max Depth = 8<LI>Call Chain = app_sched_execute
</UL>
<BR>[Called By]<UL><LI><a href="#[101]">&gt;&gt;</a>&nbsp;&nbsp;&nbsp;nrf_bootloader_init
</UL>

<P><STRONG><a name="[116]"></a>app_sched_init</STRONG> (Thumb, 40 bytes, Stack size 12 bytes, app_scheduler.o(i.app_sched_init))
<BR><BR>[Stack]<UL><LI>Max Depth = 12<LI>Call Chain = app_sched_init
</UL>
<BR>[Called By]<UL><LI><a href="#[101]">&gt;&gt;</a>&nbsp;&nbsp;&nbsp;nrf_bootloader_init
</UL>

<P><STRONG><a name="[18d]"></a>app_timer_create</STRONG> (Thumb, 22 bytes, Stack size 0 bytes, app_timer2.o(i.app_timer_create))
<BR><BR>[Called By]<UL><LI><a href="#[18c]">&gt;&gt;</a>&nbsp;&nbsp;&nbsp;timer_init
</UL>

<P><STRONG><a name="[ae]"></a>app_timer_init</STRONG> (Thumb, 58 bytes, Stack size 16 bytes, app_timer2.o(i.app_timer_init))
<BR><BR>[Stack]<UL><LI>Max Depth = 28<LI>Call Chain = app_timer_init &rArr; drv_rtc_init
</UL>
<BR>[Calls]<UL><LI><a href="#[af]">&gt;&gt;</a>&nbsp;&nbsp;&nbsp;nrf_atfifo_init
<LI><a href="#[b1]">&gt;&gt;</a>&nbsp;&nbsp;&nbsp;drv_rtc_overflow_enable
<LI><a href="#[b0]">&gt;&gt;</a>&nbsp;&nbsp;&nbsp;drv_rtc_init
</UL>
<BR>[Called By]<UL><LI><a href="#[18c]">&gt;&gt;</a>&nbsp;&nbsp;&nbsp;timer_init
</UL>

<P><STRONG><a name="[b2]"></a>app_timer_start</STRONG> (Thumb, 46 bytes, Stack size 16 bytes, app_timer2.o(i.app_timer_start))
<BR><BR>[Stack]<UL><LI>Max Depth = 56<LI>Call Chain = app_timer_start &rArr; timer_req_schedule &rArr; nrf_atfifo_item_alloc
</UL>
<BR>[Calls]<UL><LI><a href="#[b3]">&gt;&gt;</a>&nbsp;&nbsp;&nbsp;drv_rtc_counter_get
<LI><a href="#[b4]">&gt;&gt;</a>&nbsp;&nbsp;&nbsp;timer_req_schedule
</UL>
<BR>[Called By]<UL><LI><a href="#[110]">&gt;&gt;</a>&nbsp;&nbsp;&nbsp;timer_start
</UL>

<P><STRONG><a name="[b5]"></a>app_timer_stop</STRONG> (Thumb, 12 bytes, Stack size 0 bytes, app_timer2.o(i.app_timer_stop))
<BR><BR>[Stack]<UL><LI>Max Depth = 40<LI>Call Chain = app_timer_stop &rArr; timer_req_schedule &rArr; nrf_atfifo_item_alloc
</UL>
<BR>[Calls]<UL><LI><a href="#[b4]">&gt;&gt;</a>&nbsp;&nbsp;&nbsp;timer_req_schedule
</UL>
<BR>[Called By]<UL><LI><a href="#[110]">&gt;&gt;</a>&nbsp;&nbsp;&nbsp;timer_start
</UL>

<P><STRONG><a name="[95]"></a>app_util_critical_region_enter</STRONG> (Thumb, 64 bytes, Stack size 12 bytes, app_util_platform.o(i.app_util_critical_region_enter))
<BR><BR>[Stack]<UL><LI>Max Depth = 12<LI>Call Chain = app_util_critical_region_enter
</UL>
<BR>[Called By]<UL><LI><a href="#[c4]">&gt;&gt;</a>&nbsp;&nbsp;&nbsp;nrf_sdh_enable_request
<LI><a href="#[c1]">&gt;&gt;</a>&nbsp;&nbsp;&nbsp;nrf_sdh_disable_request
<LI><a href="#[cd]">&gt;&gt;</a>&nbsp;&nbsp;&nbsp;nrf_balloc_free
<LI><a href="#[cb]">&gt;&gt;</a>&nbsp;&nbsp;&nbsp;nrf_balloc_alloc
<LI><a href="#[ad]">&gt;&gt;</a>&nbsp;&nbsp;&nbsp;app_sched_event_put
<LI><a href="#[93]">&gt;&gt;</a>&nbsp;&nbsp;&nbsp;SEGGER_RTT_Write
</UL>

<P><STRONG><a name="[97]"></a>app_util_critical_region_exit</STRONG> (Thumb, 46 bytes, Stack size 0 bytes, app_util_platform.o(i.app_util_critical_region_exit))
<BR><BR>[Called By]<UL><LI><a href="#[c4]">&gt;&gt;</a>&nbsp;&nbsp;&nbsp;nrf_sdh_enable_request
<LI><a href="#[c1]">&gt;&gt;</a>&nbsp;&nbsp;&nbsp;nrf_sdh_disable_request
<LI><a href="#[cd]">&gt;&gt;</a>&nbsp;&nbsp;&nbsp;nrf_balloc_free
<LI><a href="#[cb]">&gt;&gt;</a>&nbsp;&nbsp;&nbsp;nrf_balloc_alloc
<LI><a href="#[ad]">&gt;&gt;</a>&nbsp;&nbsp;&nbsp;app_sched_event_put
<LI><a href="#[93]">&gt;&gt;</a>&nbsp;&nbsp;&nbsp;SEGGER_RTT_Write
</UL>

<P><STRONG><a name="[ba]"></a>ble_dfu_init</STRONG> (Thumb, 182 bytes, Stack size 96 bytes, nrf_dfu_ble.o(i.ble_dfu_init))
<BR><BR>[Stack]<UL><LI>Max Depth = 96<LI>Call Chain = ble_dfu_init
</UL>
<BR>[Calls]<UL><LI><a href="#[a4]">&gt;&gt;</a>&nbsp;&nbsp;&nbsp;__aeabi_memcpy4
</UL>
<BR>[Called By]<UL><LI><a href="#[64]">&gt;&gt;</a>&nbsp;&nbsp;&nbsp;ble_dfu_transport_init
</UL>

<P><STRONG><a name="[16a]"></a>ble_srv_is_notification_enabled</STRONG> (Thumb, 8 bytes, Stack size 0 bytes, ble_srv_common.o(i.ble_srv_is_notification_enabled))
<BR><BR>[Called By]<UL><LI><a href="#[ce]">&gt;&gt;</a>&nbsp;&nbsp;&nbsp;on_rw_authorize_req
</UL>

<P><STRONG><a name="[d1]"></a>bsp_board_init</STRONG> (Thumb, 80 bytes, Stack size 32 bytes, boards.o(i.bsp_board_init))
<BR><BR>[Stack]<UL><LI>Max Depth = 48<LI>Call Chain = bsp_board_init &rArr; nrf_gpio_cfg
</UL>
<BR>[Calls]<UL><LI><a href="#[d3]">&gt;&gt;</a>&nbsp;&nbsp;&nbsp;bsp_board_leds_off
<LI><a href="#[d2]">&gt;&gt;</a>&nbsp;&nbsp;&nbsp;nrf_gpio_cfg
</UL>
<BR>[Called By]<UL><LI><a href="#[34]">&gt;&gt;</a>&nbsp;&nbsp;&nbsp;dfu_observer
</UL>

<P><STRONG><a name="[d4]"></a>bsp_board_led_off</STRONG> (Thumb, 10 bytes, Stack size 0 bytes, boards.o(i.bsp_board_led_off))
<BR><BR>[Calls]<UL><LI><a href="#[d5]">&gt;&gt;</a>&nbsp;&nbsp;&nbsp;nrf_gpio_pin_write
</UL>
<BR>[Called By]<UL><LI><a href="#[d3]">&gt;&gt;</a>&nbsp;&nbsp;&nbsp;bsp_board_leds_off
</UL>

<P><STRONG><a name="[d3]"></a>bsp_board_leds_off</STRONG> (Thumb, 18 bytes, Stack size 8 bytes, boards.o(i.bsp_board_leds_off))
<BR><BR>[Stack]<UL><LI>Max Depth = 8<LI>Call Chain = bsp_board_leds_off
</UL>
<BR>[Calls]<UL><LI><a href="#[d4]">&gt;&gt;</a>&nbsp;&nbsp;&nbsp;bsp_board_led_off
</UL>
<BR>[Called By]<UL><LI><a href="#[d1]">&gt;&gt;</a>&nbsp;&nbsp;&nbsp;bsp_board_init
</UL>

<P><STRONG><a name="[aa]"></a>crc32_compute</STRONG> (Thumb, 54 bytes, Stack size 20 bytes, crc32.o(i.crc32_compute))
<BR><BR>[Stack]<UL><LI>Max Depth = 20<LI>Call Chain = crc32_compute
</UL>
<BR>[Called By]<UL><LI><a href="#[a6]">&gt;&gt;</a>&nbsp;&nbsp;&nbsp;app_activate
<LI><a href="#[df]">&gt;&gt;</a>&nbsp;&nbsp;&nbsp;nrf_dfu_app_is_valid
<LI><a href="#[136]">&gt;&gt;</a>&nbsp;&nbsp;&nbsp;on_data_obj_write_request
<LI><a href="#[c8]">&gt;&gt;</a>&nbsp;&nbsp;&nbsp;nrf_dfu_settings_adv_name_is_valid
<LI><a href="#[146]">&gt;&gt;</a>&nbsp;&nbsp;&nbsp;nrf_dfu_settings_adv_name_write
<LI><a href="#[148]">&gt;&gt;</a>&nbsp;&nbsp;&nbsp;nrf_dfu_settings_crc_get
<LI><a href="#[14b]">&gt;&gt;</a>&nbsp;&nbsp;&nbsp;nrf_dfu_validation_init_cmd_append
</UL>

<P><STRONG><a name="[6d]"></a>dfu_fstorage_evt_handler</STRONG> (Thumb, 12 bytes, Stack size 0 bytes, nrf_dfu_flash.o(i.dfu_fstorage_evt_handler))
<BR>[Address Reference Count : 1]<UL><LI> nrf_dfu_flash.o(fs_data)
</UL>
<P><STRONG><a name="[e4]"></a>drv_rtc_compare_pending</STRONG> (Thumb, 14 bytes, Stack size 0 bytes, drv_rtc.o(i.drv_rtc_compare_pending))
<BR><BR>[Stack]<UL><LI>Max Depth = 8<LI>Call Chain = drv_rtc_compare_pending &rArr; evt_pending
</UL>
<BR>[Calls]<UL><LI><a href="#[e5]">&gt;&gt;</a>&nbsp;&nbsp;&nbsp;evt_pending
</UL>
<BR>[Called By]<UL><LI><a href="#[32]">&gt;&gt;</a>&nbsp;&nbsp;&nbsp;rtc_irq
</UL>

<P><STRONG><a name="[b3]"></a>drv_rtc_counter_get</STRONG> (Thumb, 8 bytes, Stack size 0 bytes, drv_rtc.o(i.drv_rtc_counter_get))
<BR><BR>[Called By]<UL><LI><a href="#[b2]">&gt;&gt;</a>&nbsp;&nbsp;&nbsp;app_timer_start
<LI><a href="#[17c]">&gt;&gt;</a>&nbsp;&nbsp;&nbsp;timer_req_process
</UL>

<P><STRONG><a name="[b0]"></a>drv_rtc_init</STRONG> (Thumb, 150 bytes, Stack size 12 bytes, drv_rtc.o(i.drv_rtc_init))
<BR><BR>[Stack]<UL><LI>Max Depth = 12<LI>Call Chain = drv_rtc_init
</UL>
<BR>[Called By]<UL><LI><a href="#[ae]">&gt;&gt;</a>&nbsp;&nbsp;&nbsp;app_timer_init
</UL>

<P><STRONG><a name="[18f]"></a>drv_rtc_irq_trigger</STRONG> (Thumb, 30 bytes, Stack size 0 bytes, drv_rtc.o(i.drv_rtc_irq_trigger))
<BR><BR>[Called By]<UL><LI><a href="#[b4]">&gt;&gt;</a>&nbsp;&nbsp;&nbsp;timer_req_schedule
</UL>

<P><STRONG><a name="[b1]"></a>drv_rtc_overflow_enable</STRONG> (Thumb, 8 bytes, Stack size 0 bytes, drv_rtc.o(i.drv_rtc_overflow_enable))
<BR><BR>[Calls]<UL><LI><a href="#[e6]">&gt;&gt;</a>&nbsp;&nbsp;&nbsp;evt_enable
</UL>
<BR>[Called By]<UL><LI><a href="#[ae]">&gt;&gt;</a>&nbsp;&nbsp;&nbsp;app_timer_init
</UL>

<P><STRONG><a name="[e7]"></a>drv_rtc_overflow_pending</STRONG> (Thumb, 8 bytes, Stack size 0 bytes, drv_rtc.o(i.drv_rtc_overflow_pending))
<BR><BR>[Stack]<UL><LI>Max Depth = 8<LI>Call Chain = drv_rtc_overflow_pending &rArr; evt_pending
</UL>
<BR>[Calls]<UL><LI><a href="#[e5]">&gt;&gt;</a>&nbsp;&nbsp;&nbsp;evt_pending
</UL>
<BR>[Called By]<UL><LI><a href="#[32]">&gt;&gt;</a>&nbsp;&nbsp;&nbsp;rtc_irq
</UL>

<P><STRONG><a name="[181]"></a>drv_rtc_start</STRONG> (Thumb, 8 bytes, Stack size 0 bytes, drv_rtc.o(i.drv_rtc_start))
<BR><BR>[Called By]<UL><LI><a href="#[17d]">&gt;&gt;</a>&nbsp;&nbsp;&nbsp;rtc_update
</UL>

<P><STRONG><a name="[182]"></a>drv_rtc_stop</STRONG> (Thumb, 8 bytes, Stack size 0 bytes, drv_rtc.o(i.drv_rtc_stop))
<BR><BR>[Called By]<UL><LI><a href="#[17d]">&gt;&gt;</a>&nbsp;&nbsp;&nbsp;rtc_update
</UL>

<P><STRONG><a name="[180]"></a>drv_rtc_windowed_compare_set</STRONG> (Thumb, 134 bytes, Stack size 24 bytes, drv_rtc.o(i.drv_rtc_windowed_compare_set))
<BR><BR>[Stack]<UL><LI>Max Depth = 24<LI>Call Chain = drv_rtc_windowed_compare_set
</UL>
<BR>[Called By]<UL><LI><a href="#[17d]">&gt;&gt;</a>&nbsp;&nbsp;&nbsp;rtc_update
</UL>

<P><STRONG><a name="[bc]"></a>ext_error_get</STRONG> (Thumb, 10 bytes, Stack size 0 bytes, nrf_dfu_handling_error.o(i.ext_error_get))
<BR><BR>[Called By]<UL><LI><a href="#[46]">&gt;&gt;</a>&nbsp;&nbsp;&nbsp;ble_dfu_req_handler_callback
</UL>

<P><STRONG><a name="[bd]"></a>ext_error_set</STRONG> (Thumb, 8 bytes, Stack size 0 bytes, nrf_dfu_handling_error.o(i.ext_error_set))
<BR><BR>[Called By]<UL><LI><a href="#[f4]">&gt;&gt;</a>&nbsp;&nbsp;&nbsp;ext_err_code_handle
<LI><a href="#[46]">&gt;&gt;</a>&nbsp;&nbsp;&nbsp;ble_dfu_req_handler_callback
<LI><a href="#[13e]">&gt;&gt;</a>&nbsp;&nbsp;&nbsp;nrf_dfu_req_handler_init
</UL>

<P><STRONG><a name="[2f]"></a>main</STRONG> (Thumb, 90 bytes, Stack size 8 bytes, main.o(i.main))
<BR><BR>[Stack]<UL><LI>Max Depth = 3128<LI>Call Chain = main &rArr; nrf_bootloader_init &rArr; nrf_dfu_init &rArr; nrf_dfu_req_handler_init &rArr; nrf_dfu_validation_init_cmd_execute &rArr; signature_check &rArr; nrf_crypto_ecdsa_verify &rArr; nrf_crypto_backend_micro_ecc_verify &rArr; uECC_verify &rArr; uECC_vli_modMult &rArr; uECC_vli_mmod &rArr; uECC_vli_set
</UL>
<BR>[Calls]<UL><LI><a href="#[101]">&gt;&gt;</a>&nbsp;&nbsp;&nbsp;nrf_bootloader_init
<LI><a href="#[100]">&gt;&gt;</a>&nbsp;&nbsp;&nbsp;nrf_bootloader_flash_protect
<LI><a href="#[102]">&gt;&gt;</a>&nbsp;&nbsp;&nbsp;nrf_bootloader_app_start
<LI><a href="#[9b]">&gt;&gt;</a>&nbsp;&nbsp;&nbsp;SEGGER_RTT_printf
<LI><a href="#[ac]">&gt;&gt;</a>&nbsp;&nbsp;&nbsp;app_error_handler_bare
</UL>
<BR>[Address Reference Count : 1]<UL><LI> entry9a.o(.ARM.Collect$$$$0000000B)
</UL>
<P><STRONG><a name="[103]"></a>nrf_atfifo_clear</STRONG> (Thumb, 16 bytes, Stack size 8 bytes, nrf_atfifo.o(i.nrf_atfifo_clear))
<BR><BR>[Stack]<UL><LI>Max Depth = 8<LI>Call Chain = nrf_atfifo_clear
</UL>
<BR>[Calls]<UL><LI><a href="#[104]">&gt;&gt;</a>&nbsp;&nbsp;&nbsp;__asm___12_nrf_atfifo_c_51f461e1__nrf_atfifo_space_clear
</UL>
<BR>[Called By]<UL><LI><a href="#[52]">&gt;&gt;</a>&nbsp;&nbsp;&nbsp;uninit
</UL>

<P><STRONG><a name="[af]"></a>nrf_atfifo_init</STRONG> (Thumb, 38 bytes, Stack size 8 bytes, nrf_atfifo.o(i.nrf_atfifo_init))
<BR><BR>[Stack]<UL><LI>Max Depth = 8<LI>Call Chain = nrf_atfifo_init
</UL>
<BR>[Called By]<UL><LI><a href="#[ae]">&gt;&gt;</a>&nbsp;&nbsp;&nbsp;app_timer_init
<LI><a href="#[51]">&gt;&gt;</a>&nbsp;&nbsp;&nbsp;init
</UL>

<P><STRONG><a name="[f0]"></a>nrf_atfifo_item_alloc</STRONG> (Thumb, 22 bytes, Stack size 16 bytes, nrf_atfifo.o(i.nrf_atfifo_item_alloc))
<BR><BR>[Stack]<UL><LI>Max Depth = 16<LI>Call Chain = nrf_atfifo_item_alloc
</UL>
<BR>[Calls]<UL><LI><a href="#[105]">&gt;&gt;</a>&nbsp;&nbsp;&nbsp;__asm___12_nrf_atfifo_c_51f461e1__nrf_atfifo_wspace_req
</UL>
<BR>[Called By]<UL><LI><a href="#[b4]">&gt;&gt;</a>&nbsp;&nbsp;&nbsp;timer_req_schedule
<LI><a href="#[54]">&gt;&gt;</a>&nbsp;&nbsp;&nbsp;write
<LI><a href="#[55]">&gt;&gt;</a>&nbsp;&nbsp;&nbsp;erase
</UL>

<P><STRONG><a name="[106]"></a>nrf_atfifo_item_free</STRONG> (Thumb, 22 bytes, Stack size 8 bytes, nrf_atfifo.o(i.nrf_atfifo_item_free))
<BR><BR>[Stack]<UL><LI>Max Depth = 8<LI>Call Chain = nrf_atfifo_item_free
</UL>
<BR>[Calls]<UL><LI><a href="#[72]">&gt;&gt;</a>&nbsp;&nbsp;&nbsp;__asm___12_nrf_atfifo_c_51f461e1__nrf_atfifo_rspace_close
</UL>
<BR>[Called By]<UL><LI><a href="#[17c]">&gt;&gt;</a>&nbsp;&nbsp;&nbsp;timer_req_process
<LI><a href="#[154]">&gt;&gt;</a>&nbsp;&nbsp;&nbsp;queue_free
</UL>

<P><STRONG><a name="[107]"></a>nrf_atfifo_item_get</STRONG> (Thumb, 22 bytes, Stack size 16 bytes, nrf_atfifo.o(i.nrf_atfifo_item_get))
<BR><BR>[Stack]<UL><LI>Max Depth = 16<LI>Call Chain = nrf_atfifo_item_get
</UL>
<BR>[Calls]<UL><LI><a href="#[108]">&gt;&gt;</a>&nbsp;&nbsp;&nbsp;__asm___12_nrf_atfifo_c_51f461e1__nrf_atfifo_rspace_req
</UL>
<BR>[Called By]<UL><LI><a href="#[17c]">&gt;&gt;</a>&nbsp;&nbsp;&nbsp;timer_req_process
<LI><a href="#[153]">&gt;&gt;</a>&nbsp;&nbsp;&nbsp;queue_process
</UL>

<P><STRONG><a name="[f1]"></a>nrf_atfifo_item_put</STRONG> (Thumb, 22 bytes, Stack size 8 bytes, nrf_atfifo.o(i.nrf_atfifo_item_put))
<BR><BR>[Stack]<UL><LI>Max Depth = 8<LI>Call Chain = nrf_atfifo_item_put
</UL>
<BR>[Calls]<UL><LI><a href="#[71]">&gt;&gt;</a>&nbsp;&nbsp;&nbsp;__asm___12_nrf_atfifo_c_51f461e1__nrf_atfifo_wspace_close
</UL>
<BR>[Called By]<UL><LI><a href="#[b4]">&gt;&gt;</a>&nbsp;&nbsp;&nbsp;timer_req_schedule
<LI><a href="#[54]">&gt;&gt;</a>&nbsp;&nbsp;&nbsp;write
<LI><a href="#[55]">&gt;&gt;</a>&nbsp;&nbsp;&nbsp;erase
</UL>

<P><STRONG><a name="[ee]"></a>nrf_atomic_flag_clear</STRONG> (Thumb, 6 bytes, Stack size 0 bytes, nrf_atomic.o(i.nrf_atomic_flag_clear))
<BR><BR>[Stack]<UL><LI>Max Depth = 8<LI>Call Chain = nrf_atomic_flag_clear &rArr; nrf_atomic_u32_and
</UL>
<BR>[Calls]<UL><LI><a href="#[109]">&gt;&gt;</a>&nbsp;&nbsp;&nbsp;nrf_atomic_u32_and
</UL>
<BR>[Called By]<UL><LI><a href="#[4c]">&gt;&gt;</a>&nbsp;&nbsp;&nbsp;write
<LI><a href="#[4a]">&gt;&gt;</a>&nbsp;&nbsp;&nbsp;uninit
<LI><a href="#[4d]">&gt;&gt;</a>&nbsp;&nbsp;&nbsp;erase
</UL>

<P><STRONG><a name="[ec]"></a>nrf_atomic_flag_set_fetch</STRONG> (Thumb, 6 bytes, Stack size 0 bytes, nrf_atomic.o(i.nrf_atomic_flag_set_fetch))
<BR><BR>[Stack]<UL><LI>Max Depth = 8<LI>Call Chain = nrf_atomic_flag_set_fetch &rArr; nrf_atomic_u32_fetch_or
</UL>
<BR>[Calls]<UL><LI><a href="#[10a]">&gt;&gt;</a>&nbsp;&nbsp;&nbsp;nrf_atomic_u32_fetch_or
</UL>
<BR>[Called By]<UL><LI><a href="#[f2]">&gt;&gt;</a>&nbsp;&nbsp;&nbsp;queue_start
<LI><a href="#[51]">&gt;&gt;</a>&nbsp;&nbsp;&nbsp;init
<LI><a href="#[4c]">&gt;&gt;</a>&nbsp;&nbsp;&nbsp;write
<LI><a href="#[4d]">&gt;&gt;</a>&nbsp;&nbsp;&nbsp;erase
</UL>

<P><STRONG><a name="[109]"></a>nrf_atomic_u32_and</STRONG> (Thumb, 12 bytes, Stack size 8 bytes, nrf_atomic.o(i.nrf_atomic_u32_and))
<BR><BR>[Stack]<UL><LI>Max Depth = 8<LI>Call Chain = nrf_atomic_u32_and
</UL>
<BR>[Calls]<UL><LI><a href="#[10b]">&gt;&gt;</a>&nbsp;&nbsp;&nbsp;__asm___12_nrf_atomic_c_85ca2469__nrf_atomic_internal_and
</UL>
<BR>[Called By]<UL><LI><a href="#[ee]">&gt;&gt;</a>&nbsp;&nbsp;&nbsp;nrf_atomic_flag_clear
</UL>

<P><STRONG><a name="[10a]"></a>nrf_atomic_u32_fetch_or</STRONG> (Thumb, 10 bytes, Stack size 8 bytes, nrf_atomic.o(i.nrf_atomic_u32_fetch_or))
<BR><BR>[Stack]<UL><LI>Max Depth = 8<LI>Call Chain = nrf_atomic_u32_fetch_or
</UL>
<BR>[Calls]<UL><LI><a href="#[10c]">&gt;&gt;</a>&nbsp;&nbsp;&nbsp;__asm___12_nrf_atomic_c_85ca2469__nrf_atomic_internal_orr
</UL>
<BR>[Called By]<UL><LI><a href="#[ec]">&gt;&gt;</a>&nbsp;&nbsp;&nbsp;nrf_atomic_flag_set_fetch
</UL>

<P><STRONG><a name="[cb]"></a>nrf_balloc_alloc</STRONG> (Thumb, 68 bytes, Stack size 16 bytes, nrf_balloc.o(i.nrf_balloc_alloc))
<BR><BR>[Stack]<UL><LI>Max Depth = 28<LI>Call Chain = nrf_balloc_alloc &rArr; app_util_critical_region_enter
</UL>
<BR>[Calls]<UL><LI><a href="#[97]">&gt;&gt;</a>&nbsp;&nbsp;&nbsp;app_util_critical_region_exit
<LI><a href="#[95]">&gt;&gt;</a>&nbsp;&nbsp;&nbsp;app_util_critical_region_enter
</UL>
<BR>[Called By]<UL><LI><a href="#[66]">&gt;&gt;</a>&nbsp;&nbsp;&nbsp;ble_evt_handler
</UL>

<P><STRONG><a name="[cd]"></a>nrf_balloc_free</STRONG> (Thumb, 48 bytes, Stack size 16 bytes, nrf_balloc.o(i.nrf_balloc_free))
<BR><BR>[Stack]<UL><LI>Max Depth = 28<LI>Call Chain = nrf_balloc_free &rArr; app_util_critical_region_enter
</UL>
<BR>[Calls]<UL><LI><a href="#[97]">&gt;&gt;</a>&nbsp;&nbsp;&nbsp;app_util_critical_region_exit
<LI><a href="#[95]">&gt;&gt;</a>&nbsp;&nbsp;&nbsp;app_util_critical_region_enter
</UL>
<BR>[Called By]<UL><LI><a href="#[47]">&gt;&gt;</a>&nbsp;&nbsp;&nbsp;on_flash_write
<LI><a href="#[66]">&gt;&gt;</a>&nbsp;&nbsp;&nbsp;ble_evt_handler
</UL>

<P><STRONG><a name="[c2]"></a>nrf_balloc_init</STRONG> (Thumb, 48 bytes, Stack size 8 bytes, nrf_balloc.o(i.nrf_balloc_init))
<BR><BR>[Stack]<UL><LI>Max Depth = 8<LI>Call Chain = nrf_balloc_init
</UL>
<BR>[Called By]<UL><LI><a href="#[64]">&gt;&gt;</a>&nbsp;&nbsp;&nbsp;ble_dfu_transport_init
</UL>

<P><STRONG><a name="[102]"></a>nrf_bootloader_app_start</STRONG> (Thumb, 44 bytes, Stack size 8 bytes, nrf_bootloader_app_start.o(i.nrf_bootloader_app_start))
<BR><BR>[Stack]<UL><LI>Max Depth = 8<LI>Call Chain = nrf_bootloader_app_start
</UL>
<BR>[Calls]<UL><LI><a href="#[10d]">&gt;&gt;</a>&nbsp;&nbsp;&nbsp;nrf_dfu_mbr_irq_forward_address_set
</UL>
<BR>[Called By]<UL><LI><a href="#[101]">&gt;&gt;</a>&nbsp;&nbsp;&nbsp;nrf_bootloader_init
<LI><a href="#[2f]">&gt;&gt;</a>&nbsp;&nbsp;&nbsp;main
</UL>

<P><STRONG><a name="[10e]"></a>nrf_bootloader_app_start_final</STRONG> (Thumb, 110 bytes, Stack size 48 bytes, nrf_bootloader_app_start_final.o(i.nrf_bootloader_app_start_final), UNUSED)
<BR><BR>[Calls]<UL><LI><a href="#[100]">&gt;&gt;</a>&nbsp;&nbsp;&nbsp;nrf_bootloader_flash_protect
<LI><a href="#[10f]">&gt;&gt;</a>&nbsp;&nbsp;&nbsp;__asm___32_nrf_bootloader_app_start_final_c_c9922886__jump_to_addr
<LI><a href="#[a4]">&gt;&gt;</a>&nbsp;&nbsp;&nbsp;__aeabi_memcpy4
</UL>

<P><STRONG><a name="[e0]"></a>nrf_bootloader_dfu_inactivity_timer_restart</STRONG> (Thumb, 12 bytes, Stack size 0 bytes, nrf_bootloader_dfu_timers.o(i.nrf_bootloader_dfu_inactivity_timer_restart))
<BR><BR>[Stack]<UL><LI>Max Depth = 360<LI>Call Chain = nrf_bootloader_dfu_inactivity_timer_restart &rArr; timer_start &rArr; timer_init &rArr; app_error_handler_bare &rArr; SEGGER_RTT_printf &rArr; SEGGER_RTT_vprintf &rArr; _PrintInt &rArr; _PrintUnsigned &rArr; _StoreChar &rArr; SEGGER_RTT_Write &rArr; SEGGER_RTT_WriteNoLock &rArr; _WriteBlocking
</UL>
<BR>[Calls]<UL><LI><a href="#[110]">&gt;&gt;</a>&nbsp;&nbsp;&nbsp;timer_start
</UL>
<BR>[Called By]<UL><LI><a href="#[36]">&gt;&gt;</a>&nbsp;&nbsp;&nbsp;dfu_observer
<LI><a href="#[101]">&gt;&gt;</a>&nbsp;&nbsp;&nbsp;nrf_bootloader_init
</UL>

<P><STRONG><a name="[100]"></a>nrf_bootloader_flash_protect</STRONG> (Thumb, 96 bytes, Stack size 20 bytes, nrf_bootloader_app_start_final.o(i.nrf_bootloader_flash_protect))
<BR><BR>[Stack]<UL><LI>Max Depth = 20<LI>Call Chain = nrf_bootloader_flash_protect
</UL>
<BR>[Called By]<UL><LI><a href="#[2f]">&gt;&gt;</a>&nbsp;&nbsp;&nbsp;main
<LI><a href="#[10e]">&gt;&gt;</a>&nbsp;&nbsp;&nbsp;nrf_bootloader_app_start_final
</UL>

<P><STRONG><a name="[111]"></a>nrf_bootloader_fw_activate</STRONG> (Thumb, 462 bytes, Stack size 32 bytes, nrf_bootloader_fw_activation.o(i.nrf_bootloader_fw_activate))
[...]
</UL>
<BR>[Calls]<UL><LI><a href="#[ac]">&gt;&gt;</a>&nbsp;&nbsp;&nbsp;app_error_handler_bare
<LI><a href="#[184]">&gt;&gt;</a>&nbsp;&nbsp;&nbsp;sd_nvic_SetPriority
</UL>
<BR>[Called By]<UL><LI><a href="#[c4]">&gt;&gt;</a>&nbsp;&nbsp;&nbsp;nrf_sdh_enable_request
</UL>

<P><STRONG><a name="[69]"></a>nrf_sdh_ble_evts_poll</STRONG> (Thumb, 96 bytes, Stack size 528 bytes, nrf_sdh_ble.o(i.nrf_sdh_ble_evts_poll))
<BR><BR>[Stack]<UL><LI>Max Depth = 856<LI>Call Chain = nrf_sdh_ble_evts_poll &rArr; app_error_handler_bare &rArr; SEGGER_RTT_printf &rArr; SEGGER_RTT_vprintf &rArr; _PrintInt &rArr; _PrintUnsigned &rArr; _StoreChar &rArr; SEGGER_RTT_Write &rArr; SEGGER_RTT_WriteNoLock &rArr; _WriteBlocking
</UL>
<BR>[Calls]<UL><LI><a href="#[ac]">&gt;&gt;</a>&nbsp;&nbsp;&nbsp;app_error_handler_bare
<LI><a href="#[15d]">&gt;&gt;</a>&nbsp;&nbsp;&nbsp;nrf_section_iter_next
<LI><a href="#[15c]">&gt;&gt;</a>&nbsp;&nbsp;&nbsp;nrf_section_iter_init
</UL>
<BR>[Address Reference Count : 1]<UL><LI> nrf_sdh_ble.o(sdh_stack_observers0)
</UL>
<P><STRONG><a name="[15a]"></a>ram_end_address_get</STRONG> (Thumb, 16 bytes, Stack size 0 bytes, nrf_sdh_ble.o(i.ram_end_address_get))
<BR><BR>[Called By]<UL><LI><a href="#[c7]">&gt;&gt;</a>&nbsp;&nbsp;&nbsp;nrf_sdh_ble_enable
</UL>

<P><STRONG><a name="[6a]"></a>nrf_sdh_soc_evts_poll</STRONG> (Thumb, 60 bytes, Stack size 24 bytes, nrf_sdh_soc.o(i.nrf_sdh_soc_evts_poll))
<BR><BR>[Stack]<UL><LI>Max Depth = 352<LI>Call Chain = nrf_sdh_soc_evts_poll &rArr; app_error_handler_bare &rArr; SEGGER_RTT_printf &rArr; SEGGER_RTT_vprintf &rArr; _PrintInt &rArr; _PrintUnsigned &rArr; _StoreChar &rArr; SEGGER_RTT_Write &rArr; SEGGER_RTT_WriteNoLock &rArr; _WriteBlocking
</UL>
<BR>[Calls]<UL><LI><a href="#[ac]">&gt;&gt;</a>&nbsp;&nbsp;&nbsp;app_error_handler_bare
<LI><a href="#[15d]">&gt;&gt;</a>&nbsp;&nbsp;&nbsp;nrf_section_iter_next
<LI><a href="#[15c]">&gt;&gt;</a>&nbsp;&nbsp;&nbsp;nrf_section_iter_init
</UL>
<BR>[Address Reference Count : 1]<UL><LI> nrf_sdh_soc.o(sdh_stack_observers0)
</UL>
<P><STRONG><a name="[3f]"></a>buf_read</STRONG> (Thumb, 28 bytes, Stack size 8 bytes, pb_decode.o(i.buf_read))
<BR><BR>[Stack]<UL><LI>Max Depth = 8<LI>Call Chain = buf_read
</UL>
<BR>[Address Reference Count : 2]<UL><LI> pb_decode.o(i.pb_istream_from_buffer)
<LI> pb_decode.o(i.pb_read)
</UL>
<P><STRONG><a name="[d6]"></a>decode_callback_field</STRONG> (Thumb, 126 bytes, Stack size 72 bytes, pb_decode.o(i.decode_callback_field))
<BR><BR>[Stack]<UL><LI>Max Depth = 128<LI>Call Chain = decode_callback_field &rArr; read_raw_value &rArr; pb_read &rArr;  pb_read (Cycle)
</UL>
<BR>[Calls]<UL><LI><a href="#[d8]">&gt;&gt;</a>&nbsp;&nbsp;&nbsp;pb_istream_from_buffer
<LI><a href="#[d9]">&gt;&gt;</a>&nbsp;&nbsp;&nbsp;pb_skip_field
<LI><a href="#[da]">&gt;&gt;</a>&nbsp;&nbsp;&nbsp;pb_make_string_substream
<LI><a href="#[d7]">&gt;&gt;</a>&nbsp;&nbsp;&nbsp;read_raw_value
</UL>
<BR>[Called By]<UL><LI><a href="#[db]">&gt;&gt;</a>&nbsp;&nbsp;&nbsp;decode_field
</UL>

<P><STRONG><a name="[db]"></a>decode_field</STRONG> (Thumb, 26 bytes, Stack size 0 bytes, pb_decode.o(i.decode_field))
<BR><BR>[Stack]<UL><LI>Max Depth = 128<LI>Call Chain = decode_field &rArr; decode_static_field &rArr; pb_message_set_to_defaults &rArr; pb_field_set_to_default &rArr;  pb_message_set_to_defaults (Cycle)
</UL>
<BR>[Calls]<UL><LI><a href="#[dc]">&gt;&gt;</a>&nbsp;&nbsp;&nbsp;decode_static_field
<LI><a href="#[d6]">&gt;&gt;</a>&nbsp;&nbsp;&nbsp;decode_callback_field
</UL>
<BR>[Called By]<UL><LI><a href="#[16f]">&gt;&gt;</a>&nbsp;&nbsp;&nbsp;pb_decode_noinit
</UL>

<P><STRONG><a name="[dc]"></a>decode_static_field</STRONG> (Thumb, 220 bytes, Stack size 40 bytes, pb_decode.o(i.decode_static_field))
<BR><BR>[Stack]<UL><LI>Max Depth = 128<LI>Call Chain = decode_static_field &rArr; pb_message_set_to_defaults &rArr; pb_field_set_to_default &rArr;  pb_message_set_to_defaults (Cycle)
</UL>
<BR>[Calls]<UL><LI><a href="#[da]">&gt;&gt;</a>&nbsp;&nbsp;&nbsp;pb_make_string_substream
<LI><a href="#[dd]">&gt;&gt;</a>&nbsp;&nbsp;&nbsp;pb_message_set_to_defaults
<LI><a href="#[76]">&gt;&gt;</a>&nbsp;&nbsp;&nbsp;__aeabi_memclr
</UL>
<BR>[Called By]<UL><LI><a href="#[db]">&gt;&gt;</a>&nbsp;&nbsp;&nbsp;decode_field
</UL>

<P><STRONG><a name="[fe]"></a>iter_from_extension</STRONG> (Thumb, 46 bytes, Stack size 16 bytes, pb_decode.o(i.iter_from_extension))
<BR><BR>[Stack]<UL><LI>Max Depth = 16<LI>Call Chain = iter_from_extension
</UL>
<BR>[Calls]<UL><LI><a href="#[ff]">&gt;&gt;</a>&nbsp;&nbsp;&nbsp;pb_field_iter_begin
</UL>
<BR>[Called By]<UL><LI><a href="#[16f]">&gt;&gt;</a>&nbsp;&nbsp;&nbsp;pb_decode_noinit
<LI><a href="#[177]">&gt;&gt;</a>&nbsp;&nbsp;&nbsp;pb_field_set_to_default
</UL>

<P><STRONG><a name="[5e]"></a>pb_dec_bytes</STRONG> (Thumb, 64 bytes, Stack size 24 bytes, pb_decode.o(i.pb_dec_bytes))
<BR><BR>[Stack]<UL><LI>Max Depth = 56<LI>Call Chain = pb_dec_bytes &rArr; pb_read &rArr;  pb_read (Cycle)
</UL>
<BR>[Calls]<UL><LI><a href="#[16c]">&gt;&gt;</a>&nbsp;&nbsp;&nbsp;pb_read
<LI><a href="#[16b]">&gt;&gt;</a>&nbsp;&nbsp;&nbsp;pb_decode_varint32
</UL>
<BR>[Address Reference Count : 1]<UL><LI> pb_decode.o(.constdata)
</UL>
<P><STRONG><a name="[5c]"></a>pb_dec_fixed32</STRONG> (Thumb, 6 bytes, Stack size 0 bytes, pb_decode.o(i.pb_dec_fixed32))
<BR><BR>[Stack]<UL><LI>Max Depth = 48<LI>Call Chain = pb_dec_fixed32 &rArr; pb_decode_fixed32 &rArr; pb_read &rArr;  pb_read (Cycle)
</UL>
<BR>[Calls]<UL><LI><a href="#[16d]">&gt;&gt;</a>&nbsp;&nbsp;&nbsp;pb_decode_fixed32
</UL>
<BR>[Address Reference Count : 1]<UL><LI> pb_decode.o(.constdata)
</UL>
<P><STRONG><a name="[5d]"></a>pb_dec_fixed64</STRONG> (Thumb, 6 bytes, Stack size 0 bytes, pb_decode.o(i.pb_dec_fixed64))
<BR><BR>[Stack]<UL><LI>Max Depth = 48<LI>Call Chain = pb_dec_fixed64 &rArr; pb_decode_fixed64 &rArr; pb_read &rArr;  pb_read (Cycle)
</UL>
<BR>[Calls]<UL><LI><a href="#[16e]">&gt;&gt;</a>&nbsp;&nbsp;&nbsp;pb_decode_fixed64
</UL>
<BR>[Address Reference Count : 1]<UL><LI> pb_decode.o(.constdata)
</UL>
<P><STRONG><a name="[5f]"></a>pb_dec_string</STRONG> (Thumb, 62 bytes, Stack size 24 bytes, pb_decode.o(i.pb_dec_string))
<BR><BR>[Stack]<UL><LI>Max Depth = 56<LI>Call Chain = pb_dec_string &rArr; pb_read &rArr;  pb_read (Cycle)
</UL>
<BR>[Calls]<UL><LI><a href="#[16c]">&gt;&gt;</a>&nbsp;&nbsp;&nbsp;pb_read
<LI><a href="#[16b]">&gt;&gt;</a>&nbsp;&nbsp;&nbsp;pb_decode_varint32
</UL>
<BR>[Address Reference Count : 1]<UL><LI> pb_decode.o(.constdata)
</UL>
<P><STRONG><a name="[60]"></a>pb_dec_submessage</STRONG> (Thumb, 64 bytes, Stack size 40 bytes, pb_decode.o(i.pb_dec_submessage))
<BR><BR>[Stack]<UL><LI>Max Depth = 336<LI>Call Chain = pb_dec_submessage &rArr; pb_decode &rArr; pb_decode_noinit &rArr; decode_field &rArr; decode_static_field &rArr; pb_message_set_to_defaults &rArr; pb_field_set_to_default &rArr;  pb_message_set_to_defaults (Cycle)
</UL>
<BR>[Calls]<UL><LI><a href="#[170]">&gt;&gt;</a>&nbsp;&nbsp;&nbsp;pb_decode
<LI><a href="#[da]">&gt;&gt;</a>&nbsp;&nbsp;&nbsp;pb_make_string_substream
<LI><a href="#[16f]">&gt;&gt;</a>&nbsp;&nbsp;&nbsp;pb_decode_noinit
</UL>
<BR>[Address Reference Count : 1]<UL><LI> pb_decode.o(.constdata)
</UL>
<P><STRONG><a name="[5b]"></a>pb_dec_svarint</STRONG> (Thumb, 88 bytes, Stack size 24 bytes, pb_decode.o(i.pb_dec_svarint))
<BR><BR>[Stack]<UL><LI>Max Depth = 80<LI>Call Chain = pb_dec_svarint &rArr; pb_decode_svarint &rArr; pb_decode_varint &rArr; pb_readbyte
</UL>
<BR>[Calls]<UL><LI><a href="#[171]">&gt;&gt;</a>&nbsp;&nbsp;&nbsp;pb_decode_svarint
</UL>
<BR>[Address Reference Count : 1]<UL><LI> pb_decode.o(.constdata)
</UL>
<P><STRONG><a name="[5a]"></a>pb_dec_uvarint</STRONG> (Thumb, 88 bytes, Stack size 24 bytes, pb_decode.o(i.pb_dec_uvarint))
<BR><BR>[Stack]<UL><LI>Max Depth = 64<LI>Call Chain = pb_dec_uvarint &rArr; pb_decode_varint &rArr; pb_readbyte
</UL>
<BR>[Calls]<UL><LI><a href="#[172]">&gt;&gt;</a>&nbsp;&nbsp;&nbsp;pb_decode_varint
</UL>
<BR>[Address Reference Count : 1]<UL><LI> pb_decode.o(.constdata)
</UL>
<P><STRONG><a name="[59]"></a>pb_dec_varint</STRONG> (Thumb, 90 bytes, Stack size 24 bytes, pb_decode.o(i.pb_dec_varint))
<BR><BR>[Stack]<UL><LI>Max Depth = 64<LI>Call Chain = pb_dec_varint &rArr; pb_decode_varint &rArr; pb_readbyte
</UL>
<BR>[Calls]<UL><LI><a href="#[172]">&gt;&gt;</a>&nbsp;&nbsp;&nbsp;pb_decode_varint
</UL>
<BR>[Address Reference Count : 1]<UL><LI> pb_decode.o(.constdata)
</UL>
<P><STRONG><a name="[16b]"></a>pb_decode_varint32</STRONG> (Thumb, 76 bytes, Stack size 24 bytes, pb_decode.o(i.pb_decode_varint32))
<BR><BR>[Stack]<UL><LI>Max Depth = 32<LI>Call Chain = pb_decode_varint32 &rArr; pb_readbyte
</UL>
<BR>[Calls]<UL><LI><a href="#[176]">&gt;&gt;</a>&nbsp;&nbsp;&nbsp;pb_readbyte
</UL>
<BR>[Called By]<UL><LI><a href="#[d9]">&gt;&gt;</a>&nbsp;&nbsp;&nbsp;pb_skip_field
<LI><a href="#[da]">&gt;&gt;</a>&nbsp;&nbsp;&nbsp;pb_make_string_substream
<LI><a href="#[173]">&gt;&gt;</a>&nbsp;&nbsp;&nbsp;pb_decode_tag
<LI><a href="#[5f]">&gt;&gt;</a>&nbsp;&nbsp;&nbsp;pb_dec_string
<LI><a href="#[5e]">&gt;&gt;</a>&nbsp;&nbsp;&nbsp;pb_dec_bytes
</UL>

<P><STRONG><a name="[177]"></a>pb_field_set_to_default</STRONG> (Thumb, 164 bytes, Stack size 40 bytes, pb_decode.o(i.pb_field_set_to_default))
<BR><BR>[Stack]<UL><LI>Max Depth = 56 + In Cycle
<LI>Call Chain = pb_field_set_to_default &rArr;  pb_message_set_to_defaults (Cycle)
</UL>
<BR>[Calls]<UL><LI><a href="#[dd]">&gt;&gt;</a>&nbsp;&nbsp;&nbsp;pb_message_set_to_defaults
<LI><a href="#[177]">&gt;&gt;</a>&nbsp;&nbsp;&nbsp;pb_field_set_to_default
<LI><a href="#[fe]">&gt;&gt;</a>&nbsp;&nbsp;&nbsp;iter_from_extension
<LI><a href="#[76]">&gt;&gt;</a>&nbsp;&nbsp;&nbsp;__aeabi_memclr
<LI><a href="#[a2]">&gt;&gt;</a>&nbsp;&nbsp;&nbsp;__aeabi_memcpy
</UL>
<BR>[Called By]<UL><LI><a href="#[dd]">&gt;&gt;</a>&nbsp;&nbsp;&nbsp;pb_message_set_to_defaults
<LI><a href="#[177]">&gt;&gt;</a>&nbsp;&nbsp;&nbsp;pb_field_set_to_default
</UL>

<P><STRONG><a name="[dd]"></a>pb_message_set_to_defaults</STRONG> (Thumb, 38 bytes, Stack size 32 bytes, pb_decode.o(i.pb_message_set_to_defaults))
<BR><BR>[Stack]<UL><LI>Max Depth = 88<LI>Call Chain = pb_message_set_to_defaults &rArr; pb_field_set_to_default &rArr;  pb_message_set_to_defaults (Cycle)
</UL>
<BR>[Calls]<UL><LI><a href="#[175]">&gt;&gt;</a>&nbsp;&nbsp;&nbsp;pb_field_iter_next
<LI><a href="#[ff]">&gt;&gt;</a>&nbsp;&nbsp;&nbsp;pb_field_iter_begin
<LI><a href="#[177]">&gt;&gt;</a>&nbsp;&nbsp;&nbsp;pb_field_set_to_default
</UL>
<BR>[Called By]<UL><LI><a href="#[170]">&gt;&gt;</a>&nbsp;&nbsp;&nbsp;pb_decode
<LI><a href="#[177]">&gt;&gt;</a>&nbsp;&nbsp;&nbsp;pb_field_set_to_default
<LI><a href="#[dc]">&gt;&gt;</a>&nbsp;&nbsp;&nbsp;decode_static_field
</UL>

<P><STRONG><a name="[176]"></a>pb_readbyte</STRONG> (Thumb, 32 bytes, Stack size 8 bytes, pb_decode.o(i.pb_readbyte))
<BR><BR>[Stack]<UL><LI>Max Depth = 8<LI>Call Chain = pb_readbyte
</UL>
<BR>[Called By]<UL><LI><a href="#[172]">&gt;&gt;</a>&nbsp;&nbsp;&nbsp;pb_decode_varint
<LI><a href="#[16b]">&gt;&gt;</a>&nbsp;&nbsp;&nbsp;pb_decode_varint32
</UL>

<P><STRONG><a name="[d7]"></a>read_raw_value</STRONG> (Thumb, 98 bytes, Stack size 24 bytes, pb_decode.o(i.read_raw_value))
<BR><BR>[Stack]<UL><LI>Max Depth = 56<LI>Call Chain = read_raw_value &rArr; pb_read &rArr;  pb_read (Cycle)
</UL>
<BR>[Calls]<UL><LI><a href="#[16c]">&gt;&gt;</a>&nbsp;&nbsp;&nbsp;pb_read
</UL>
<BR>[Called By]<UL><LI><a href="#[d6]">&gt;&gt;</a>&nbsp;&nbsp;&nbsp;decode_callback_field
</UL>

<P><STRONG><a name="[94]"></a>_DoInit</STRONG> (Thumb, 76 bytes, Stack size 8 bytes, segger_rtt.o(i._DoInit))
<BR><BR>[Stack]<UL><LI>Max Depth = 8<LI>Call Chain = _DoInit
</UL>
<BR>[Calls]<UL><LI><a href="#[a1]">&gt;&gt;</a>&nbsp;&nbsp;&nbsp;strcpy
</UL>
<BR>[Called By]<UL><LI><a href="#[93]">&gt;&gt;</a>&nbsp;&nbsp;&nbsp;SEGGER_RTT_Write
</UL>

<P><STRONG><a name="[98]"></a>_GetAvailWriteSpace</STRONG> (Thumb, 22 bytes, Stack size 0 bytes, segger_rtt.o(i._GetAvailWriteSpace))
<BR><BR>[Called By]<UL><LI><a href="#[96]">&gt;&gt;</a>&nbsp;&nbsp;&nbsp;SEGGER_RTT_WriteNoLock
</UL>

<P><STRONG><a name="[9a]"></a>_WriteBlocking</STRONG> (Thumb, 90 bytes, Stack size 32 bytes, segger_rtt.o(i._WriteBlocking))
<BR><BR>[Stack]<UL><LI>Max Depth = 32<LI>Call Chain = _WriteBlocking
</UL>
<BR>[Calls]<UL><LI><a href="#[a2]">&gt;&gt;</a>&nbsp;&nbsp;&nbsp;__aeabi_memcpy
</UL>
<BR>[Called By]<UL><LI><a href="#[96]">&gt;&gt;</a>&nbsp;&nbsp;&nbsp;SEGGER_RTT_WriteNoLock
</UL>

<P><STRONG><a name="[99]"></a>_WriteNoCheck</STRONG> (Thumb, 66 bytes, Stack size 24 bytes, segger_rtt.o(i._WriteNoCheck))
<BR><BR>[Stack]<UL><LI>Max Depth = 24<LI>Call Chain = _WriteNoCheck
</UL>
<BR>[Calls]<UL><LI><a href="#[a2]">&gt;&gt;</a>&nbsp;&nbsp;&nbsp;__aeabi_memcpy
</UL>
<BR>[Called By]<UL><LI><a href="#[96]">&gt;&gt;</a>&nbsp;&nbsp;&nbsp;SEGGER_RTT_WriteNoLock
</UL>

<P><STRONG><a name="[9e]"></a>_PrintInt</STRONG> (Thumb, 198 bytes, Stack size 48 bytes, segger_rtt_printf.o(i._PrintInt))
<BR><BR>[Stack]<UL><LI>Max Depth = 168<LI>Call Chain = _PrintInt &rArr; _PrintUnsigned &rArr; _StoreChar &rArr; SEGGER_RTT_Write &rArr; SEGGER_RTT_WriteNoLock &rArr; _WriteBlocking
</UL>
<BR>[Calls]<UL><LI><a href="#[9d]">&gt;&gt;</a>&nbsp;&nbsp;&nbsp;_StoreChar
<LI><a href="#[9f]">&gt;&gt;</a>&nbsp;&nbsp;&nbsp;_PrintUnsigned
</UL>
<BR>[Called By]<UL><LI><a href="#[9c]">&gt;&gt;</a>&nbsp;&nbsp;&nbsp;SEGGER_RTT_vprintf
</UL>

<P><STRONG><a name="[9f]"></a>_PrintUnsigned</STRONG> (Thumb, 206 bytes, Stack size 40 bytes, segger_rtt_printf.o(i._PrintUnsigned))
<BR><BR>[Stack]<UL><LI>Max Depth = 120<LI>Call Chain = _PrintUnsigned &rArr; _StoreChar &rArr; SEGGER_RTT_Write &rArr; SEGGER_RTT_WriteNoLock &rArr; _WriteBlocking
</UL>
<BR>[Calls]<UL><LI><a href="#[9d]">&gt;&gt;</a>&nbsp;&nbsp;&nbsp;_StoreChar
</UL>
<BR>[Called By]<UL><LI><a href="#[9c]">&gt;&gt;</a>&nbsp;&nbsp;&nbsp;SEGGER_RTT_vprintf
<LI><a href="#[9e]">&gt;&gt;</a>&nbsp;&nbsp;&nbsp;_PrintInt
</UL>

<P><STRONG><a name="[9d]"></a>_StoreChar</STRONG> (Thumb, 62 bytes, Stack size 8 bytes, segger_rtt_printf.o(i._StoreChar))
<BR><BR>[Stack]<UL><LI>Max Depth = 80<LI>Call Chain = _StoreChar &rArr; SEGGER_RTT_Write &rArr; SEGGER_RTT_WriteNoLock &rArr; _WriteBlocking
</UL>
<BR>[Calls]<UL><LI><a href="#[93]">&gt;&gt;</a>&nbsp;&nbsp;&nbsp;SEGGER_RTT_Write
</UL>
<BR>[Called By]<UL><LI><a href="#[9c]">&gt;&gt;</a>&nbsp;&nbsp;&nbsp;SEGGER_RTT_vprintf
<LI><a href="#[9f]">&gt;&gt;</a>&nbsp;&nbsp;&nbsp;_PrintUnsigned
<LI><a href="#[9e]">&gt;&gt;</a>&nbsp;&nbsp;&nbsp;_PrintInt
</UL>

<P><STRONG><a name="[82]"></a>bcopy</STRONG> (Thumb, 20 bytes, Stack size 0 bytes, uECC.c.o(.text.bcopy))
<BR><BR>[Called By]<UL><LI><a href="#[89]">&gt;&gt;</a>&nbsp;&nbsp;&nbsp;uECC_verify
<LI><a href="#[80]">&gt;&gt;</a>&nbsp;&nbsp;&nbsp;bits2int
</UL>

<P><STRONG><a name="[83]"></a>uECC_vli_cmp_unsafe</STRONG> (Thumb, 42 bytes, Stack size 32 bytes, uECC.c.o(.text.uECC_vli_cmp_unsafe))
<BR><BR>[Stack]<UL><LI>Max Depth = 32<LI>Call Chain = uECC_vli_cmp_unsafe
</UL>
<BR>[Called By]<UL><LI><a href="#[89]">&gt;&gt;</a>&nbsp;&nbsp;&nbsp;uECC_verify
<LI><a href="#[63]">&gt;&gt;</a>&nbsp;&nbsp;&nbsp;vli_mmod_fast_secp256r1
<LI><a href="#[80]">&gt;&gt;</a>&nbsp;&nbsp;&nbsp;bits2int
<LI><a href="#[8a]">&gt;&gt;</a>&nbsp;&nbsp;&nbsp;uECC_vli_modInv
<LI><a href="#[86]">&gt;&gt;</a>&nbsp;&nbsp;&nbsp;uECC_vli_modAdd
</UL>

<P><STRONG><a name="[80]"></a>bits2int</STRONG> (Thumb, 134 bytes, Stack size 128 bytes, uECC.c.o(.text.bits2int))
<BR><BR>[Stack]<UL><LI>Max Depth = 192<LI>Call Chain = bits2int &rArr; uECC_vli_sub
</UL>
<BR>[Calls]<UL><LI><a href="#[83]">&gt;&gt;</a>&nbsp;&nbsp;&nbsp;uECC_vli_cmp_unsafe
<LI><a href="#[82]">&gt;&gt;</a>&nbsp;&nbsp;&nbsp;bcopy
<LI><a href="#[81]">&gt;&gt;</a>&nbsp;&nbsp;&nbsp;uECC_vli_clear
<LI><a href="#[84]">&gt;&gt;</a>&nbsp;&nbsp;&nbsp;uECC_vli_sub
</UL>
<BR>[Called By]<UL><LI><a href="#[89]">&gt;&gt;</a>&nbsp;&nbsp;&nbsp;uECC_verify
</UL>

<P><STRONG><a name="[63]"></a>vli_mmod_fast_secp256r1</STRONG> (Thumb, 428 bytes, Stack size 224 bytes, uECC.c.o(.text.vli_mmod_fast_secp256r1))
<BR><BR>[Stack]<UL><LI>Max Depth = 288<LI>Call Chain = vli_mmod_fast_secp256r1 &rArr; uECC_vli_sub
</UL>
<BR>[Calls]<UL><LI><a href="#[83]">&gt;&gt;</a>&nbsp;&nbsp;&nbsp;uECC_vli_cmp_unsafe
<LI><a href="#[7e]">&gt;&gt;</a>&nbsp;&nbsp;&nbsp;uECC_vli_set
<LI><a href="#[84]">&gt;&gt;</a>&nbsp;&nbsp;&nbsp;uECC_vli_sub
<LI><a href="#[87]">&gt;&gt;</a>&nbsp;&nbsp;&nbsp;uECC_vli_add
</UL>
<BR>[Address Reference Count : 1]<UL><LI> uECC.c.o(.rodata.curve_secp256r1)
</UL>
<P><STRONG><a name="[90]"></a>vli_modInv_update</STRONG> (Thumb, 56 bytes, Stack size 64 bytes, uECC.c.o(.text.vli_modInv_update))
<BR><BR>[Stack]<UL><LI>Max Depth = 128<LI>Call Chain = vli_modInv_update &rArr; uECC_vli_add
</UL>
<BR>[Calls]<UL><LI><a href="#[88]">&gt;&gt;</a>&nbsp;&nbsp;&nbsp;uECC_vli_rshift1
<LI><a href="#[87]">&gt;&gt;</a>&nbsp;&nbsp;&nbsp;uECC_vli_add
</UL>
<BR>[Called By]<UL><LI><a href="#[8a]">&gt;&gt;</a>&nbsp;&nbsp;&nbsp;uECC_vli_modInv
</UL>

<P><STRONG><a name="[62]"></a>x_side_default</STRONG> (Thumb, 98 bytes, Stack size 288 bytes, uECC.c.o(.text.x_side_default))
<BR><BR>[Stack]<UL><LI>Max Depth = 752<LI>Call Chain = x_side_default &rArr; uECC_vli_modSquare_fast &rArr; uECC_vli_square
</UL>
<BR>[Calls]<UL><LI><a href="#[78]">&gt;&gt;</a>&nbsp;&nbsp;&nbsp;memset
<LI><a href="#[7c]">&gt;&gt;</a>&nbsp;&nbsp;&nbsp;uECC_vli_modSquare_fast
<LI><a href="#[7d]">&gt;&gt;</a>&nbsp;&nbsp;&nbsp;uECC_vli_modMult_fast
<LI><a href="#[7b]">&gt;&gt;</a>&nbsp;&nbsp;&nbsp;uECC_vli_modSub
<LI><a href="#[86]">&gt;&gt;</a>&nbsp;&nbsp;&nbsp;uECC_vli_modAdd
</UL>
<BR>[Address Reference Count : 1]<UL><LI> uECC.c.o(.rodata.curve_secp256r1)
</UL>
<P><STRONG><a name="[61]"></a>double_jacobian_default</STRONG> (Thumb, 338 bytes, Stack size 416 bytes, uECC.c.o(.text.double_jacobian_default))
<BR><BR>[Stack]<UL><LI>Max Depth = 880<LI>Call Chain = double_jacobian_default &rArr; uECC_vli_modSquare_fast &rArr; uECC_vli_square
</UL>
<BR>[Calls]<UL><LI><a href="#[7c]">&gt;&gt;</a>&nbsp;&nbsp;&nbsp;uECC_vli_modSquare_fast
<LI><a href="#[7d]">&gt;&gt;</a>&nbsp;&nbsp;&nbsp;uECC_vli_modMult_fast
<LI><a href="#[7b]">&gt;&gt;</a>&nbsp;&nbsp;&nbsp;uECC_vli_modSub
<LI><a href="#[86]">&gt;&gt;</a>&nbsp;&nbsp;&nbsp;uECC_vli_modAdd
<LI><a href="#[88]">&gt;&gt;</a>&nbsp;&nbsp;&nbsp;uECC_vli_rshift1
<LI><a href="#[7e]">&gt;&gt;</a>&nbsp;&nbsp;&nbsp;uECC_vli_set
<LI><a href="#[85]">&gt;&gt;</a>&nbsp;&nbsp;&nbsp;uECC_vli_isZero
<LI><a href="#[87]">&gt;&gt;</a>&nbsp;&nbsp;&nbsp;uECC_vli_add
</UL>
<BR>[Address Reference Count : 1]<UL><LI> uECC.c.o(.rodata.curve_secp256r1)
</UL>
<P><STRONG><a name="[7a]"></a>XYcZ_add</STRONG> (Thumb, 202 bytes, Stack size 288 bytes, uECC.c.o(.text.XYcZ_add))
<BR><BR>[Stack]<UL><LI>Max Depth = 752<LI>Call Chain = XYcZ_add &rArr; uECC_vli_modSquare_fast &rArr; uECC_vli_square
</UL>
<BR>[Calls]<UL><LI><a href="#[7c]">&gt;&gt;</a>&nbsp;&nbsp;&nbsp;uECC_vli_modSquare_fast
<LI><a href="#[7d]">&gt;&gt;</a>&nbsp;&nbsp;&nbsp;uECC_vli_modMult_fast
<LI><a href="#[7b]">&gt;&gt;</a>&nbsp;&nbsp;&nbsp;uECC_vli_modSub
<LI><a href="#[7e]">&gt;&gt;</a>&nbsp;&nbsp;&nbsp;uECC_vli_set
</UL>
<BR>[Called By]<UL><LI><a href="#[89]">&gt;&gt;</a>&nbsp;&nbsp;&nbsp;uECC_verify
</UL>

<P><STRONG><a name="[7f]"></a>apply_z</STRONG> (Thumb, 62 bytes, Stack size 224 bytes, uECC.c.o(.text.apply_z))
<BR><BR>[Stack]<UL><LI>Max Depth = 688<LI>Call Chain = apply_z &rArr; uECC_vli_modSquare_fast &rArr; uECC_vli_square
</UL>
<BR>[Calls]<UL><LI><a href="#[7c]">&gt;&gt;</a>&nbsp;&nbsp;&nbsp;uECC_vli_modSquare_fast
<LI><a href="#[7d]">&gt;&gt;</a>&nbsp;&nbsp;&nbsp;uECC_vli_modMult_fast
</UL>
<BR>[Called By]<UL><LI><a href="#[89]">&gt;&gt;</a>&nbsp;&nbsp;&nbsp;uECC_verify
</UL>
<P>
<H3>
Undefined Global Symbols
</H3><HR></body></html>
